Archive member included to satisfy reference by file (symbol)

c:/program files (x86)/atollic/truestudio for stm32 9.3.0/armtools/bin/../lib/gcc/arm-atollic-eabi/6.3.1/../../../../arm-atollic-eabi/lib/armv7e-m/fpu\libm.a(lib_a-w_pow.o)
                              Src\main.o (pow)
c:/program files (x86)/atollic/truestudio for stm32 9.3.0/armtools/bin/../lib/gcc/arm-atollic-eabi/6.3.1/../../../../arm-atollic-eabi/lib/armv7e-m/fpu\libm.a(lib_a-e_pow.o)
                              c:/program files (x86)/atollic/truestudio for stm32 9.3.0/armtools/bin/../lib/gcc/arm-atollic-eabi/6.3.1/../../../../arm-atollic-eabi/lib/armv7e-m/fpu\libm.a(lib_a-w_pow.o) (__ieee754_pow)
c:/program files (x86)/atollic/truestudio for stm32 9.3.0/armtools/bin/../lib/gcc/arm-atollic-eabi/6.3.1/../../../../arm-atollic-eabi/lib/armv7e-m/fpu\libm.a(lib_a-e_sqrt.o)
                              c:/program files (x86)/atollic/truestudio for stm32 9.3.0/armtools/bin/../lib/gcc/arm-atollic-eabi/6.3.1/../../../../arm-atollic-eabi/lib/armv7e-m/fpu\libm.a(lib_a-e_pow.o) (__ieee754_sqrt)
c:/program files (x86)/atollic/truestudio for stm32 9.3.0/armtools/bin/../lib/gcc/arm-atollic-eabi/6.3.1/../../../../arm-atollic-eabi/lib/armv7e-m/fpu\libm.a(lib_a-s_fabs.o)
                              c:/program files (x86)/atollic/truestudio for stm32 9.3.0/armtools/bin/../lib/gcc/arm-atollic-eabi/6.3.1/../../../../arm-atollic-eabi/lib/armv7e-m/fpu\libm.a(lib_a-e_pow.o) (fabs)
c:/program files (x86)/atollic/truestudio for stm32 9.3.0/armtools/bin/../lib/gcc/arm-atollic-eabi/6.3.1/../../../../arm-atollic-eabi/lib/armv7e-m/fpu\libm.a(lib_a-s_finite.o)
                              c:/program files (x86)/atollic/truestudio for stm32 9.3.0/armtools/bin/../lib/gcc/arm-atollic-eabi/6.3.1/../../../../arm-atollic-eabi/lib/armv7e-m/fpu\libm.a(lib_a-w_pow.o) (finite)
c:/program files (x86)/atollic/truestudio for stm32 9.3.0/armtools/bin/../lib/gcc/arm-atollic-eabi/6.3.1/../../../../arm-atollic-eabi/lib/armv7e-m/fpu\libm.a(lib_a-s_lib_ver.o)
                              c:/program files (x86)/atollic/truestudio for stm32 9.3.0/armtools/bin/../lib/gcc/arm-atollic-eabi/6.3.1/../../../../arm-atollic-eabi/lib/armv7e-m/fpu\libm.a(lib_a-w_pow.o) (__fdlib_version)
c:/program files (x86)/atollic/truestudio for stm32 9.3.0/armtools/bin/../lib/gcc/arm-atollic-eabi/6.3.1/../../../../arm-atollic-eabi/lib/armv7e-m/fpu\libm.a(lib_a-s_matherr.o)
                              c:/program files (x86)/atollic/truestudio for stm32 9.3.0/armtools/bin/../lib/gcc/arm-atollic-eabi/6.3.1/../../../../arm-atollic-eabi/lib/armv7e-m/fpu\libm.a(lib_a-w_pow.o) (matherr)
c:/program files (x86)/atollic/truestudio for stm32 9.3.0/armtools/bin/../lib/gcc/arm-atollic-eabi/6.3.1/../../../../arm-atollic-eabi/lib/armv7e-m/fpu\libm.a(lib_a-s_nan.o)
                              c:/program files (x86)/atollic/truestudio for stm32 9.3.0/armtools/bin/../lib/gcc/arm-atollic-eabi/6.3.1/../../../../arm-atollic-eabi/lib/armv7e-m/fpu\libm.a(lib_a-e_pow.o) (nan)
c:/program files (x86)/atollic/truestudio for stm32 9.3.0/armtools/bin/../lib/gcc/arm-atollic-eabi/6.3.1/../../../../arm-atollic-eabi/lib/armv7e-m/fpu\libm.a(lib_a-s_rint.o)
                              c:/program files (x86)/atollic/truestudio for stm32 9.3.0/armtools/bin/../lib/gcc/arm-atollic-eabi/6.3.1/../../../../arm-atollic-eabi/lib/armv7e-m/fpu\libm.a(lib_a-w_pow.o) (rint)
c:/program files (x86)/atollic/truestudio for stm32 9.3.0/armtools/bin/../lib/gcc/arm-atollic-eabi/6.3.1/../../../../arm-atollic-eabi/lib/armv7e-m/fpu\libm.a(lib_a-s_scalbn.o)
                              c:/program files (x86)/atollic/truestudio for stm32 9.3.0/armtools/bin/../lib/gcc/arm-atollic-eabi/6.3.1/../../../../arm-atollic-eabi/lib/armv7e-m/fpu\libm.a(lib_a-e_pow.o) (scalbn)
c:/program files (x86)/atollic/truestudio for stm32 9.3.0/armtools/bin/../lib/gcc/arm-atollic-eabi/6.3.1/../../../../arm-atollic-eabi/lib/armv7e-m/fpu\libm.a(lib_a-s_copysign.o)
                              c:/program files (x86)/atollic/truestudio for stm32 9.3.0/armtools/bin/../lib/gcc/arm-atollic-eabi/6.3.1/../../../../arm-atollic-eabi/lib/armv7e-m/fpu\libm.a(lib_a-s_scalbn.o) (copysign)
c:/program files (x86)/atollic/truestudio for stm32 9.3.0/armtools/bin/../lib/gcc/arm-atollic-eabi/6.3.1/../../../../arm-atollic-eabi/lib/armv7e-m/fpu\libc.a(lib_a-errno.o)
                              Src\syscalls.o (__errno)
c:/program files (x86)/atollic/truestudio for stm32 9.3.0/armtools/bin/../lib/gcc/arm-atollic-eabi/6.3.1/../../../../arm-atollic-eabi/lib/armv7e-m/fpu\libc.a(lib_a-fflush.o)
                              Src\sample_service.o (fflush)
c:/program files (x86)/atollic/truestudio for stm32 9.3.0/armtools/bin/../lib/gcc/arm-atollic-eabi/6.3.1/../../../../arm-atollic-eabi/lib/armv7e-m/fpu\libc.a(lib_a-findfp.o)
[...]
Memory Configuration

Name             Origin             Length             Attributes
RAM              0x20000000         0x00018000         xrw
RAM2             0x10000000         0x00008000         xrw
FLASH            0x08000000         0x00100000         xr
*default*        0x00000000         0xffffffff

Linker script and memory map

LOAD c:/program files (x86)/atollic/truestudio for stm32 9.3.0/armtools/bin/../lib/gcc/arm-atollic-eabi/6.3.1/armv7e-m/fpu/crti.o
LOAD c:/program files (x86)/atollic/truestudio for stm32 9.3.0/armtools/bin/../lib/gcc/arm-atollic-eabi/6.3.1/armv7e-m/fpu/crtbegin.o
LOAD Drivers\STM32L4xx_HAL_Driver\stm32l4xx_hal.o
LOAD Drivers\STM32L4xx_HAL_Driver\stm32l4xx_hal_cortex.o
LOAD Drivers\STM32L4xx_HAL_Driver\stm32l4xx_hal_dma.o
LOAD Drivers\STM32L4xx_HAL_Driver\stm32l4xx_hal_dma_ex.o
LOAD Drivers\STM32L4xx_HAL_Driver\stm32l4xx_hal_exti.o
LOAD Drivers\STM32L4xx_HAL_Driver\stm32l4xx_hal_flash.o
LOAD Drivers\STM32L4xx_HAL_Driver\stm32l4xx_hal_flash_ex.o
LOAD Drivers\STM32L4xx_HAL_Driver\stm32l4xx_hal_flash_ramfunc.o
LOAD Drivers\STM32L4xx_HAL_Driver\stm32l4xx_hal_gpio.o
LOAD Drivers\STM32L4xx_HAL_Driver\stm32l4xx_hal_i2c.o
LOAD Drivers\STM32L4xx_HAL_Driver\stm32l4xx_hal_i2c_ex.o
LOAD Drivers\STM32L4xx_HAL_Driver\stm32l4xx_hal_pwr.o
LOAD Drivers\STM32L4xx_HAL_Driver\stm32l4xx_hal_pwr_ex.o
LOAD Drivers\STM32L4xx_HAL_Driver\stm32l4xx_hal_rcc.o
LOAD Drivers\STM32L4xx_HAL_Driver\stm32l4xx_hal_rcc_ex.o
LOAD Drivers\STM32L4xx_HAL_Driver\stm32l4xx_hal_spi.o
LOAD Drivers\STM32L4xx_HAL_Driver\stm32l4xx_hal_spi_ex.o
LOAD Drivers\STM32L4xx_HAL_Driver\stm32l4xx_hal_tim.o
LOAD Drivers\STM32L4xx_HAL_Driver\stm32l4xx_hal_tim_ex.o
LOAD Drivers\STM32L4xx_HAL_Driver\stm32l4xx_hal_uart.o
LOAD Drivers\STM32L4xx_HAL_Driver\stm32l4xx_hal_uart_ex.o
LOAD Middlewares\BlueNRG-MS\Wireless\Controller\bluenrg_gap_aci.o
LOAD Middlewares\BlueNRG-MS\Wireless\Controller\bluenrg_gatt_aci.o
LOAD Middlewares\BlueNRG-MS\Wireless\Controller\bluenrg_hal_aci.o
LOAD Middlewares\BlueNRG-MS\Wireless\Controller\bluenrg_l2cap_aci.o
LOAD Middlewares\BlueNRG-MS\Wireless\Controller\bluenrg_updater_aci.o
LOAD Middlewares\BlueNRG-MS\Wireless\Controller\bluenrg_utils_small.o
LOAD Middlewares\BlueNRG-MS\Wireless\HCI_TL\Basic\hci_le.o
LOAD Middlewares\BlueNRG-MS\Wireless\HCI_TL\Basic\hci_tl.o
LOAD Middlewares\BlueNRG-MS\Wireless\Utils\ble_list.o
LOAD Middlewares\FreeRTOS\cmsis_os.o
LOAD Middlewares\FreeRTOS\croutine.o
LOAD Middlewares\FreeRTOS\event_groups.o
LOAD Middlewares\FreeRTOS\heap_4.o
LOAD Middlewares\FreeRTOS\list.o
LOAD Middlewares\FreeRTOS\port.o
LOAD Middlewares\FreeRTOS\queue.o
LOAD Middlewares\FreeRTOS\stream_buffer.o
LOAD Middlewares\FreeRTOS\tasks.o
LOAD Middlewares\FreeRTOS\timers.o
LOAD Src\app_x-cube-ble1.o
LOAD Src\freertos.o
LOAD Src\hci_tl_interface.o
LOAD Src\main.o
LOAD Src\sample_service.o
LOAD Src\stm32l4xx_hal_msp.o
LOAD Src\stm32l4xx_hal_timebase_tim.o
LOAD Src\stm32l4xx_it.o
LOAD Src\stm32l4xx_nucleo.o
LOAD Src\stm32l4xx_nucleo_bus.o
LOAD Src\syscalls.o
LOAD Src\system_stm32l4xx.o
LOAD startup\startup_stm32l476xx.o
                0x00001000                malloc_getpagesize_P = 0x1000
START GROUP
LOAD c:/program files (x86)/atollic/truestudio for stm32 9.3.0/armtools/bin/../lib/gcc/arm-atollic-eabi/6.3.1/../../../../arm-atollic-eabi/lib/armv7e-m/fpu\libstdc++.a
LOAD c:/program files (x86)/atollic/truestudio for stm32 9.3.0/armtools/bin/../lib/gcc/arm-atollic-eabi/6.3.1/../../../../arm-atollic-eabi/lib/armv7e-m/fpu\libsupc++.a
END GROUP
LOAD c:/program files (x86)/atollic/truestudio for stm32 9.3.0/armtools/bin/../lib/gcc/arm-atollic-eabi/6.3.1/../../../../arm-atollic-eabi/lib/armv7e-m/fpu\libstdc++.a
LOAD c:/program files (x86)/atollic/truestudio for stm32 9.3.0/armtools/bin/../lib/gcc/arm-atollic-eabi/6.3.1/../../../../arm-atollic-eabi/lib/armv7e-m/fpu\libm.a
LOAD c:/program files (x86)/atollic/truestudio for stm32 9.3.0/armtools/bin/../lib/gcc/arm-atollic-eabi/6.3.1/../../../../arm-atollic-eabi/lib/armv7e-m/fpu\libc.a
START GROUP
LOAD c:/program files (x86)/atollic/truestudio for stm32 9.3.0/armtools/bin/../lib/gcc/arm-atollic-eabi/6.3.1/armv7e-m/fpu\libgcc.a
LOAD c:/program files (x86)/atollic/truestudio for stm32 9.3.0/armtools/bin/../lib/gcc/arm-atollic-eabi/6.3.1/../../../../arm-atollic-eabi/lib/armv7e-m/fpu\libc.a
END GROUP
START GROUP
LOAD c:/program files (x86)/atollic/truestudio for stm32 9.3.0/armtools/bin/../lib/gcc/arm-atollic-eabi/6.3.1/armv7e-m/fpu\libgcc.a
LOAD c:/program files (x86)/atollic/truestudio for stm32 9.3.0/armtools/bin/../lib/gcc/arm-atollic-eabi/6.3.1/../../../../arm-atollic-eabi/lib/armv7e-m/fpu\libc.a
LOAD c:/program files (x86)/atollic/truestudio for stm32 9.3.0/armtools/bin/../lib/gcc/arm-atollic-eabi/6.3.1/../../../../arm-atollic-eabi/lib/armv7e-m/fpu\libnosys.a
END GROUP
LOAD c:/program files (x86)/atollic/truestudio for stm32 9.3.0/armtools/bin/../lib/gcc/arm-atollic-eabi/6.3.1/armv7e-m/fpu/crtend.o
LOAD c:/program files (x86)/atollic/truestudio for stm32 9.3.0/armtools/bin/../lib/gcc/arm-atollic-eabi/6.3.1/armv7e-m/fpu/crtn.o
                0x20018000                _estack = 0x20018000
                0x00001000                _Min_Heap_Size = 0x1000
                0x00000400                _Min_Stack_Size = 0x400

.isr_vector     0x08000000      0x188
                0x08000000                . = ALIGN (0x4)
 *(.isr_vector)
 .isr_vector    0x08000000      0x188 startup\startup_stm32l476xx.o
                0x08000000                g_pfnVectors
                0x08000188                . = ALIGN (0x4)

.text           0x08000190     0xe438
                0x08000190                . = ALIGN (0x4)
 *(.text)
 .text          0x08000190       0x40 c:/program files (x86)/atollic/truestudio for stm32 9.3.0/armtools/bin/../lib/gcc/arm-atollic-eabi/6.3.1/armv7e-m/fpu/crtbegin.o
 .text          0x080001d0       0x14 c:/program files (x86)/atollic/truestudio for stm32 9.3.0/armtools/bin/../lib/gcc/arm-atollic-eabi/6.3.1/../../../../arm-atollic-eabi/lib/armv7e-m/fpu\libc.a(lib_a-strcmp.o)
                0x080001d0                strcmp
 .text          0x080001e4       0x10 c:/program files (x86)/atollic/truestudio for stm32 9.3.0/armtools/bin/../lib/gcc/arm-atollic-eabi/6.3.1/../../../../arm-atollic-eabi/lib/armv7e-m/fpu\libc.a(lib_a-strlen.o)
                0x080001e4                strlen
 *fill*         0x080001f4        0xc 
 .text          0x08000200       0xa0 c:/program files (x86)/atollic/truestudio for stm32 9.3.0/armtools/bin/../lib/gcc/arm-atollic-eabi/6.3.1/../../../../arm-atollic-eabi/lib/armv7e-m/fpu\libc.a(lib_a-memchr.o)
                0x08000200                memchr
 .text          0x080002a0      0x370 c:/program files (x86)/atollic/truestudio for stm32 9.3.0/armtools/bin/../lib/gcc/arm-atollic-eabi/6.3.1/armv7e-m/fpu\libgcc.a(_arm_addsubdf3.o)
                0x080002a0                __aeabi_drsub
                0x080002a8                __aeabi_dsub
                0x080002a8                __subdf3
                0x080002ac                __aeabi_dadd
                0x080002ac                __adddf3
                0x08000524                __floatunsidf
                0x08000524                __aeabi_ui2d
                0x08000544                __floatsidf
                0x08000544                __aeabi_i2d
                0x08000568                __aeabi_f2d
                0x08000568                __extendsfdf2
                0x080005a4                __floatundidf
                0x080005a4                __aeabi_ul2d
                0x080005b4                __floatdidf
                0x080005b4                __aeabi_l2d
 .text          0x08000610      0x424 c:/program files (x86)/atollic/truestudio for stm32 9.3.0/armtools/bin/../lib/gcc/arm-atollic-eabi/6.3.1/armv7e-m/fpu\libgcc.a(_arm_muldivdf3.o)
                0x08000610                __aeabi_dmul
                0x08000610                __muldf3
                0x08000864                __divdf3
                0x08000864                __aeabi_ddiv
 .text          0x08000a34      0x110 c:/program files (x86)/atollic/truestudio for stm32 9.3.0/armtools/bin/../lib/gcc/arm-atollic-eabi/6.3.1/armv7e-m/fpu\libgcc.a(_arm_cmpdf2.o)
                0x08000a34                __gtdf2
                0x08000a34                __gedf2
                0x08000a3c                __ltdf2
                0x08000a3c                __ledf2
                0x08000a44                __nedf2
                0x08000a44                __eqdf2
                0x08000a44                __cmpdf2
                0x08000ac0                __aeabi_cdrcmple
                0x08000ad0                __aeabi_cdcmpeq
                0x08000ad0                __aeabi_cdcmple
                0x08000ae0                __aeabi_dcmpeq
                0x08000af4                __aeabi_dcmplt
                0x08000b08                __aeabi_dcmple
                0x08000b1c                __aeabi_dcmpge
                0x08000b30                __aeabi_dcmpgt
 .text          0x08000b44       0x2c c:/program files (x86)/atollic/truestudio for stm32 9.3.0/armtools/bin/../lib/gcc/arm-atollic-eabi/6.3.1/armv7e-m/fpu\libgcc.a(_arm_unorddf2.o)
                0x08000b44                __unorddf2
                0x08000b44                __aeabi_dcmpun
 .text          0x08000b70       0x50 c:/program files (x86)/atollic/truestudio for stm32 9.3.0/armtools/bin/../lib/gcc/arm-atollic-eabi/6.3.1/armv7e-m/fpu\libgcc.a(_arm_fixdfsi.o)
                0x08000b70                __aeabi_d2iz
                0x08000b70                __fixdfsi
 .text          0x08000bc0       0x40 c:/program files (x86)/atollic/truestudio for stm32 9.3.0/armtools/bin/../lib/gcc/arm-atollic-eabi/6.3.1/armv7e-m/fpu\libgcc.a(_arm_fixunsdfsi.o)
                0x08000bc0                __aeabi_d2uiz
                0x08000bc0                __fixunsdfsi
 .text          0x08000c00       0x30 c:/program files (x86)/atollic/truestudio for stm32 9.3.0/armtools/bin/../lib/gcc/arm-atollic-eabi/6.3.1/armv7e-m/fpu\libgcc.a(_aeabi_uldivmod.o)
                0x08000c00                __aeabi_uldivmod
 .text          0x08000c30      0x2dc c:/program files (x86)/atollic/truestudio for stm32 9.3.0/armtools/bin/../lib/gcc/arm-atollic-eabi/6.3.1/armv7e-m/fpu\libgcc.a(_udivmoddi4.o)
                0x08000c30                __udivmoddi4
 .text          0x08000f0c      0x9cc c:/program files (x86)/atollic/truestudio for stm32 9.3.0/armtools/bin/../lib/gcc/arm-atollic-eabi/6.3.1/armv7e-m/fpu\libgcc.a(unwind-arm.o)
                0x080011cc                _Unwind_GetCFA
                0x080011d0                __gnu_Unwind_RaiseException
                0x08001230                __gnu_Unwind_ForcedUnwind
                0x08001244                __gnu_Unwind_Resume
                0x08001288                __gnu_Unwind_Resume_or_Rethrow
                0x08001298                _Unwind_Complete
                0x0800129c                _Unwind_DeleteException
                0x080012a8                _Unwind_VRS_Get
                0x080012f4                _Unwind_VRS_Set
                0x08001344                __gnu_Unwind_Backtrace
                0x08001684                __aeabi_unwind_cpp_pr0
                0x08001688                __aeabi_unwind_cpp_pr1
                0x0800168c                __aeabi_unwind_cpp_pr2
                0x08001690                _Unwind_VRS_Pop
 .text          0x080018d8      0x1ac c:/program files (x86)/atollic/truestudio for stm32 9.3.0/armtools/bin/../lib/gcc/arm-atollic-eabi/6.3.1/armv7e-m/fpu\libgcc.a(libunwind.o)
                0x080018d8                __restore_core_regs
                0x080018d8                restore_core_regs
                0x080018f0                __gnu_Unwind_Restore_VFP
                0x080018f8                __gnu_Unwind_Save_VFP
                0x08001900                __gnu_Unwind_Restore_VFP_D
                0x08001908                __gnu_Unwind_Save_VFP_D
                0x08001910                __gnu_Unwind_Restore_VFP_D_16_to_31
                0x08001918                __gnu_Unwind_Save_VFP_D_16_to_31
                0x08001920                __gnu_Unwind_Restore_WMMXD
                0x08001964                __gnu_Unwind_Save_WMMXD
                0x080019a8                __gnu_Unwind_Restore_WMMXC
                0x080019bc                __gnu_Unwind_Save_WMMXC
                0x080019d0                ___Unwind_RaiseException
                0x080019d0                _Unwind_RaiseException
                0x080019f4                _Unwind_Resume
                0x080019f4                ___Unwind_Resume
                0x08001a18                _Unwind_Resume_or_Rethrow
                0x08001a18                ___Unwind_Resume_or_Rethrow
                0x08001a3c                _Unwind_ForcedUnwind
                0x08001a3c                ___Unwind_ForcedUnwind
                0x08001a60                ___Unwind_Backtrace
                0x08001a60                _Unwind_Backtrace
 .text          0x08001a84      0x380 c:/program files (x86)/atollic/truestudio for stm32 9.3.0/armtools/bin/../lib/gcc/arm-atollic-eabi/6.3.1/armv7e-m/fpu\libgcc.a(pr-support.o)
                0x08001adc                __gnu_unwind_execute
                0x08001dac                __gnu_unwind_frame
                0x08001dd4                _Unwind_GetRegionStart
                0x08001de0                _Unwind_GetLanguageSpecificData
                0x08001df4                _Unwind_GetTextRelBase
                0x08001dfc                _Unwind_GetDataRelBase
 .text          0x08001e04        0x4 c:/program files (x86)/atollic/truestudio for stm32 9.3.0/armtools/bin/../lib/gcc/arm-atollic-eabi/6.3.1/armv7e-m/fpu\libgcc.a(_dvmd_tls.o)
                0x08001e04                __aeabi_idiv0
                0x08001e04                __aeabi_ldiv0
 *(.text*)
 .text.HAL_Init
                0x08001e08       0x2c Drivers\STM32L4xx_HAL_Driver\stm32l4xx_hal.o
                0x08001e08                HAL_Init
 .text.HAL_IncTick
                0x08001e34       0x18 Drivers\STM32L4xx_HAL_Driver\stm32l4xx_hal.o
                0x08001e34                HAL_IncTick
 .text.HAL_GetTick
                0x08001e4c        0xc Drivers\STM32L4xx_HAL_Driver\stm32l4xx_hal.o
                0x08001e4c                HAL_GetTick
 .text.HAL_Delay
                0x08001e58       0x28 Drivers\STM32L4xx_HAL_Driver\stm32l4xx_hal.o
                0x08001e58                HAL_Delay
 .text.HAL_NVIC_SetPriorityGrouping
                0x08001e80       0x24 Drivers\STM32L4xx_HAL_Driver\stm32l4xx_hal_cortex.o
                0x08001e80                HAL_NVIC_SetPriorityGrouping
 .text.HAL_NVIC_SetPriority
                0x08001ea4       0x68 Drivers\STM32L4xx_HAL_Driver\stm32l4xx_hal_cortex.o
                0x08001ea4                HAL_NVIC_SetPriority
 .text.HAL_NVIC_EnableIRQ
                0x08001f0c       0x1c Drivers\STM32L4xx_HAL_Driver\stm32l4xx_hal_cortex.o
                0x08001f0c                HAL_NVIC_EnableIRQ
 .text.HAL_DMA_Abort_IT
                0x08001f28       0x4c Drivers\STM32L4xx_HAL_Driver\stm32l4xx_hal_dma.o
                0x08001f28                HAL_DMA_Abort_IT
 .text.HAL_EXTI_RegisterCallback
                0x08001f74        0xc Drivers\STM32L4xx_HAL_Driver\stm32l4xx_hal_exti.o
                0x08001f74                HAL_EXTI_RegisterCallback
 .text.HAL_EXTI_GetHandle
                0x08001f80        0xc Drivers\STM32L4xx_HAL_Driver\stm32l4xx_hal_exti.o
                0x08001f80                HAL_EXTI_GetHandle
 .text.HAL_EXTI_IRQHandler
                0x08001f8c       0x30 Drivers\STM32L4xx_HAL_Driver\stm32l4xx_hal_exti.o
                0x08001f8c                HAL_EXTI_IRQHandler
 .text.HAL_GPIO_Init
                0x08001fbc      0x1b8 Drivers\STM32L4xx_HAL_Driver\stm32l4xx_hal_gpio.o
                0x08001fbc                HAL_GPIO_Init
 .text.HAL_GPIO_DeInit
                0x08002174      0x114 Drivers\STM32L4xx_HAL_Driver\stm32l4xx_hal_gpio.o
                0x08002174                HAL_GPIO_DeInit
 .text.HAL_GPIO_ReadPin
                0x08002288        0xc Drivers\STM32L4xx_HAL_Driver\stm32l4xx_hal_gpio.o
                0x08002288                HAL_GPIO_ReadPin
 .text.HAL_GPIO_WritePin
                0x08002294        0xa Drivers\STM32L4xx_HAL_Driver\stm32l4xx_hal_gpio.o
                0x08002294                HAL_GPIO_WritePin
 *fill*         0x0800229e        0x2 
 .text.HAL_PWREx_GetVoltageRange
                0x080022a0       0x10 Drivers\STM32L4xx_HAL_Driver\stm32l4xx_hal_pwr_ex.o
                0x080022a0                HAL_PWREx_GetVoltageRange
 .text.HAL_PWREx_ControlVoltageScaling
                0x080022b0       0x6c Drivers\STM32L4xx_HAL_Driver\stm32l4xx_hal_pwr_ex.o
                0x080022b0                HAL_PWREx_ControlVoltageScaling
 .text.RCC_SetFlashLatencyFromMSIRange
                0x0800231c       0x84 Drivers\STM32L4xx_HAL_Driver\stm32l4xx_hal_rcc.o
 .text.HAL_RCC_GetSysClockFreq
                0x080023a0       0x9c Drivers\STM32L4xx_HAL_Driver\stm32l4xx_hal_rcc.o
                0x080023a0                HAL_RCC_GetSysClockFreq
 .text.HAL_RCC_OscConfig
                0x0800243c      0x50c Drivers\STM32L4xx_HAL_Driver\stm32l4xx_hal_rcc.o
                0x0800243c                HAL_RCC_OscConfig
 .text.HAL_RCC_ClockConfig
                0x08002948      0x12c Drivers\STM32L4xx_HAL_Driver\stm32l4xx_hal_rcc.o
                0x08002948                HAL_RCC_ClockConfig
 .text.HAL_RCC_GetPCLK1Freq
                0x08002a74       0x24 Drivers\STM32L4xx_HAL_Driver\stm32l4xx_hal_rcc.o
                0x08002a74                HAL_RCC_GetPCLK1Freq
 .text.HAL_RCC_GetPCLK2Freq
                0x08002a98       0x24 Drivers\STM32L4xx_HAL_Driver\stm32l4xx_hal_rcc.o
                0x08002a98                HAL_RCC_GetPCLK2Freq
 .text.HAL_RCC_GetClockConfig
                0x08002abc       0x3c Drivers\STM32L4xx_HAL_Driver\stm32l4xx_hal_rcc.o
                0x08002abc                HAL_RCC_GetClockConfig
 .text.RCCEx_PLLSAI1_Config
                0x08002af8      0x11c Drivers\STM32L4xx_HAL_Driver\stm32l4xx_hal_rcc_ex.o
 .text.RCCEx_PLLSAI2_Config
                0x08002c14       0xfc Drivers\STM32L4xx_HAL_Driver\stm32l4xx_hal_rcc_ex.o
 .text.HAL_RCCEx_PeriphCLKConfig
                0x08002d10      0x3d0 Drivers\STM32L4xx_HAL_Driver\stm32l4xx_hal_rcc_ex.o
                0x08002d10                HAL_RCCEx_PeriphCLKConfig
 .text.SPI_WaitFifoStateUntilTimeout.part.1
                0x080030e0       0x50 Drivers\STM32L4xx_HAL_Driver\stm32l4xx_hal_spi.o
 .text.SPI_WaitFlagStateUntilTimeout.constprop.10
                0x08003130       0x2c Drivers\STM32L4xx_HAL_Driver\stm32l4xx_hal_spi.o
 .text.SPI_WaitFifoStateUntilTimeout.constprop.11
                0x0800315c       0x34 Drivers\STM32L4xx_HAL_Driver\stm32l4xx_hal_spi.o
 .text.SPI_EndRxTxTransaction
                0x08003190       0x44 Drivers\STM32L4xx_HAL_Driver\stm32l4xx_hal_spi.o
 .text.HAL_SPI_MspInit
                0x080031d4        0x2 Drivers\STM32L4xx_HAL_Driver\stm32l4xx_hal_spi.o
                0x080031d4                HAL_SPI_MspInit
 .text.HAL_SPI_Init
                0x080031d6       0xa2 Drivers\STM32L4xx_HAL_Driver\stm32l4xx_hal_spi.o
                0x080031d6                HAL_SPI_Init
 .text.HAL_SPI_TransmitReceive
                0x08003278      0x248 Drivers\STM32L4xx_HAL_Driver\stm32l4xx_hal_spi.o
                0x08003278                HAL_SPI_TransmitReceive
 .text.HAL_SPI_GetState
                0x080034c0        0x6 Drivers\STM32L4xx_HAL_Driver\stm32l4xx_hal_spi.o
                0x080034c0                HAL_SPI_GetState
 .text.HAL_TIM_Base_MspInit
                0x080034c6        0x2 Drivers\STM32L4xx_HAL_Driver\stm32l4xx_hal_tim.o
                0x080034c6                HAL_TIM_Base_MspInit
 .text.HAL_TIM_Base_Start_IT
                0x080034c8       0x2c Drivers\STM32L4xx_HAL_Driver\stm32l4xx_hal_tim.o
                0x080034c8                HAL_TIM_Base_Start_IT
 .text.HAL_TIM_OC_DelayElapsedCallback
                0x080034f4        0x2 Drivers\STM32L4xx_HAL_Driver\stm32l4xx_hal_tim.o
                0x080034f4                HAL_TIM_OC_DelayElapsedCallback
 .text.HAL_TIM_IC_CaptureCallback
                0x080034f6        0x2 Drivers\STM32L4xx_HAL_Driver\stm32l4xx_hal_tim.o
                0x080034f6                HAL_TIM_IC_CaptureCallback
 .text.HAL_TIM_PWM_PulseFinishedCallback
                0x080034f8        0x2 Drivers\STM32L4xx_HAL_Driver\stm32l4xx_hal_tim.o
                0x080034f8                HAL_TIM_PWM_PulseFinishedCallback
 .text.HAL_TIM_TriggerCallback
                0x080034fa        0x2 Drivers\STM32L4xx_HAL_Driver\stm32l4xx_hal_tim.o
                0x080034fa                HAL_TIM_TriggerCallback
 .text.HAL_TIM_IRQHandler
                0x080034fc      0x160 Drivers\STM32L4xx_HAL_Driver\stm32l4xx_hal_tim.o
                0x080034fc                HAL_TIM_IRQHandler
 .text.TIM_Base_SetConfig
                0x0800365c       0xcc Drivers\STM32L4xx_HAL_Driver\stm32l4xx_hal_tim.o
                0x0800365c                TIM_Base_SetConfig
 .text.HAL_TIM_Base_Init
                0x08003728       0x34 Drivers\STM32L4xx_HAL_Driver\stm32l4xx_hal_tim.o
                0x08003728                HAL_TIM_Base_Init
 .text.HAL_TIMEx_CommutCallback
                0x0800375c        0x2 Drivers\STM32L4xx_HAL_Driver\stm32l4xx_hal_tim_ex.o
                0x0800375c                HAL_TIMEx_CommutCallback
 .text.HAL_TIMEx_BreakCallback
                0x0800375e        0x2 Drivers\STM32L4xx_HAL_Driver\stm32l4xx_hal_tim_ex.o
                0x0800375e                HAL_TIMEx_BreakCallback
 .text.HAL_TIMEx_Break2Callback
                0x08003760        0x2 Drivers\STM32L4xx_HAL_Driver\stm32l4xx_hal_tim_ex.o
                0x08003760                HAL_TIMEx_Break2Callback
 .text.UART_EndRxTransfer
                0x08003762       0x1c Drivers\STM32L4xx_HAL_Driver\stm32l4xx_hal_uart.o
 *fill*         0x0800377e        0x2 
 .text.HAL_UART_Receive_IT
                0x08003780       0xa8 Drivers\STM32L4xx_HAL_Driver\stm32l4xx_hal_uart.o
                0x08003780                HAL_UART_Receive_IT
 .text.HAL_UART_TxCpltCallback
                0x08003828        0x2 Drivers\STM32L4xx_HAL_Driver\stm32l4xx_hal_uart.o
                0x08003828                HAL_UART_TxCpltCallback
 .text.UART_RxISR_8BIT
                0x0800382a       0x5a Drivers\STM32L4xx_HAL_Driver\stm32l4xx_hal_uart.o
 .text.UART_RxISR_16BIT
                0x08003884       0x56 Drivers\STM32L4xx_HAL_Driver\stm32l4xx_hal_uart.o
 .text.HAL_UART_ErrorCallback
                0x080038da        0x2 Drivers\STM32L4xx_HAL_Driver\stm32l4xx_hal_uart.o
                0x080038da                HAL_UART_ErrorCallback
 .text.HAL_UART_IRQHandler
                0x080038dc      0x148 Drivers\STM32L4xx_HAL_Driver\stm32l4xx_hal_uart.o
                0x080038dc                HAL_UART_IRQHandler
 .text.UART_DMAAbortOnError
                0x08003a24       0x14 Drivers\STM32L4xx_HAL_Driver\stm32l4xx_hal_uart.o
 .text.UART_SetConfig
                0x08003a38      0x330 Drivers\STM32L4xx_HAL_Driver\stm32l4xx_hal_uart.o
                0x08003a38                UART_SetConfig
 .text.UART_AdvFeatureConfig
                0x08003d68       0xa8 Drivers\STM32L4xx_HAL_Driver\stm32l4xx_hal_uart.o
                0x08003d68                UART_AdvFeatureConfig
 .text.UART_WaitOnFlagUntilTimeout
                0x08003e10       0x86 Drivers\STM32L4xx_HAL_Driver\stm32l4xx_hal_uart.o
                0x08003e10                UART_WaitOnFlagUntilTimeout
 .text.HAL_UART_Transmit
                0x08003e96       0xb0 Drivers\STM32L4xx_HAL_Driver\stm32l4xx_hal_uart.o
                0x08003e96                HAL_UART_Transmit
 .text.UART_CheckIdleState
                0x08003f46       0x60 Drivers\STM32L4xx_HAL_Driver\stm32l4xx_hal_uart.o
                0x08003f46                UART_CheckIdleState
 .text.HAL_UART_Init
                0x08003fa6       0x5c Drivers\STM32L4xx_HAL_Driver\stm32l4xx_hal_uart.o
                0x08003fa6                HAL_UART_Init
 .text.HAL_UARTEx_WakeupCallback
                0x08004002        0x2 Drivers\STM32L4xx_HAL_Driver\stm32l4xx_hal_uart_ex.o
                0x08004002                HAL_UARTEx_WakeupCallback
 .text.aci_gap_init_IDB05A1
                0x08004004       0x7c Middlewares\BlueNRG-MS\Wireless\Controller\bluenrg_gap_aci.o
                0x08004004                aci_gap_init_IDB05A1
 .text.aci_gap_set_io_capability
                0x08004080       0x46 Middlewares\BlueNRG-MS\Wireless\Controller\bluenrg_gap_aci.o
                0x08004080                aci_gap_set_io_capability
 .text.aci_gap_set_auth_requirement
                0x080040c6       0x80 Middlewares\BlueNRG-MS\Wireless\Controller\bluenrg_gap_aci.o
                0x080040c6                aci_gap_set_auth_requirement
 .text.aci_gap_start_general_discovery_proc
                0x08004146       0x58 Middlewares\BlueNRG-MS\Wireless\Controller\bluenrg_gap_aci.o
                0x08004146                aci_gap_start_general_discovery_proc
 .text.aci_gap_create_connection
                0x0800419e       0x96 Middlewares\BlueNRG-MS\Wireless\Controller\bluenrg_gap_aci.o
                0x0800419e                aci_gap_create_connection
 .text.aci_gap_send_pairing_request
                0x08004234       0x50 Middlewares\BlueNRG-MS\Wireless\Controller\bluenrg_gap_aci.o
                0x08004234                aci_gap_send_pairing_request
 .text.aci_gatt_init
                0x08004284       0x3e Middlewares\BlueNRG-MS\Wireless\Controller\bluenrg_gatt_aci.o
                0x08004284                aci_gatt_init
 .text.aci_gatt_disc_charac_by_uuid
                0x080042c2       0x6c Middlewares\BlueNRG-MS\Wireless\Controller\bluenrg_gatt_aci.o
                0x080042c2                aci_gatt_disc_charac_by_uuid
 .text.aci_gatt_write_charac_descriptor
                0x0800432e       0x6c Middlewares\BlueNRG-MS\Wireless\Controller\bluenrg_gatt_aci.o
                0x0800432e                aci_gatt_write_charac_descriptor
 .text.aci_gatt_write_without_response
                0x0800439a       0x66 Middlewares\BlueNRG-MS\Wireless\Controller\bluenrg_gatt_aci.o
                0x0800439a                aci_gatt_write_without_response
 .text.aci_hal_write_config_data
                0x08004400       0x64 Middlewares\BlueNRG-MS\Wireless\Controller\bluenrg_hal_aci.o
                0x08004400                aci_hal_write_config_data
 .text.aci_hal_set_tx_power_level
                0x08004464       0x4c Middlewares\BlueNRG-MS\Wireless\Controller\bluenrg_hal_aci.o
                0x08004464                aci_hal_set_tx_power_level
 .text.getBlueNRGVersion
                0x080044b0       0x42 Middlewares\BlueNRG-MS\Wireless\Controller\bluenrg_utils_small.o
                0x080044b0                getBlueNRGVersion
 .text.hci_reset
                0x080044f2       0x3a Middlewares\BlueNRG-MS\Wireless\HCI_TL\Basic\hci_le.o
                0x080044f2                hci_reset
 .text.hci_le_read_local_version
                0x0800452c       0x80 Middlewares\BlueNRG-MS\Wireless\HCI_TL\Basic\hci_le.o
                0x0800452c                hci_le_read_local_version
 .text.move_list.constprop.0
                0x080045ac       0x28 Middlewares\BlueNRG-MS\Wireless\HCI_TL\Basic\hci_tl.o
 .text.hci_init
                0x080045d4       0x54 Middlewares\BlueNRG-MS\Wireless\HCI_TL\Basic\hci_tl.o
                0x080045d4                hci_init
 .text.hci_register_io_bus
                0x08004628       0x1c Middlewares\BlueNRG-MS\Wireless\HCI_TL\Basic\hci_tl.o
                0x08004628                hci_register_io_bus
 .text.hci_send_req
                0x08004644      0x180 Middlewares\BlueNRG-MS\Wireless\HCI_TL\Basic\hci_tl.o
                0x08004644                hci_send_req
 .text.hci_user_evt_proc
                0x080047c4       0x40 Middlewares\BlueNRG-MS\Wireless\HCI_TL\Basic\hci_tl.o
                0x080047c4                hci_user_evt_proc
 .text.hci_notify_asynch_evt
                0x08004804       0x60 Middlewares\BlueNRG-MS\Wireless\HCI_TL\Basic\hci_tl.o
                0x08004804                hci_notify_asynch_evt
 .text.list_init_head
                0x08004864        0x6 Middlewares\BlueNRG-MS\Wireless\Utils\ble_list.o
                0x08004864                list_init_head
 .text.list_is_empty
                0x0800486a       0x14 Middlewares\BlueNRG-MS\Wireless\Utils\ble_list.o
                0x0800486a                list_is_empty
 .text.list_insert_head
                0x0800487e       0x18 Middlewares\BlueNRG-MS\Wireless\Utils\ble_list.o
                0x0800487e                list_insert_head
 .text.list_insert_tail
                0x08004896       0x18 Middlewares\BlueNRG-MS\Wireless\Utils\ble_list.o
                0x08004896                list_insert_tail
 .text.list_remove_node
                0x080048ae       0x16 Middlewares\BlueNRG-MS\Wireless\Utils\ble_list.o
                0x080048ae                list_remove_node
 .text.list_remove_head
                0x080048c4       0x24 Middlewares\BlueNRG-MS\Wireless\Utils\ble_list.o
                0x080048c4                list_remove_head
 .text.list_remove_tail
                0x080048e8       0x24 Middlewares\BlueNRG-MS\Wireless\Utils\ble_list.o
                0x080048e8                list_remove_tail
 .text.list_get_size
                0x0800490c       0x1c Middlewares\BlueNRG-MS\Wireless\Utils\ble_list.o
                0x0800490c                list_get_size
 .text.osKernelStart
                0x08004928        0xa Middlewares\FreeRTOS\cmsis_os.o
                0x08004928                osKernelStart
 .text.osThreadCreate
                0x08004932       0x50 Middlewares\FreeRTOS\cmsis_os.o
                0x08004932                osThreadCreate
 *fill*         0x08004982        0x2 
 .text.unlikely.prvInsertBlockIntoFreeList
                0x08004984       0x48 Middlewares\FreeRTOS\heap_4.o
 .text.pvPortMalloc
                0x080049cc      0x11c Middlewares\FreeRTOS\heap_4.o
                0x080049cc                pvPortMalloc
 .text.vPortFree
                0x08004ae8       0x70 Middlewares\FreeRTOS\heap_4.o
                0x08004ae8                vPortFree
 .text.vListInitialise
                0x08004b58       0x16 Middlewares\FreeRTOS\list.o
                0x08004b58                vListInitialise
 .text.vListInitialiseItem
                0x08004b6e        0x6 Middlewares\FreeRTOS\list.o
                0x08004b6e                vListInitialiseItem
 .text.vListInsertEnd
                0x08004b74       0x18 Middlewares\FreeRTOS\list.o
                0x08004b74                vListInsertEnd
 .text.vListInsert
                0x08004b8c       0x2e Middlewares\FreeRTOS\list.o
                0x08004b8c                vListInsert
 .text.uxListRemove
                0x08004bba       0x22 Middlewares\FreeRTOS\list.o
                0x08004bba                uxListRemove
 .text.prvTaskExitError
                0x08004bdc       0x40 Middlewares\FreeRTOS\port.o
 .text.unlikely.prvPortStartFirstTask
                0x08004c1c       0x28 Middlewares\FreeRTOS\port.o
 .text.unlikely.vPortEnableVFP
                0x08004c44       0x14 Middlewares\FreeRTOS\port.o
 .text.pxPortInitialiseStack
                0x08004c58       0x2c Middlewares\FreeRTOS\port.o
                0x08004c58                pxPortInitialiseStack
 *fill*         0x08004c84        0xc 
 .text.SVC_Handler
                0x08004c90       0x24 Middlewares\FreeRTOS\port.o
                0x08004c90                SVC_Handler
 .text.vPortEnterCritical
                0x08004cb4       0x44 Middlewares\FreeRTOS\port.o
                0x08004cb4                vPortEnterCritical
 .text.vPortExitCritical
                0x08004cf8       0x28 Middlewares\FreeRTOS\port.o
                0x08004cf8                vPortExitCritical
 .text.PendSV_Handler
                0x08004d20       0x64 Middlewares\FreeRTOS\port.o
                0x08004d20                PendSV_Handler
 .text.SysTick_Handler
                0x08004d84       0x2c Middlewares\FreeRTOS\port.o
                0x08004d84                SysTick_Handler
 .text.vPortSetupTimerInterrupt
                0x08004db0       0x34 Middlewares\FreeRTOS\port.o
                0x08004db0                vPortSetupTimerInterrupt
 .text.xPortStartScheduler
                0x08004de4      0x10c Middlewares\FreeRTOS\port.o
                0x08004de4                xPortStartScheduler
 .text.prvIsQueueEmpty
                0x08004ef0       0x16 Middlewares\FreeRTOS\queue.o
 .text.unlikely.prvCopyDataToQueue
                0x08004f06       0x66 Middlewares\FreeRTOS\queue.o
 .text.unlikely.prvCopyDataFromQueue
                0x08004f6c       0x2a Middlewares\FreeRTOS\queue.o
 .text.prvUnlockQueue
                0x08004f96       0x70 Middlewares\FreeRTOS\queue.o
 *fill*         0x08005006        0x2 
 .text.xQueueGenericReset
                0x08005008       0x80 Middlewares\FreeRTOS\queue.o
                0x08005008                xQueueGenericReset
 .text.xQueueGenericCreate
                0x08005088       0x48 Middlewares\FreeRTOS\queue.o
                0x08005088                xQueueGenericCreate
 .text.xQueueGenericSend
                0x080050d0      0x16c Middlewares\FreeRTOS\queue.o
                0x080050d0                xQueueGenericSend
 .text.prvInitialiseMutex
                0x0800523c       0x14 Middlewares\FreeRTOS\queue.o
 .text.xQueueCreateMutex
                0x08005250       0x16 Middlewares\FreeRTOS\queue.o
                0x08005250                xQueueCreateMutex
 *fill*         0x08005266        0x2 
 .text.xQueueReceive
                0x08005268      0x148 Middlewares\FreeRTOS\queue.o
                0x08005268                xQueueReceive
 .text.xQueueSemaphoreTake
                0x080053b0      0x180 Middlewares\FreeRTOS\queue.o
                0x080053b0                xQueueSemaphoreTake
 .text.prvAddNewTaskToReadyList
                0x08005530       0xf8 Middlewares\FreeRTOS\tasks.o
 .text.prvResetNextTaskUnblockTime
                0x08005628       0x24 Middlewares\FreeRTOS\tasks.o
 .text.prvInitialiseNewTask.isra.2
                0x0800564c       0x96 Middlewares\FreeRTOS\tasks.o
 .text.prvDeleteTCB
                0x080056e2       0x36 Middlewares\FreeRTOS\tasks.o
 .text.prvIdleTask
                0x08005718       0x64 Middlewares\FreeRTOS\tasks.o
 .text.prvAddCurrentTaskToDelayedList
                0x0800577c       0x8c Middlewares\FreeRTOS\tasks.o
 .text.unlikely.xTaskCreateStatic.part.5
                0x08005808       0x12 Middlewares\FreeRTOS\tasks.o
 .text.xTaskCreateStatic
                0x0800581a       0x62 Middlewares\FreeRTOS\tasks.o
                0x0800581a                xTaskCreateStatic
 .text.xTaskCreate
                0x0800587c       0x5a Middlewares\FreeRTOS\tasks.o
                0x0800587c                xTaskCreate
 *fill*         0x080058d6        0x2 
 .text.vTaskStartScheduler
                0x080058d8       0x6c Middlewares\FreeRTOS\tasks.o
                0x080058d8                vTaskStartScheduler
 .text.vTaskSuspendAll
                0x08005944       0x10 Middlewares\FreeRTOS\tasks.o
                0x08005944                vTaskSuspendAll
 .text.xTaskIncrementTick
                0x08005954      0x124 Middlewares\FreeRTOS\tasks.o
                0x08005954                xTaskIncrementTick
 .text.xTaskResumeAll
                0x08005a78       0xf0 Middlewares\FreeRTOS\tasks.o
                0x08005a78                xTaskResumeAll
 .text.vTaskSwitchContext
                0x08005b68       0x74 Middlewares\FreeRTOS\tasks.o
                0x08005b68                vTaskSwitchContext
 .text.vTaskPlaceOnEventList
                0x08005bdc       0x34 Middlewares\FreeRTOS\tasks.o
                0x08005bdc                vTaskPlaceOnEventList
 .text.xTaskRemoveFromEventList
                0x08005c10       0x84 Middlewares\FreeRTOS\tasks.o
                0x08005c10                xTaskRemoveFromEventList
 .text.vTaskInternalSetTimeOutState
                0x08005c94       0x18 Middlewares\FreeRTOS\tasks.o
                0x08005c94                vTaskInternalSetTimeOutState
 .text.xTaskCheckForTimeOut
                0x08005cac       0x78 Middlewares\FreeRTOS\tasks.o
                0x08005cac                xTaskCheckForTimeOut
 .text.vTaskMissedYield
                0x08005d24        0xc Middlewares\FreeRTOS\tasks.o
                0x08005d24                vTaskMissedYield
 .text.xTaskGetSchedulerState
                0x08005d30       0x20 Middlewares\FreeRTOS\tasks.o
                0x08005d30                xTaskGetSchedulerState
 .text.xTaskPriorityInherit
                0x08005d50       0xa8 Middlewares\FreeRTOS\tasks.o
                0x08005d50                xTaskPriorityInherit
 .text.xTaskPriorityDisinherit
                0x08005df8       0xa0 Middlewares\FreeRTOS\tasks.o
                0x08005df8                xTaskPriorityDisinherit
 .text.vTaskPriorityDisinheritAfterTimeout
                0x08005e98       0xb4 Middlewares\FreeRTOS\tasks.o
                0x08005e98                vTaskPriorityDisinheritAfterTimeout
 .text.pvTaskIncrementMutexHeldCount
                0x08005f4c       0x18 Middlewares\FreeRTOS\tasks.o
                0x08005f4c                pvTaskIncrementMutexHeldCount
 .text.xTaskNotifyWait
                0x08005f64       0x8c Middlewares\FreeRTOS\tasks.o
                0x08005f64                xTaskNotifyWait
 .text.xTaskGenericNotify
                0x08005ff0       0xe8 Middlewares\FreeRTOS\tasks.o
                0x08005ff0                xTaskGenericNotify
 .text.MX_BlueNRG_MS_Init
                0x080060d8      0x148 Src\app_x-cube-ble1.o
                0x080060d8                MX_BlueNRG_MS_Init
 .text.MX_BlueNRG_MS_Process
                0x08006220      0x148 Src\app_x-cube-ble1.o
                0x08006220                MX_BlueNRG_MS_Process
 .text.BSP_PB_Callback
                0x08006368        0xc Src\app_x-cube-ble1.o
                0x08006368                BSP_PB_Callback
 .text.vApplicationGetIdleTaskMemory
                0x08006374       0x18 Src\freertos.o
                0x08006374                vApplicationGetIdleTaskMemory
 .text.HCI_TL_SPI_Init
                0x0800638c       0x68 Src\hci_tl_interface.o
                0x0800638c                HCI_TL_SPI_Init
 .text.HCI_TL_SPI_DeInit
                0x080063f4       0x26 Src\hci_tl_interface.o
                0x080063f4                HCI_TL_SPI_DeInit
 .text.HCI_TL_SPI_Reset
                0x0800641a       0x2e Src\hci_tl_interface.o
                0x0800641a                HCI_TL_SPI_Reset
 .text.HCI_TL_SPI_Receive
                0x08006448       0x8e Src\hci_tl_interface.o
                0x08006448                HCI_TL_SPI_Receive
 *fill*         0x080064d6        0x2 
 .text.HCI_TL_SPI_Send
                0x080064d8       0x94 Src\hci_tl_interface.o
                0x080064d8                HCI_TL_SPI_Send
 .text.hci_tl_lowlevel_isr
                0x0800656c       0x1c Src\hci_tl_interface.o
                0x0800656c                hci_tl_lowlevel_isr
 .text.hci_tl_lowlevel_init
                0x08006588       0x6c Src\hci_tl_interface.o
                0x08006588                hci_tl_lowlevel_init
 .text.main     0x080065f4      0x11c Src\main.o
                0x080065f4                main
 .text._Z18SystemClock_Configv
                0x08006710      0x116 Src\main.o
                0x08006710                SystemClock_Config()
 *fill*         0x08006826        0x2 
 .text._ZL19MX_USART3_UART_Initv
                0x08006828       0x68 Src\main.o
 .text._ZL12MX_GPIO_Initv
                0x08006890      0x110 Src\main.o
 .text._Z16StartDefaultTaskPKv
                0x080069a0       0x30 Src\main.o
                0x080069a0                StartDefaultTask(void const*)
 .text._Z20AskForDataTaskThreadPKv
                0x080069d0      0x100 Src\main.o
                0x080069d0                AskForDataTaskThread(void const*)
 .text._Z22PresentationTaskThreadPKv
                0x08006ad0       0x2c Src\main.o
                0x08006ad0                PresentationTaskThread(void const*)
 .text._Z23CommunicationTaskThreadPKv
                0x08006afc       0x4c Src\main.o
                0x08006afc                CommunicationTaskThread(void const*)
 .text._Z16prepareNewConfightPh
                0x08006b48      0x148 Src\main.o
                0x08006b48                prepareNewConfig(unsigned char, unsigned short, unsigned char*)
 .text._Z31checkIfTempSensorReadoutCorrectmh
                0x08006c90       0x48 Src\main.o
                0x08006c90                checkIfTempSensorReadoutCorrect(unsigned long, unsigned char)
 .text._Z19updateReadoutValuesv
                0x08006cd8      0x34c Src\main.o
                0x08006cd8                updateReadoutValues()
 .text._Z25printConnectedDevicesTreev
                0x08007024      0x560 Src\main.o
                0x08007024                printConnectedDevicesTree()
 .text._ZSt3powIiiEN9__gnu_cxx11__promote_2IT_T0_NS0_9__promoteIS2_XsrSt12__is_integerIS2_E7__valueEE6__typeENS4_IS3_XsrS5_IS3_E7__valueEE6__typeEE6__typeES2_S3_
                0x08007584       0x40 Src\main.o
                0x08007584                __gnu_cxx::__promote_2<int, int, __gnu_cxx::__promote<int, std::__is_integer<int>::__value>::__type, __gnu_cxx::__promote<int, std::__is_integer<int>::__value>::__type>::__type std::pow<int, int>(int, int)
 .text.HAL_UART_RxCpltCallback
                0x080075c4      0x210 Src\main.o
                0x080075c4                HAL_UART_RxCpltCallback
 .text.HAL_TIM_PeriodElapsedCallback
                0x080077d4       0x24 Src\main.o
                0x080077d4                HAL_TIM_PeriodElapsedCallback
 .text.Error_Handler
                0x080077f8        0xe Src\main.o
                0x080077f8                Error_Handler
 *fill*         0x08007806        0x2 
 .text.Make_Connection
                0x08007808       0x68 Src\sample_service.o
                0x08007808                Make_Connection
 .text.Pair_Devices
                0x08007870       0x3c Src\sample_service.o
                0x08007870                Pair_Devices
 .text.startReadTXCharHandle
                0x080078ac       0x60 Src\sample_service.o
                0x080078ac                startReadTXCharHandle
 .text.startReadRXCharHandle
                0x0800790c       0x60 Src\sample_service.o
                0x0800790c                startReadRXCharHandle
 .text.receiveData
                0x0800796c       0x30 Src\sample_service.o
                0x0800796c                receiveData
 .text.sendData
                0x0800799c       0x38 Src\sample_service.o
                0x0800799c                sendData
 .text.enableNotification
                0x080079d4       0xa0 Src\sample_service.o
                0x080079d4                enableNotification
 .text.Attribute_Modified_CB
                0x08007a74       0x34 Src\sample_service.o
                0x08007a74                Attribute_Modified_CB
 .text.GAP_ConnectionComplete_CB
                0x08007aa8       0xa8 Src\sample_service.o
                0x08007aa8                GAP_ConnectionComplete_CB
 .text.GAP_DisconnectionComplete_CB
                0x08007b50       0x14 Src\sample_service.o
                0x08007b50                GAP_DisconnectionComplete_CB
 .text.GATT_Notification_CB
                0x08007b64       0xac Src\sample_service.o
                0x08007b64                GATT_Notification_CB
 .text.GAP_AdvertisingReport_CB
                0x08007c10      0x2b8 Src\sample_service.o
                0x08007c10                GAP_AdvertisingReport_CB
 .text.user_notify
                0x08007ec8      0x22c Src\sample_service.o
                0x08007ec8                user_notify
 .text.HAL_MspInit
                0x080080f4       0x40 Src\stm32l4xx_hal_msp.o
                0x080080f4                HAL_MspInit
 .text.HAL_UART_MspInit
                0x08008134       0x78 Src\stm32l4xx_hal_msp.o
                0x08008134                HAL_UART_MspInit
 .text.HAL_InitTick
                0x080081ac       0x78 Src\stm32l4xx_hal_timebase_tim.o
                0x080081ac                HAL_InitTick
 .text.NMI_Handler
                0x08008224        0x2 Src\stm32l4xx_it.o
                0x08008224                NMI_Handler
 .text.HardFault_Handler
                0x08008226        0x2 Src\stm32l4xx_it.o
                0x08008226                HardFault_Handler
 .text.MemManage_Handler
                0x08008228        0x2 Src\stm32l4xx_it.o
                0x08008228                MemManage_Handler
 .text.BusFault_Handler
                0x0800822a        0x2 Src\stm32l4xx_it.o
                0x0800822a                BusFault_Handler
 .text.UsageFault_Handler
                0x0800822c        0x2 Src\stm32l4xx_it.o
                0x0800822c                UsageFault_Handler
 .text.DebugMon_Handler
                0x0800822e        0x2 Src\stm32l4xx_it.o
                0x0800822e                DebugMon_Handler
 .text.EXTI0_IRQHandler
                0x08008230        0xc Src\stm32l4xx_it.o
                0x08008230                EXTI0_IRQHandler
 .text.TIM3_IRQHandler
                0x0800823c        0xc Src\stm32l4xx_it.o
                0x0800823c                TIM3_IRQHandler
 .text.USART3_IRQHandler
                0x08008248        0xc Src\stm32l4xx_it.o
                0x08008248                USART3_IRQHandler
 .text.EXTI15_10_IRQHandler
                0x08008254        0xc Src\stm32l4xx_it.o
                0x08008254                EXTI15_10_IRQHandler
 .text.BSP_LED_Init
                0x08008260       0x48 Src\stm32l4xx_nucleo.o
                0x08008260                BSP_LED_Init
 .text.BSP_LED_Off
                0x080082a8       0x12 Src\stm32l4xx_nucleo.o
                0x080082a8                BSP_LED_Off
 *fill*         0x080082ba        0x2 
 .text.BSP_PB_Init
                0x080082bc       0x98 Src\stm32l4xx_nucleo.o
                0x080082bc                BSP_PB_Init
 .text.BSP_PB_GetState
                0x08008354       0x18 Src\stm32l4xx_nucleo.o
                0x08008354                BSP_PB_GetState
 .text.BUTTON_USER_EXTI_Callback
                0x0800836c        0xa Src\stm32l4xx_nucleo.o
 *fill*         0x08008376        0x2 
 .text.MX_USART2_UART_Init
                0x08008378       0x30 Src\stm32l4xx_nucleo.o
                0x08008378                MX_USART2_UART_Init
 .text.BSP_COM_Init
                0x080083a8       0x80 Src\stm32l4xx_nucleo.o
                0x080083a8                BSP_COM_Init
 .text.__io_putchar
                0x08008428       0x2c Src\stm32l4xx_nucleo.o
                0x08008428                __io_putchar
 .text.BSP_SPI1_SendRecv
                0x08008454       0x28 Src\stm32l4xx_nucleo_bus.o
                0x08008454                BSP_SPI1_SendRecv
 .text.BSP_GetTick
                0x0800847c        0x4 Src\stm32l4xx_nucleo_bus.o
                0x0800847c                BSP_GetTick
 .text.MX_SPI1_Init
                0x08008480       0x44 Src\stm32l4xx_nucleo_bus.o
                0x08008480                MX_SPI1_Init
 .text.BSP_SPI1_Init
                0x080084c4       0xbc Src\stm32l4xx_nucleo_bus.o
                0x080084c4                BSP_SPI1_Init
 .text._getpid  0x08008580        0x4 Src\syscalls.o
                0x08008580                _getpid
 .text._kill    0x08008584       0x10 Src\syscalls.o
                0x08008584                _kill
 .text._exit    0x08008594        0xc Src\syscalls.o
                0x08008594                _exit
 .text._read    0x080085a0       0x1c Src\syscalls.o
                0x080085a0                _read
 .text._write   0x080085bc       0x1c Src\syscalls.o
                0x080085bc                _write
 .text._sbrk    0x080085d8       0x34 Src\syscalls.o
                0x080085d8                _sbrk
 .text._close   0x0800860c        0x6 Src\syscalls.o
                0x0800860c                _close
 .text._fstat   0x08008612        0xa Src\syscalls.o
                0x08008612                _fstat
 .text._isatty  0x0800861c        0x4 Src\syscalls.o
                0x0800861c                _isatty
 .text._lseek   0x08008620        0x4 Src\syscalls.o
                0x08008620                _lseek
 .text.SystemInit
                0x08008624       0x48 Src\system_stm32l4xx.o
                0x08008624                SystemInit
 .text.Reset_Handler
                0x0800866c       0x50 startup\startup_stm32l476xx.o
                0x0800866c                Reset_Handler
 .text.Default_Handler
                0x080086bc        0x2 startup\startup_stm32l476xx.o
                0x080086bc                RTC_Alarm_IRQHandler
                0x080086bc                EXTI2_IRQHandler
                0x080086bc                TIM8_TRG_COM_IRQHandler
                0x080086bc                TIM8_CC_IRQHandler
                0x080086bc                TIM1_CC_IRQHandler
                0x080086bc                TSC_IRQHandler
                0x080086bc                TAMP_STAMP_IRQHandler
                0x080086bc                EXTI3_IRQHandler
                0x080086bc                LPTIM2_IRQHandler
                0x080086bc                DFSDM1_FLT1_IRQHandler
                0x080086bc                I2C3_ER_IRQHandler
                0x080086bc                DFSDM1_FLT2_IRQHandler
                0x080086bc                I2C2_EV_IRQHandler
                0x080086bc                CAN1_RX0_IRQHandler
                0x080086bc                FPU_IRQHandler
                0x080086bc                TIM1_UP_TIM16_IRQHandler
                0x080086bc                ADC1_2_IRQHandler
                0x080086bc                SPI1_IRQHandler
                0x080086bc                TIM6_DAC_IRQHandler
                0x080086bc                TIM8_UP_IRQHandler
                0x080086bc                DMA2_Channel2_IRQHandler
                0x080086bc                DMA1_Channel4_IRQHandler
                0x080086bc                SAI2_IRQHandler
                0x080086bc                DFSDM1_FLT3_IRQHandler
                0x080086bc                DMA1_Channel7_IRQHandler
                0x080086bc                CAN1_RX1_IRQHandler
                0x080086bc                LCD_IRQHandler
                0x080086bc                UART5_IRQHandler
                0x080086bc                ADC3_IRQHandler
                0x080086bc                TIM4_IRQHandler
                0x080086bc                DMA2_Channel1_IRQHandler
                0x080086bc                QUADSPI_IRQHandler
                0x080086bc                I2C1_EV_IRQHandler
                0x080086bc                DMA1_Channel6_IRQHandler
                0x080086bc                UART4_IRQHandler
                0x080086bc                DMA2_Channel4_IRQHandler
                0x080086bc                RCC_IRQHandler
                0x080086bc                DMA1_Channel1_IRQHandler
                0x080086bc                Default_Handler
                0x080086bc                DMA2_Channel7_IRQHandler
                0x080086bc                TIM7_IRQHandler
                0x080086bc                SDMMC1_IRQHandler
                0x080086bc                TIM5_IRQHandler
                0x080086bc                I2C3_EV_IRQHandler
                0x080086bc                EXTI9_5_IRQHandler
                0x080086bc                RTC_WKUP_IRQHandler
                0x080086bc                PVD_PVM_IRQHandler
                0x080086bc                SPI2_IRQHandler
                0x080086bc                CAN1_TX_IRQHandler
                0x080086bc                DMA2_Channel5_IRQHandler
                0x080086bc                DMA1_Channel5_IRQHandler
                0x080086bc                EXTI4_IRQHandler
                0x080086bc                RNG_IRQHandler
                0x080086bc                TIM1_TRG_COM_TIM17_IRQHandler
                0x080086bc                DMA1_Channel3_IRQHandler
                0x080086bc                COMP_IRQHandler
                0x080086bc                WWDG_IRQHandler
                0x080086bc                LPUART1_IRQHandler
                0x080086bc                DMA2_Channel6_IRQHandler
                0x080086bc                TIM2_IRQHandler
                0x080086bc                EXTI1_IRQHandler
                0x080086bc                USART2_IRQHandler
                0x080086bc                DFSDM1_FLT0_IRQHandler
                0x080086bc                I2C2_ER_IRQHandler
                0x080086bc                DMA1_Channel2_IRQHandler
                0x080086bc                TIM8_BRK_IRQHandler
                0x080086bc                CAN1_SCE_IRQHandler
                0x080086bc                FLASH_IRQHandler
                0x080086bc                USART1_IRQHandler
                0x080086bc                OTG_FS_IRQHandler
                0x080086bc                SPI3_IRQHandler
                0x080086bc                I2C1_ER_IRQHandler
                0x080086bc                FMC_IRQHandler
                0x080086bc                SWPMI1_IRQHandler
                0x080086bc                LPTIM1_IRQHandler
                0x080086bc                SAI1_IRQHandler
                0x080086bc                DMA2_Channel3_IRQHandler
                0x080086bc                TIM1_BRK_TIM15_IRQHandler
 *fill*         0x080086be        0x2 
 .text.pow      0x080086c0      0x2f0 c:/program files (x86)/atollic/truestudio for stm32 9.3.0/armtools/bin/../lib/gcc/arm-atollic-eabi/6.3.1/../../../../arm-atollic-eabi/lib/armv7e-m/fpu\libm.a(lib_a-w_pow.o)
                0x080086c0                pow
 .text.__ieee754_pow
                0x080089b0      0xa24 c:/program files (x86)/atollic/truestudio for stm32 9.3.0/armtools/bin/../lib/gcc/arm-atollic-eabi/6.3.1/../../../../arm-atollic-eabi/lib/armv7e-m/fpu\libm.a(lib_a-e_pow.o)
                0x080089b0                __ieee754_pow
 .text.__ieee754_sqrt
                0x080093d4      0x160 c:/program files (x86)/atollic/truestudio for stm32 9.3.0/armtools/bin/../lib/gcc/arm-atollic-eabi/6.3.1/../../../../arm-atollic-eabi/lib/armv7e-m/fpu\libm.a(lib_a-e_sqrt.o)
                0x080093d4                __ieee754_sqrt
 .text.fabs     0x08009534        0xe c:/program files (x86)/atollic/truestudio for stm32 9.3.0/armtools/bin/../lib/gcc/arm-atollic-eabi/6.3.1/../../../../arm-atollic-eabi/lib/armv7e-m/fpu\libm.a(lib_a-s_fabs.o)
                0x08009534                fabs
 .text.finite   0x08009542       0x10 c:/program files (x86)/atollic/truestudio for stm32 9.3.0/armtools/bin/../lib/gcc/arm-atollic-eabi/6.3.1/../../../../arm-atollic-eabi/lib/armv7e-m/fpu\libm.a(lib_a-s_finite.o)
                0x08009542                finite
 .text.matherr  0x08009552        0x4 c:/program files (x86)/atollic/truestudio for stm32 9.3.0/armtools/bin/../lib/gcc/arm-atollic-eabi/6.3.1/../../../../arm-atollic-eabi/lib/armv7e-m/fpu\libm.a(lib_a-s_matherr.o)
                0x08009552                matherr
 *fill*         0x08009556        0x2 
 .text.nan      0x08009558       0x10 c:/program files (x86)/atollic/truestudio for stm32 9.3.0/armtools/bin/../lib/gcc/arm-atollic-eabi/6.3.1/../../../../arm-atollic-eabi/lib/armv7e-m/fpu\libm.a(lib_a-s_nan.o)
                0x08009558                nan
 .text.rint     0x08009568      0x110 c:/program files (x86)/atollic/truestudio for stm32 9.3.0/armtools/bin/../lib/gcc/arm-atollic-eabi/6.3.1/../../../../arm-atollic-eabi/lib/armv7e-m/fpu\libm.a(lib_a-s_rint.o)
                0x08009568                rint
 .text.scalbn   0x08009678       0xf4 c:/program files (x86)/atollic/truestudio for stm32 9.3.0/armtools/bin/../lib/gcc/arm-atollic-eabi/6.3.1/../../../../arm-atollic-eabi/lib/armv7e-m/fpu\libm.a(lib_a-s_scalbn.o)
                0x08009678                scalbn
 .text.copysign
                0x0800976c       0x1a c:/program files (x86)/atollic/truestudio for stm32 9.3.0/armtools/bin/../lib/gcc/arm-atollic-eabi/6.3.1/../../../../arm-atollic-eabi/lib/armv7e-m/fpu\libm.a(lib_a-s_copysign.o)
                0x0800976c                copysign
 *fill*         0x08009786        0x2 
 .text.__errno  0x08009788        0xc c:/program files (x86)/atollic/truestudio for stm32 9.3.0/armtools/bin/../lib/gcc/arm-atollic-eabi/6.3.1/../../../../arm-atollic-eabi/lib/armv7e-m/fpu\libc.a(lib_a-errno.o)
                0x08009788                __errno
 .text.__sflush_r
                0x08009794      0x124 c:/program files (x86)/atollic/truestudio for stm32 9.3.0/armtools/bin/../lib/gcc/arm-atollic-eabi/6.3.1/../../../../arm-atollic-eabi/lib/armv7e-m/fpu\libc.a(lib_a-fflush.o)
                0x08009794                __sflush_r
 .text._fflush_r
                0x080098b8       0x78 c:/program files (x86)/atollic/truestudio for stm32 9.3.0/armtools/bin/../lib/gcc/arm-atollic-eabi/6.3.1/../../../../arm-atollic-eabi/lib/armv7e-m/fpu\libc.a(lib_a-fflush.o)
                0x080098b8                _fflush_r
 .text.fflush   0x08009930       0x24 c:/program files (x86)/atollic/truestudio for stm32 9.3.0/armtools/bin/../lib/gcc/arm-atollic-eabi/6.3.1/../../../../arm-atollic-eabi/lib/armv7e-m/fpu\libc.a(lib_a-fflush.o)
                0x08009930                fflush
 .text._cleanup_r
                0x08009954        0xc c:/program files (x86)/atollic/truestudio for stm32 9.3.0/armtools/bin/../lib/gcc/arm-atollic-eabi/6.3.1/../../../../arm-atollic-eabi/lib/armv7e-m/fpu\libc.a(lib_a-findfp.o)
                0x08009954                _cleanup_r
 .text.std.isra.0
                0x08009960       0x48 c:/program files (x86)/atollic/truestudio for stm32 9.3.0/armtools/bin/../lib/gcc/arm-atollic-eabi/6.3.1/../../../../arm-atollic-eabi/lib/armv7e-m/fpu\libc.a(lib_a-findfp.o)
 .text.__sfmoreglue
                0x080099a8       0x2c c:/program files (x86)/atollic/truestudio for stm32 9.3.0/armtools/bin/../lib/gcc/arm-atollic-eabi/6.3.1/../../../../arm-atollic-eabi/lib/armv7e-m/fpu\libc.a(lib_a-findfp.o)
                0x080099a8                __sfmoreglue
 .text.__sfp_lock_acquire
                0x080099d4        0xc c:/program files (x86)/atollic/truestudio for stm32 9.3.0/armtools/bin/../lib/gcc/arm-atollic-eabi/6.3.1/../../../../arm-atollic-eabi/lib/armv7e-m/fpu\libc.a(lib_a-findfp.o)
                0x080099d4                __sfp_lock_acquire
 .text.__sfp_lock_release
                0x080099e0        0xc c:/program files (x86)/atollic/truestudio for stm32 9.3.0/armtools/bin/../lib/gcc/arm-atollic-eabi/6.3.1/../../../../arm-atollic-eabi/lib/armv7e-m/fpu\libc.a(lib_a-findfp.o)
                0x080099e0                __sfp_lock_release
 .text.__sinit_lock_acquire
                0x080099ec        0xc c:/program files (x86)/atollic/truestudio for stm32 9.3.0/armtools/bin/../lib/gcc/arm-atollic-eabi/6.3.1/../../../../arm-atollic-eabi/lib/armv7e-m/fpu\libc.a(lib_a-findfp.o)
                0x080099ec                __sinit_lock_acquire
 .text.__sinit_lock_release
                0x080099f8        0xc c:/program files (x86)/atollic/truestudio for stm32 9.3.0/armtools/bin/../lib/gcc/arm-atollic-eabi/6.3.1/../../../../arm-atollic-eabi/lib/armv7e-m/fpu\libc.a(lib_a-findfp.o)
                0x080099f8                __sinit_lock_release
 .text.__sinit  0x08009a04       0x74 c:/program files (x86)/atollic/truestudio for stm32 9.3.0/armtools/bin/../lib/gcc/arm-atollic-eabi/6.3.1/../../../../arm-atollic-eabi/lib/armv7e-m/fpu\libc.a(lib_a-findfp.o)
                0x08009a04                __sinit
 .text.__sfp    0x08009a78       0x8c c:/program files (x86)/atollic/truestudio for stm32 9.3.0/armtools/bin/../lib/gcc/arm-atollic-eabi/6.3.1/../../../../arm-atollic-eabi/lib/armv7e-m/fpu\libc.a(lib_a-findfp.o)
                0x08009a78                __sfp
 .text._malloc_trim_r
                0x08009b04       0xac c:/program files (x86)/atollic/truestudio for stm32 9.3.0/armtools/bin/../lib/gcc/arm-atollic-eabi/6.3.1/../../../../arm-atollic-eabi/lib/armv7e-m/fpu\libc.a(lib_a-freer.o)
                0x08009b04                _malloc_trim_r
 .text._free_r  0x08009bb0      0x178 c:/program files (x86)/atollic/truestudio for stm32 9.3.0/armtools/bin/../lib/gcc/arm-atollic-eabi/6.3.1/../../../../arm-atollic-eabi/lib/armv7e-m/fpu\libc.a(lib_a-freer.o)
                0x08009bb0                _free_r
 .text._fwalk_reent
                0x08009d28       0x3c c:/program files (x86)/atollic/truestudio for stm32 9.3.0/armtools/bin/../lib/gcc/arm-atollic-eabi/6.3.1/../../../../arm-atollic-eabi/lib/armv7e-m/fpu\libc.a(lib_a-fwalk.o)
                0x08009d28                _fwalk_reent
 .text.__libc_init_array
                0x08009d64       0x48 c:/program files (x86)/atollic/truestudio for stm32 9.3.0/armtools/bin/../lib/gcc/arm-atollic-eabi/6.3.1/../../../../arm-atollic-eabi/lib/armv7e-m/fpu\libc.a(lib_a-init.o)
                0x08009d64                __libc_init_array
 .text.__retarget_lock_init_recursive
                0x08009dac        0x2 c:/program files (x86)/atollic/truestudio for stm32 9.3.0/armtools/bin/../lib/gcc/arm-atollic-eabi/6.3.1/../../../../arm-atollic-eabi/lib/armv7e-m/fpu\libc.a(lib_a-lock.o)
                0x08009dac                __retarget_lock_init_recursive
 .text.__retarget_lock_close_recursive
                0x08009dae        0x2 c:/program files (x86)/atollic/truestudio for stm32 9.3.0/armtools/bin/../lib/gcc/arm-atollic-eabi/6.3.1/../../../../arm-atollic-eabi/lib/armv7e-m/fpu\libc.a(lib_a-lock.o)
                0x08009dae                __retarget_lock_close_recursive
 .text.__retarget_lock_acquire_recursive
                0x08009db0        0x2 c:/program files (x86)/atollic/truestudio for stm32 9.3.0/armtools/bin/../lib/gcc/arm-atollic-eabi/6.3.1/../../../../arm-atollic-eabi/lib/armv7e-m/fpu\libc.a(lib_a-lock.o)
                0x08009db0                __retarget_lock_acquire_recursive
 .text.__retarget_lock_release_recursive
                0x08009db2        0x2 c:/program files (x86)/atollic/truestudio for stm32 9.3.0/armtools/bin/../lib/gcc/arm-atollic-eabi/6.3.1/../../../../arm-atollic-eabi/lib/armv7e-m/fpu\libc.a(lib_a-lock.o)
                0x08009db2                __retarget_lock_release_recursive
 .text._malloc_r
                0x08009db4      0x41c c:/program files (x86)/atollic/truestudio for stm32 9.3.0/armtools/bin/../lib/gcc/arm-atollic-eabi/6.3.1/../../../../arm-atollic-eabi/lib/armv7e-m/fpu\libc.a(lib_a-mallocr.o)
                0x08009db4                _malloc_r
 .text.memcmp   0x0800a1d0       0x1e c:/program files (x86)/atollic/truestudio for stm32 9.3.0/armtools/bin/../lib/gcc/arm-atollic-eabi/6.3.1/../../../../arm-atollic-eabi/lib/armv7e-m/fpu\libc.a(lib_a-memcmp.o)
                0x0800a1d0                memcmp
 .text.memcpy   0x0800a1ee       0x16 c:/program files (x86)/atollic/truestudio for stm32 9.3.0/armtools/bin/../lib/gcc/arm-atollic-eabi/6.3.1/../../../../arm-atollic-eabi/lib/armv7e-m/fpu\libc.a(lib_a-memcpy-stub.o)
                0x0800a1ee                memcpy
 .text.memset   0x0800a204       0x10 c:/program files (x86)/atollic/truestudio for stm32 9.3.0/armtools/bin/../lib/gcc/arm-atollic-eabi/6.3.1/../../../../arm-atollic-eabi/lib/armv7e-m/fpu\libc.a(lib_a-memset.o)
                0x0800a204                memset
 .text.__malloc_lock
                0x0800a214        0xc c:/program files (x86)/atollic/truestudio for stm32 9.3.0/armtools/bin/../lib/gcc/arm-atollic-eabi/6.3.1/../../../../arm-atollic-eabi/lib/armv7e-m/fpu\libc.a(lib_a-mlock.o)
                0x0800a214                __malloc_lock
 .text.__malloc_unlock
                0x0800a220        0xc c:/program files (x86)/atollic/truestudio for stm32 9.3.0/armtools/bin/../lib/gcc/arm-atollic-eabi/6.3.1/../../../../arm-atollic-eabi/lib/armv7e-m/fpu\libc.a(lib_a-mlock.o)
                0x0800a220                __malloc_unlock
 .text.printf   0x0800a22c       0x30 c:/program files (x86)/atollic/truestudio for stm32 9.3.0/armtools/bin/../lib/gcc/arm-atollic-eabi/6.3.1/../../../../arm-atollic-eabi/lib/armv7e-m/fpu\libc.a(lib_a-printf.o)
                0x0800a22c                printf
 .text.putchar  0x0800a25c       0x28 c:/program files (x86)/atollic/truestudio for stm32 9.3.0/armtools/bin/../lib/gcc/arm-atollic-eabi/6.3.1/../../../../arm-atollic-eabi/lib/armv7e-m/fpu\libc.a(lib_a-putchar.o)
                0x0800a25c                putchar
 .text._puts_r  0x0800a284       0xc0 c:/program files (x86)/atollic/truestudio for stm32 9.3.0/armtools/bin/../lib/gcc/arm-atollic-eabi/6.3.1/../../../../arm-atollic-eabi/lib/armv7e-m/fpu\libc.a(lib_a-puts.o)
                0x0800a284                _puts_r
 .text.puts     0x0800a344       0x10 c:/program files (x86)/atollic/truestudio for stm32 9.3.0/armtools/bin/../lib/gcc/arm-atollic-eabi/6.3.1/../../../../arm-atollic-eabi/lib/armv7e-m/fpu\libc.a(lib_a-puts.o)
                0x0800a344                puts
 .text._sbrk_r  0x0800a354       0x20 c:/program files (x86)/atollic/truestudio for stm32 9.3.0/armtools/bin/../lib/gcc/arm-atollic-eabi/6.3.1/../../../../arm-atollic-eabi/lib/armv7e-m/fpu\libc.a(lib_a-sbrkr.o)
                0x0800a354                _sbrk_r
 .text.sprintf  0x0800a374       0x48 c:/program files (x86)/atollic/truestudio for stm32 9.3.0/armtools/bin/../lib/gcc/arm-atollic-eabi/6.3.1/../../../../arm-atollic-eabi/lib/armv7e-m/fpu\libc.a(lib_a-sprintf.o)
                0x0800a374                sprintf
 .text.__sread  0x0800a3bc       0x22 c:/program files (x86)/atollic/truestudio for stm32 9.3.0/armtools/bin/../lib/gcc/arm-atollic-eabi/6.3.1/../../../../arm-atollic-eabi/lib/armv7e-m/fpu\libc.a(lib_a-stdio.o)
                0x0800a3bc                __sread
 .text.__swrite
                0x0800a3de       0x38 c:/program files (x86)/atollic/truestudio for stm32 9.3.0/armtools/bin/../lib/gcc/arm-atollic-eabi/6.3.1/../../../../arm-atollic-eabi/lib/armv7e-m/fpu\libc.a(lib_a-stdio.o)
                0x0800a3de                __swrite
 .text.__sseek  0x0800a416       0x24 c:/program files (x86)/atollic/truestudio for stm32 9.3.0/armtools/bin/../lib/gcc/arm-atollic-eabi/6.3.1/../../../../arm-atollic-eabi/lib/armv7e-m/fpu\libc.a(lib_a-stdio.o)
                0x0800a416                __sseek
 .text.__sclose
                0x0800a43a        0x8 c:/program files (x86)/atollic/truestudio for stm32 9.3.0/armtools/bin/../lib/gcc/arm-atollic-eabi/6.3.1/../../../../arm-atollic-eabi/lib/armv7e-m/fpu\libc.a(lib_a-stdio.o)
                0x0800a43a                __sclose
 *fill*         0x0800a442        0x6 
 .text._svfprintf_r
                0x0800a448      0xfa8 c:/program files (x86)/atollic/truestudio for stm32 9.3.0/armtools/bin/../lib/gcc/arm-atollic-eabi/6.3.1/../../../../arm-atollic-eabi/lib/armv7e-m/fpu\libc.a(lib_a-svfprintf.o)
                0x0800a448                _svfprintf_r
 .text._vfprintf_r
                0x0800b3f0     0x1078 c:/program files (x86)/atollic/truestudio for stm32 9.3.0/armtools/bin/../lib/gcc/arm-atollic-eabi/6.3.1/../../../../arm-atollic-eabi/lib/armv7e-m/fpu\libc.a(lib_a-vfprintf.o)
                0x0800b3f0                _vfprintf_r
 .text.__sbprintf
                0x0800c468       0x80 c:/program files (x86)/atollic/truestudio for stm32 9.3.0/armtools/bin/../lib/gcc/arm-atollic-eabi/6.3.1/../../../../arm-atollic-eabi/lib/armv7e-m/fpu\libc.a(lib_a-vfprintf.o)
 .text._write_r
                0x0800c4e8       0x24 c:/program files (x86)/atollic/truestudio for stm32 9.3.0/armtools/bin/../lib/gcc/arm-atollic-eabi/6.3.1/../../../../arm-atollic-eabi/lib/armv7e-m/fpu\libc.a(lib_a-writer.o)
                0x0800c4e8                _write_r
 .text.__swsetup_r
                0x0800c50c       0xdc c:/program files (x86)/atollic/truestudio for stm32 9.3.0/armtools/bin/../lib/gcc/arm-atollic-eabi/6.3.1/../../../../arm-atollic-eabi/lib/armv7e-m/fpu\libc.a(lib_a-wsetup.o)
                0x0800c50c                __swsetup_r
 .text._close_r
                0x0800c5e8       0x20 c:/program files (x86)/atollic/truestudio for stm32 9.3.0/armtools/bin/../lib/gcc/arm-atollic-eabi/6.3.1/../../../../arm-atollic-eabi/lib/armv7e-m/fpu\libc.a(lib_a-closer.o)
                0x0800c5e8                _close_r
 .text.quorem   0x0800c608      0x118 c:/program files (x86)/atollic/truestudio for stm32 9.3.0/armtools/bin/../lib/gcc/arm-atollic-eabi/6.3.1/../../../../arm-atollic-eabi/lib/armv7e-m/fpu\libc.a(lib_a-dtoa.o)
 .text._dtoa_r  0x0800c720      0xb9c c:/program files (x86)/atollic/truestudio for stm32 9.3.0/armtools/bin/../lib/gcc/arm-atollic-eabi/6.3.1/../../../../arm-atollic-eabi/lib/armv7e-m/fpu\libc.a(lib_a-dtoa.o)
                0x0800c720                _dtoa_r
 .text._fclose_r
                0x0800d2bc       0xd8 c:/program files (x86)/atollic/truestudio for stm32 9.3.0/armtools/bin/../lib/gcc/arm-atollic-eabi/6.3.1/../../../../arm-atollic-eabi/lib/armv7e-m/fpu\libc.a(lib_a-fclose.o)
                0x0800d2bc                _fclose_r
 .text.__sfvwrite_r
                0x0800d394      0x29c c:/program files (x86)/atollic/truestudio for stm32 9.3.0/armtools/bin/../lib/gcc/arm-atollic-eabi/6.3.1/../../../../arm-atollic-eabi/lib/armv7e-m/fpu\libc.a(lib_a-fvwrite.o)
                0x0800d394                __sfvwrite_r
 .text._localeconv_r
                0x0800d630       0x1c c:/program files (x86)/atollic/truestudio for stm32 9.3.0/armtools/bin/../lib/gcc/arm-atollic-eabi/6.3.1/../../../../arm-atollic-eabi/lib/armv7e-m/fpu\libc.a(lib_a-localeconv.o)
                0x0800d630                _localeconv_r
 .text._lseek_r
                0x0800d64c       0x24 c:/program files (x86)/atollic/truestudio for stm32 9.3.0/armtools/bin/../lib/gcc/arm-atollic-eabi/6.3.1/../../../../arm-atollic-eabi/lib/armv7e-m/fpu\libc.a(lib_a-lseekr.o)
                0x0800d64c                _lseek_r
 .text.__swhatbuf_r
                0x0800d670       0x56 c:/program files (x86)/atollic/truestudio for stm32 9.3.0/armtools/bin/../lib/gcc/arm-atollic-eabi/6.3.1/../../../../arm-atollic-eabi/lib/armv7e-m/fpu\libc.a(lib_a-makebuf.o)
                0x0800d670                __swhatbuf_r
 *fill*         0x0800d6c6        0x2 
 .text.__smakebuf_r
                0x0800d6c8       0x80 c:/program files (x86)/atollic/truestudio for stm32 9.3.0/armtools/bin/../lib/gcc/arm-atollic-eabi/6.3.1/../../../../arm-atollic-eabi/lib/armv7e-m/fpu\libc.a(lib_a-makebuf.o)
                0x0800d6c8                __smakebuf_r
 .text.malloc   0x0800d748       0x10 c:/program files (x86)/atollic/truestudio for stm32 9.3.0/armtools/bin/../lib/gcc/arm-atollic-eabi/6.3.1/../../../../arm-atollic-eabi/lib/armv7e-m/fpu\libc.a(lib_a-malloc.o)
                0x0800d748                malloc
 .text.memmove  0x0800d758       0x34 c:/program files (x86)/atollic/truestudio for stm32 9.3.0/armtools/bin/../lib/gcc/arm-atollic-eabi/6.3.1/../../../../arm-atollic-eabi/lib/armv7e-m/fpu\libc.a(lib_a-memmove.o)
                0x0800d758                memmove
 .text._Balloc  0x0800d78c       0x68 c:/program files (x86)/atollic/truestudio for stm32 9.3.0/armtools/bin/../lib/gcc/arm-atollic-eabi/6.3.1/../../../../arm-atollic-eabi/lib/armv7e-m/fpu\libc.a(lib_a-mprec.o)
                0x0800d78c                _Balloc
 .text._Bfree   0x0800d7f4       0x2e c:/program files (x86)/atollic/truestudio for stm32 9.3.0/armtools/bin/../lib/gcc/arm-atollic-eabi/6.3.1/../../../../arm-atollic-eabi/lib/armv7e-m/fpu\libc.a(lib_a-mprec.o)
                0x0800d7f4                _Bfree
 .text.__multadd
                0x0800d822       0x76 c:/program files (x86)/atollic/truestudio for stm32 9.3.0/armtools/bin/../lib/gcc/arm-atollic-eabi/6.3.1/../../../../arm-atollic-eabi/lib/armv7e-m/fpu\libc.a(lib_a-mprec.o)
                0x0800d822                __multadd
 .text.__hi0bits
                0x0800d898       0x3e c:/program files (x86)/atollic/truestudio for stm32 9.3.0/armtools/bin/../lib/gcc/arm-atollic-eabi/6.3.1/../../../../arm-atollic-eabi/lib/armv7e-m/fpu\libc.a(lib_a-mprec.o)
                0x0800d898                __hi0bits
 .text.__lo0bits
                0x0800d8d6       0x5e c:/program files (x86)/atollic/truestudio for stm32 9.3.0/armtools/bin/../lib/gcc/arm-atollic-eabi/6.3.1/../../../../arm-atollic-eabi/lib/armv7e-m/fpu\libc.a(lib_a-mprec.o)
                0x0800d8d6                __lo0bits
 .text.__i2b    0x0800d934       0x12 c:/program files (x86)/atollic/truestudio for stm32 9.3.0/armtools/bin/../lib/gcc/arm-atollic-eabi/6.3.1/../../../../arm-atollic-eabi/lib/armv7e-m/fpu\libc.a(lib_a-mprec.o)
                0x0800d934                __i2b
 .text.__multiply
                0x0800d946      0x11a c:/program files (x86)/atollic/truestudio for stm32 9.3.0/armtools/bin/../lib/gcc/arm-atollic-eabi/6.3.1/../../../../arm-atollic-eabi/lib/armv7e-m/fpu\libc.a(lib_a-mprec.o)
                0x0800d946                __multiply
 .text.__pow5mult
                0x0800da60       0x9c c:/program files (x86)/atollic/truestudio for stm32 9.3.0/armtools/bin/../lib/gcc/arm-atollic-eabi/6.3.1/../../../../arm-atollic-eabi/lib/armv7e-m/fpu\libc.a(lib_a-mprec.o)
                0x0800da60                __pow5mult
 .text.__lshift
                0x0800dafc       0xa2 c:/program files (x86)/atollic/truestudio for stm32 9.3.0/armtools/bin/../lib/gcc/arm-atollic-eabi/6.3.1/../../../../arm-atollic-eabi/lib/armv7e-m/fpu\libc.a(lib_a-mprec.o)
                0x0800dafc                __lshift
 .text.__mcmp   0x0800db9e       0x34 c:/program files (x86)/atollic/truestudio for stm32 9.3.0/armtools/bin/../lib/gcc/arm-atollic-eabi/6.3.1/../../../../arm-atollic-eabi/lib/armv7e-m/fpu\libc.a(lib_a-mprec.o)
                0x0800db9e                __mcmp
 .text.__mdiff  0x0800dbd2       0xbc c:/program files (x86)/atollic/truestudio for stm32 9.3.0/armtools/bin/../lib/gcc/arm-atollic-eabi/6.3.1/../../../../arm-atollic-eabi/lib/armv7e-m/fpu\libc.a(lib_a-mprec.o)
                0x0800dbd2                __mdiff
 .text.__d2b    0x0800dc8e       0x9e c:/program files (x86)/atollic/truestudio for stm32 9.3.0/armtools/bin/../lib/gcc/arm-atollic-eabi/6.3.1/../../../../arm-atollic-eabi/lib/armv7e-m/fpu\libc.a(lib_a-mprec.o)
                0x0800dc8e                __d2b
 .text._putc_r  0x0800dd2c       0x90 c:/program files (x86)/atollic/truestudio for stm32 9.3.0/armtools/bin/../lib/gcc/arm-atollic-eabi/6.3.1/../../../../arm-atollic-eabi/lib/armv7e-m/fpu\libc.a(lib_a-putc.o)
                0x0800dd2c                _putc_r
 .text._read_r  0x0800ddbc       0x24 c:/program files (x86)/atollic/truestudio for stm32 9.3.0/armtools/bin/../lib/gcc/arm-atollic-eabi/6.3.1/../../../../arm-atollic-eabi/lib/armv7e-m/fpu\libc.a(lib_a-readr.o)
                0x0800ddbc                _read_r
 .text._realloc_r
                0x0800dde0      0x300 c:/program files (x86)/atollic/truestudio for stm32 9.3.0/armtools/bin/../lib/gcc/arm-atollic-eabi/6.3.1/../../../../arm-atollic-eabi/lib/armv7e-m/fpu\libc.a(lib_a-reallocr.o)
                0x0800dde0                _realloc_r
 .text.__ssprint_r
                0x0800e0e0       0xf4 c:/program files (x86)/atollic/truestudio for stm32 9.3.0/armtools/bin/../lib/gcc/arm-atollic-eabi/6.3.1/../../../../arm-atollic-eabi/lib/armv7e-m/fpu\libc.a(lib_a-svfiprintf.o)
                0x0800e0e0                __ssprint_r
 .text.__sprint_r
                0x0800e1d4       0x6a c:/program files (x86)/atollic/truestudio for stm32 9.3.0/armtools/bin/../lib/gcc/arm-atollic-eabi/6.3.1/../../../../arm-atollic-eabi/lib/armv7e-m/fpu\libc.a(lib_a-vfiprintf.o)
                0x0800e1d4                __sprint_r
 *fill*         0x0800e23e        0x2 
 .text.__swbuf_r
                0x0800e240       0xbc c:/program files (x86)/atollic/truestudio for stm32 9.3.0/armtools/bin/../lib/gcc/arm-atollic-eabi/6.3.1/../../../../arm-atollic-eabi/lib/armv7e-m/fpu\libc.a(lib_a-wbuf.o)
                0x0800e240                __swbuf_r
 .text._calloc_r
                0x0800e2fc       0x5a c:/program files (x86)/atollic/truestudio for stm32 9.3.0/armtools/bin/../lib/gcc/arm-atollic-eabi/6.3.1/../../../../arm-atollic-eabi/lib/armv7e-m/fpu\libc.a(lib_a-callocr.o)
                0x0800e2fc                _calloc_r
 .text.__fputwc
                0x0800e356       0x82 c:/program files (x86)/atollic/truestudio for stm32 9.3.0/armtools/bin/../lib/gcc/arm-atollic-eabi/6.3.1/../../../../arm-atollic-eabi/lib/armv7e-m/fpu\libc.a(lib_a-fputwc.o)
                0x0800e356                __fputwc
 .text._fputwc_r
                0x0800e3d8       0x52 c:/program files (x86)/atollic/truestudio for stm32 9.3.0/armtools/bin/../lib/gcc/arm-atollic-eabi/6.3.1/../../../../arm-atollic-eabi/lib/armv7e-m/fpu\libc.a(lib_a-fputwc.o)
                0x0800e3d8                _fputwc_r
 *fill*         0x0800e42a        0x2 
 .text._fstat_r
                0x0800e42c       0x24 c:/program files (x86)/atollic/truestudio for stm32 9.3.0/armtools/bin/../lib/gcc/arm-atollic-eabi/6.3.1/../../../../arm-atollic-eabi/lib/armv7e-m/fpu\libc.a(lib_a-fstatr.o)
                0x0800e42c                _fstat_r
 .text._isatty_r
                0x0800e450       0x20 c:/program files (x86)/atollic/truestudio for stm32 9.3.0/armtools/bin/../lib/gcc/arm-atollic-eabi/6.3.1/../../../../arm-atollic-eabi/lib/armv7e-m/fpu\libc.a(lib_a-isattyr.o)
                0x0800e450                _isatty_r
 .text.__locale_mb_cur_max
                0x0800e470       0x1c c:/program files (x86)/atollic/truestudio for stm32 9.3.0/armtools/bin/../lib/gcc/arm-atollic-eabi/6.3.1/../../../../arm-atollic-eabi/lib/armv7e-m/fpu\libc.a(lib_a-locale.o)
                0x0800e470                __locale_mb_cur_max
 .text.__ascii_mbtowc
                0x0800e48c       0x24 c:/program files (x86)/atollic/truestudio for stm32 9.3.0/armtools/bin/../lib/gcc/arm-atollic-eabi/6.3.1/../../../../arm-atollic-eabi/lib/armv7e-m/fpu\libc.a(lib_a-mbtowc_r.o)
                0x0800e48c                __ascii_mbtowc
 .text._wcrtomb_r
                0x0800e4b0       0x50 c:/program files (x86)/atollic/truestudio for stm32 9.3.0/armtools/bin/../lib/gcc/arm-atollic-eabi/6.3.1/../../../../arm-atollic-eabi/lib/armv7e-m/fpu\libc.a(lib_a-wcrtomb.o)
                0x0800e4b0                _wcrtomb_r
 .text.__ascii_wctomb
                0x0800e500       0x1a c:/program files (x86)/atollic/truestudio for stm32 9.3.0/armtools/bin/../lib/gcc/arm-atollic-eabi/6.3.1/../../../../arm-atollic-eabi/lib/armv7e-m/fpu\libc.a(lib_a-wctomb_r.o)
                0x0800e500                __ascii_wctomb
 .text.abort    0x0800e51a        0xe c:/program files (x86)/atollic/truestudio for stm32 9.3.0/armtools/bin/../lib/gcc/arm-atollic-eabi/6.3.1/../../../../arm-atollic-eabi/lib/armv7e-m/fpu\libc.a(lib_a-abort.o)
                0x0800e51a                abort
 .text._raise_r
                0x0800e528       0x50 c:/program files (x86)/atollic/truestudio for stm32 9.3.0/armtools/bin/../lib/gcc/arm-atollic-eabi/6.3.1/../../../../arm-atollic-eabi/lib/armv7e-m/fpu\libc.a(lib_a-signal.o)
                0x0800e528                _raise_r
 .text.raise    0x0800e578       0x10 c:/program files (x86)/atollic/truestudio for stm32 9.3.0/armtools/bin/../lib/gcc/arm-atollic-eabi/6.3.1/../../../../arm-atollic-eabi/lib/armv7e-m/fpu\libc.a(lib_a-signal.o)
                0x0800e578                raise
 .text._kill_r  0x0800e588       0x24 c:/program files (x86)/atollic/truestudio for stm32 9.3.0/armtools/bin/../lib/gcc/arm-atollic-eabi/6.3.1/../../../../arm-atollic-eabi/lib/armv7e-m/fpu\libc.a(lib_a-signalr.o)
                0x0800e588                _kill_r
 .text._getpid_r
                0x0800e5ac        0x4 c:/program files (x86)/atollic/truestudio for stm32 9.3.0/armtools/bin/../lib/gcc/arm-atollic-eabi/6.3.1/../../../../arm-atollic-eabi/lib/armv7e-m/fpu\libc.a(lib_a-signalr.o)
                0x0800e5ac                _getpid_r
 *(.glue_7)
 .glue_7        0x0800e5b0        0x0 linker stubs
 *(.glue_7t)
 .glue_7t       0x0800e5b0        0x0 linker stubs
 *(.eh_frame)
 .eh_frame      0x0800e5b0        0x0 c:/program files (x86)/atollic/truestudio for stm32 9.3.0/armtools/bin/../lib/gcc/arm-atollic-eabi/6.3.1/armv7e-m/fpu/crtbegin.o
 *(.init)
 .init          0x0800e5b0        0x4 c:/program files (x86)/atollic/truestudio for stm32 9.3.0/armtools/bin/../lib/gcc/arm-atollic-eabi/6.3.1/armv7e-m/fpu/crti.o
                0x0800e5b0                _init
 .init          0x0800e5b4        0x8 c:/program files (x86)/atollic/truestudio for stm32 9.3.0/armtools/bin/../lib/gcc/arm-atollic-eabi/6.3.1/armv7e-m/fpu/crtn.o
 *(.fini)
 .fini          0x0800e5bc        0x4 c:/program files (x86)/atollic/truestudio for stm32 9.3.0/armtools/bin/../lib/gcc/arm-atollic-eabi/6.3.1/armv7e-m/fpu/crti.o
                0x0800e5bc                _fini
 .fini          0x0800e5c0        0x8 c:/program files (x86)/atollic/truestudio for stm32 9.3.0/armtools/bin/../lib/gcc/arm-atollic-eabi/6.3.1/armv7e-m/fpu/crtn.o
                0x0800e5c8                . = ALIGN (0x4)
                0x0800e5c8                _etext = .

.vfp11_veneer   0x0800e5c8        0x0
 .vfp11_veneer  0x0800e5c8        0x0 linker stubs

.v4_bx          0x0800e5c8        0x0
 .v4_bx         0x0800e5c8        0x0 linker stubs

.iplt           0x0800e5c8        0x0
 .iplt          0x0800e5c8        0x0 c:/program files (x86)/atollic/truestudio for stm32 9.3.0/armtools/bin/../lib/gcc/arm-atollic-eabi/6.3.1/armv7e-m/fpu/crtbegin.o

.rodata         0x0800e5c8      0xa70
                0x0800e5c8                . = ALIGN (0x4)
 *(.rodata)
 .rodata        0x0800e5c8      0x294 Src\main.o
 .rodata        0x0800e85c       0x36 Src\sample_service.o
 *(.rodata*)
 .rodata.CSWTCH.52
                0x0800e892        0x4 Drivers\STM32L4xx_HAL_Driver\stm32l4xx_hal_uart.o
 .rodata.CSWTCH.53
                0x0800e896        0xd Drivers\STM32L4xx_HAL_Driver\stm32l4xx_hal_uart.o
 .rodata.vTaskStartScheduler.str1.1
                0x0800e8a3        0x5 Middlewares\FreeRTOS\tasks.o
 .rodata.MX_BlueNRG_MS_Init.str1.1
                0x0800e8a8      0x108 Src\app_x-cube-ble1.o
 .rodata.MX_BlueNRG_MS_Process.str1.1
                0x0800e9b0       0x71 Src\app_x-cube-ble1.o
 .rodata.GAP_AdvertisingReport_CB.str1.1
                0x0800ea21       0xaa Src\sample_service.o
 .rodata.GAP_ConnectionComplete_CB.str1.1
                0x0800eacb       0x61 Src\sample_service.o
 .rodata.GAP_DisconnectionComplete_CB.str1.1
                0x0800eb2c        0xd Src\sample_service.o
 .rodata.Make_Connection.str1.1
                0x0800eb39       0x5f Src\sample_service.o
 .rodata.Pair_Devices.str1.1
                0x0800eb98       0x5c Src\sample_service.o
 .rodata.enableNotification.str1.1
                0x0800ebf4       0x37 Src\sample_service.o
 .rodata.user_notify.str1.1
                0x0800ec2b       0x8c Src\sample_service.o
 .rodata.AHBPrescTable
                0x0800ecb7       0x10 Src\system_stm32l4xx.o
                0x0800ecb7                AHBPrescTable
 .rodata.APBPrescTable
                0x0800ecc7        0x8 Src\system_stm32l4xx.o
                0x0800ecc7                APBPrescTable
 *fill*         0x0800eccf        0x1 
 .rodata.MSIRangeTable
                0x0800ecd0       0x30 Src\system_stm32l4xx.o
                0x0800ecd0                MSIRangeTable
 .rodata.pow.str1.1
                0x0800ed00        0x4 c:/program files (x86)/atollic/truestudio for stm32 9.3.0/armtools/bin/../lib/gcc/arm-atollic-eabi/6.3.1/../../../../arm-atollic-eabi/lib/armv7e-m/fpu\libm.a(lib_a-w_pow.o)
 .rodata.__ieee754_pow.str1.1
                0x0800ed04        0x4 c:/program files (x86)/atollic/truestudio for stm32 9.3.0/armtools/bin/../lib/gcc/arm-atollic-eabi/6.3.1/../../../../arm-atollic-eabi/lib/armv7e-m/fpu\libm.a(lib_a-e_pow.o)
                                  0x1 (size before relaxing)
 *fill*         0x0800ed04        0x4 
 .rodata.bp     0x0800ed08       0x10 c:/program files (x86)/atollic/truestudio for stm32 9.3.0/armtools/bin/../lib/gcc/arm-atollic-eabi/6.3.1/../../../../arm-atollic-eabi/lib/armv7e-m/fpu\libm.a(lib_a-e_pow.o)
 .rodata.dp_h   0x0800ed18       0x10 c:/program files (x86)/atollic/truestudio for stm32 9.3.0/armtools/bin/../lib/gcc/arm-atollic-eabi/6.3.1/../../../../arm-atollic-eabi/lib/armv7e-m/fpu\libm.a(lib_a-e_pow.o)
 .rodata.dp_l   0x0800ed28       0x10 c:/program files (x86)/atollic/truestudio for stm32 9.3.0/armtools/bin/../lib/gcc/arm-atollic-eabi/6.3.1/../../../../arm-atollic-eabi/lib/armv7e-m/fpu\libm.a(lib_a-e_pow.o)
 .rodata.TWO52  0x0800ed38       0x10 c:/program files (x86)/atollic/truestudio for stm32 9.3.0/armtools/bin/../lib/gcc/arm-atollic-eabi/6.3.1/../../../../arm-atollic-eabi/lib/armv7e-m/fpu\libm.a(lib_a-s_rint.o)
 .rodata.__sf_fake_stderr
                0x0800ed48       0x20 c:/program files (x86)/atollic/truestudio for stm32 9.3.0/armtools/bin/../lib/gcc/arm-atollic-eabi/6.3.1/../../../../arm-atollic-eabi/lib/armv7e-m/fpu\libc.a(lib_a-findfp.o)
                0x0800ed48                __sf_fake_stderr
 .rodata.__sf_fake_stdin
                0x0800ed68       0x20 c:/program files (x86)/atollic/truestudio for stm32 9.3.0/armtools/bin/../lib/gcc/arm-atollic-eabi/6.3.1/../../../../arm-atollic-eabi/lib/armv7e-m/fpu\libc.a(lib_a-findfp.o)
                0x0800ed68                __sf_fake_stdin
 .rodata.__sf_fake_stdout
                0x0800ed88       0x20 c:/program files (x86)/atollic/truestudio for stm32 9.3.0/armtools/bin/../lib/gcc/arm-atollic-eabi/6.3.1/../../../../arm-atollic-eabi/lib/armv7e-m/fpu\libc.a(lib_a-findfp.o)
                0x0800ed88                __sf_fake_stdout
 .rodata._global_impure_ptr
                0x0800eda8        0x4 c:/program files (x86)/atollic/truestudio for stm32 9.3.0/armtools/bin/../lib/gcc/arm-atollic-eabi/6.3.1/../../../../arm-atollic-eabi/lib/armv7e-m/fpu\libc.a(lib_a-impure.o)
                0x0800eda8                _global_impure_ptr
 .rodata._puts_r.str1.1
                0x0800edac        0x4 c:/program files (x86)/atollic/truestudio for stm32 9.3.0/armtools/bin/../lib/gcc/arm-atollic-eabi/6.3.1/../../../../arm-atollic-eabi/lib/armv7e-m/fpu\libc.a(lib_a-puts.o)
                                  0x2 (size before relaxing)
 .rodata._svfprintf_r.str1.1
                0x0800edac       0x34 c:/program files (x86)/atollic/truestudio for stm32 9.3.0/armtools/bin/../lib/gcc/arm-atollic-eabi/6.3.1/../../../../arm-atollic-eabi/lib/armv7e-m/fpu\libc.a(lib_a-svfprintf.o)
 .rodata.blanks.8359
                0x0800ede0       0x10 c:/program files (x86)/atollic/truestudio for stm32 9.3.0/armtools/bin/../lib/gcc/arm-atollic-eabi/6.3.1/../../../../arm-atollic-eabi/lib/armv7e-m/fpu\libc.a(lib_a-svfprintf.o)
 .rodata.zeroes.8360
                0x0800edf0       0x10 c:/program files (x86)/atollic/truestudio for stm32 9.3.0/armtools/bin/../lib/gcc/arm-atollic-eabi/6.3.1/../../../../arm-atollic-eabi/lib/armv7e-m/fpu\libc.a(lib_a-svfprintf.o)
 .rodata._vfprintf_r.str1.1
                0x0800ee00       0x34 c:/program files (x86)/atollic/truestudio for stm32 9.3.0/armtools/bin/../lib/gcc/arm-atollic-eabi/6.3.1/../../../../arm-atollic-eabi/lib/armv7e-m/fpu\libc.a(lib_a-vfprintf.o)
 .rodata.blanks.8374
                0x0800ee00       0x10 c:/program files (x86)/atollic/truestudio for stm32 9.3.0/armtools/bin/../lib/gcc/arm-atollic-eabi/6.3.1/../../../../arm-atollic-eabi/lib/armv7e-m/fpu\libc.a(lib_a-vfprintf.o)
 .rodata.zeroes.8375
                0x0800ee10       0x10 c:/program files (x86)/atollic/truestudio for stm32 9.3.0/armtools/bin/../lib/gcc/arm-atollic-eabi/6.3.1/../../../../arm-atollic-eabi/lib/armv7e-m/fpu\libc.a(lib_a-vfprintf.o)
 .rodata._dtoa_r.str1.1
                0x0800ee20        0xd c:/program files (x86)/atollic/truestudio for stm32 9.3.0/armtools/bin/../lib/gcc/arm-atollic-eabi/6.3.1/../../../../arm-atollic-eabi/lib/armv7e-m/fpu\libc.a(lib_a-dtoa.o)
                                  0xf (size before relaxing)
 *fill*         0x0800ee2d        0x3 
 .rodata.__mprec_bigtens
                0x0800ee30       0x28 c:/program files (x86)/atollic/truestudio for stm32 9.3.0/armtools/bin/../lib/gcc/arm-atollic-eabi/6.3.1/../../../../arm-atollic-eabi/lib/armv7e-m/fpu\libc.a(lib_a-mprec.o)
                0x0800ee30                __mprec_bigtens
 .rodata.__mprec_tens
                0x0800ee58       0xc8 c:/program files (x86)/atollic/truestudio for stm32 9.3.0/armtools/bin/../lib/gcc/arm-atollic-eabi/6.3.1/../../../../arm-atollic-eabi/lib/armv7e-m/fpu\libc.a(lib_a-mprec.o)
                0x0800ee58                __mprec_tens
 .rodata.p05.7196
                0x0800ef20        0xc c:/program files (x86)/atollic/truestudio for stm32 9.3.0/armtools/bin/../lib/gcc/arm-atollic-eabi/6.3.1/../../../../arm-atollic-eabi/lib/armv7e-m/fpu\libc.a(lib_a-mprec.o)
 .rodata._setlocale_r.str1.1
                0x0800ef2c        0x8 c:/program files (x86)/atollic/truestudio for stm32 9.3.0/armtools/bin/../lib/gcc/arm-atollic-eabi/6.3.1/../../../../arm-atollic-eabi/lib/armv7e-m/fpu\libc.a(lib_a-locale.o)
                                  0x9 (size before relaxing)
 .rodata.str1.1
                0x0800ef34        0x8 c:/program files (x86)/atollic/truestudio for stm32 9.3.0/armtools/bin/../lib/gcc/arm-atollic-eabi/6.3.1/../../../../arm-atollic-eabi/lib/armv7e-m/fpu\libc.a(lib_a-locale.o)
                                  0x2 (size before relaxing)
 .rodata._ctype_
                0x0800ef34      0x101 c:/program files (x86)/atollic/truestudio for stm32 9.3.0/armtools/bin/../lib/gcc/arm-atollic-eabi/6.3.1/../../../../arm-atollic-eabi/lib/armv7e-m/fpu\libc.a(lib_a-ctype_.o)
                0x0800ef34                _ctype_
                0x0800f038                . = ALIGN (0x4)
 *fill*         0x0800f035        0x3 

.ARM.extab      0x0800f038       0x9c
 *(.ARM.extab* .gnu.linkonce.armextab.*)
 .ARM.extab.text.main
                0x0800f038        0xc Src\main.o
 .ARM.extab.text._Z18SystemClock_Configv
                0x0800f044        0xc Src\main.o
 .ARM.extab.text._ZL12MX_GPIO_Initv
                0x0800f050        0xc Src\main.o
 .ARM.extab.text._Z16StartDefaultTaskPKv
                0x0800f05c        0xc Src\main.o
 .ARM.extab.text._Z20AskForDataTaskThreadPKv
                0x0800f068        0xc Src\main.o
 .ARM.extab.text._Z22PresentationTaskThreadPKv
                0x0800f074        0xc Src\main.o
 .ARM.extab.text._Z23CommunicationTaskThreadPKv
                0x0800f080        0xc Src\main.o
 .ARM.extab.text._Z19updateReadoutValuesv
                0x0800f08c        0xc Src\main.o
 .ARM.extab.text._Z25printConnectedDevicesTreev
                0x0800f098        0xc Src\main.o
 .ARM.extab.text._ZSt3powIiiEN9__gnu_cxx11__promote_2IT_T0_NS0_9__promoteIS2_XsrSt12__is_integerIS2_E7__valueEE6__typeENS4_IS3_XsrS5_IS3_E7__valueEE6__typeEE6__typeES2_S3_
                0x0800f0a4        0x0 Src\main.o
 .ARM.extab.text.HAL_UART_RxCpltCallback
                0x0800f0a4        0xc Src\main.o
 .ARM.extab.text.HAL_TIM_PeriodElapsedCallback
                0x0800f0b0        0xc Src\main.o
 .ARM.extab     0x0800f0bc       0x18 c:/program files (x86)/atollic/truestudio for stm32 9.3.0/armtools/bin/../lib/gcc/arm-atollic-eabi/6.3.1/armv7e-m/fpu\libgcc.a(pr-support.o)

.ARM            0x0800f0d4      0x130
                0x0800f0d4                __exidx_start = .
 *(.ARM.exidx*)
 .ARM.exidx.text.main
                0x0800f18c        0x8 Src\main.o
 .ARM.exidx.text._Z18SystemClock_Configv
                0x0800f194        0x8 Src\main.o
 .ARM.exidx.text._ZL19MX_USART3_UART_Initv
                0x0800f19c        0x8 Src\main.o
 .ARM.exidx.text._ZL12MX_GPIO_Initv
                0x0800f1a4        0x8 Src\main.o
 .ARM.exidx.text._Z16StartDefaultTaskPKv
                0x0800f1ac        0x8 Src\main.o
 .ARM.exidx.text._Z20AskForDataTaskThreadPKv
                0x0800f1b4        0x8 Src\main.o
 .ARM.exidx.text._Z22PresentationTaskThreadPKv
                0x0800f1bc        0x8 Src\main.o
 .ARM.exidx.text._Z23CommunicationTaskThreadPKv
                0x0800f1c4        0x8 Src\main.o
 .ARM.exidx.text._Z16prepareNewConfightPh
                0x0800f1cc        0x8 Src\main.o
 .ARM.exidx.text._Z31checkIfTempSensorReadoutCorrectmh
                0x0800f1d4        0x0 Src\main.o
                                  0x8 (size before relaxing)
 .ARM.exidx.text._Z19updateReadoutValuesv
                0x0800f1d4        0x8 Src\main.o
 .ARM.exidx.text._Z25printConnectedDevicesTreev
                0x0800f1dc        0x8 Src\main.o
 .ARM.exidx.text._ZSt3powIiiEN9__gnu_cxx11__promote_2IT_T0_NS0_9__promoteIS2_XsrSt12__is_integerIS2_E7__valueEE6__typeENS4_IS3_XsrS5_IS3_E7__valueEE6__typeEE6__typeES2_S3_
                0x0800f1e4        0x8 Src\main.o
 .ARM.exidx.text.HAL_UART_RxCpltCallback
                0x0800f1ec        0x8 Src\main.o
 .ARM.exidx.text.HAL_TIM_PeriodElapsedCallback
                0x0800f1f4        0x8 Src\main.o
 .ARM.exidx.text.Error_Handler
                0x0800f1fc        0x8 Src\main.o
 .ARM.exidx     0x0800f0d4        0x8 c:/program files (x86)/atollic/truestudio for stm32 9.3.0/armtools/bin/../lib/gcc/arm-atollic-eabi/6.3.1/armv7e-m/fpu\libgcc.a(_udivmoddi4.o)
 .ARM.exidx     0x0800f0dc       0x78 c:/program files (x86)/atollic/truestudio for stm32 9.3.0/armtools/bin/../lib/gcc/arm-atollic-eabi/6.3.1/armv7e-m/fpu\libgcc.a(unwind-arm.o)
                                 0xd8 (size before relaxing)
 .ARM.exidx     0x0800f154       0x38 c:/program files (x86)/atollic/truestudio for stm32 9.3.0/armtools/bin/../lib/gcc/arm-atollic-eabi/6.3.1/armv7e-m/fpu\libgcc.a(pr-support.o)
                                 0x48 (size before relaxing)
                0x0800f204                __exidx_end = .

.rel.dyn        0x0800f204        0x0
 .rel.iplt      0x0800f204        0x0 c:/program files (x86)/atollic/truestudio for stm32 9.3.0/armtools/bin/../lib/gcc/arm-atollic-eabi/6.3.1/armv7e-m/fpu/crtbegin.o

.preinit_array  0x0800f204        0x0
                0x0800f204                PROVIDE (__preinit_array_start, .)
 *(.preinit_array*)
                0x0800f204                PROVIDE (__preinit_array_end, .)

.init_array     0x0800f204        0x4
                0x0800f204                PROVIDE (__init_array_start, .)
 *(SORT(.init_array.*))
 *(.init_array*)