Archive member included to satisfy reference by file (symbol)

c:/program files (x86)/atollic/truestudio for stm32 9.3.0/armtools/bin/../lib/gcc/arm-atollic-eabi/6.3.1/../../../../arm-atollic-eabi/lib/armv7e-m/fpu\libc.a(lib_a-errno.o)
                              Src\syscalls.o (__errno)
c:/program files (x86)/atollic/truestudio for stm32 9.3.0/armtools/bin/../lib/gcc/arm-atollic-eabi/6.3.1/../../../../arm-atollic-eabi/lib/armv7e-m/fpu\libc.a(lib_a-fflush.o)
                              Src\sample_service.o (fflush)
c:/program files (x86)/atollic/truestudio for stm32 9.3.0/armtools/bin/../lib/gcc/arm-atollic-eabi/6.3.1/../../../../arm-atollic-eabi/lib/armv7e-m/fpu\libc.a(lib_a-findfp.o)
                              c:/program files (x86)/atollic/truestudio for stm32 9.3.0/armtools/bin/../lib/gcc/arm-atollic-eabi/6.3.1/../../../../arm-atollic-eabi/lib/armv7e-m/fpu\libc.a(lib_a-fflush.o) (__sinit)
c:/program files (x86)/atollic/truestudio for stm32 9.3.0/armtools/bin/../lib/gcc/arm-atollic-eabi/6.3.1/../../../../arm-atollic-eabi/lib/armv7e-m/fpu\libc.a(lib_a-freer.o)
                              c:/program files (x86)/atollic/truestudio for stm32 9.3.0/armtools/bin/../lib/gcc/arm-atollic-eabi/6.3.1/../../../../arm-atollic-eabi/lib/armv7e-m/fpu\libc.a(lib_a-fflush.o) (_free_r)
c:/program files (x86)/atollic/truestudio for stm32 9.3.0/armtools/bin/../lib/gcc/arm-atollic-eabi/6.3.1/../../../../arm-atollic-eabi/lib/armv7e-m/fpu\libc.a(lib_a-fwalk.o)
                              c:/program files (x86)/atollic/truestudio for stm32 9.3.0/armtools/bin/../lib/gcc/arm-atollic-eabi/6.3.1/../../../../arm-atollic-eabi/lib/armv7e-m/fpu\libc.a(lib_a-findfp.o) (_fwalk)
c:/program files (x86)/atollic/truestudio for stm32 9.3.0/armtools/bin/../lib/gcc/arm-atollic-eabi/6.3.1/../../../../arm-atollic-eabi/lib/armv7e-m/fpu\libc.a(lib_a-impure.o)
                              c:/program files (x86)/atollic/truestudio for stm32 9.3.0/armtools/bin/../lib/gcc/arm-atollic-eabi/6.3.1/../../../../arm-atollic-eabi/lib/armv7e-m/fpu\libc.a(lib_a-fflush.o) (_global_impure_ptr)
c:/program files (x86)/atollic/truestudio for stm32 9.3.0/armtools/bin/../lib/gcc/arm-atollic-eabi/6.3.1/../../../../arm-atollic-eabi/lib/armv7e-m/fpu\libc.a(lib_a-init.o)
                              startup\startup_stm32l476xx.o (__libc_init_array)
c:/program files (x86)/atollic/truestudio for stm32 9.3.0/armtools/bin/../lib/gcc/arm-atollic-eabi/6.3.1/../../../../arm-atollic-eabi/lib/armv7e-m/fpu\libc.a(lib_a-lock.o)
                              c:/program files (x86)/atollic/truestudio for stm32 9.3.0/armtools/bin/../lib/gcc/arm-atollic-eabi/6.3.1/../../../../arm-atollic-eabi/lib/armv7e-m/fpu\libc.a(lib_a-findfp.o) (__retarget_lock_init_recursive)
c:/program files (x86)/atollic/truestudio for stm32 9.3.0/armtools/bin/../lib/gcc/arm-atollic-eabi/6.3.1/../../../../arm-atollic-eabi/lib/armv7e-m/fpu\libc.a(lib_a-mallocr.o)
                              c:/program files (x86)/atollic/truestudio for stm32 9.3.0/armtools/bin/../lib/gcc/arm-atollic-eabi/6.3.1/../../../../arm-atollic-eabi/lib/armv7e-m/fpu\libc.a(lib_a-findfp.o) (_malloc_r)
c:/program files (x86)/atollic/truestudio for stm32 9.3.0/armtools/bin/../lib/gcc/arm-atollic-eabi/6.3.1/../../../../arm-atollic-eabi/lib/armv7e-m/fpu\libc.a(lib_a-memcpy-stub.o)
                              Middlewares\BlueNRG-MS\Wireless\Controller\bluenrg_gap_aci.o (memcpy)
c:/program files (x86)/atollic/truestudio for stm32 9.3.0/armtools/bin/../lib/gcc/arm-atollic-eabi/6.3.1/../../../../arm-atollic-eabi/lib/armv7e-m/fpu\libc.a(lib_a-memset.o)
                              Middlewares\BlueNRG-MS\Wireless\Controller\bluenrg_gap_aci.o (memset)
c:/program files (x86)/atollic/truestudio for stm32 9.3.0/armtools/bin/../lib/gcc/arm-atollic-eabi/6.3.1/../../../../arm-atollic-eabi/lib/armv7e-m/fpu\libc.a(lib_a-mlock.o)
                              c:/program files (x86)/atollic/truestudio for stm32 9.3.0/armtools/bin/../lib/gcc/arm-atollic-eabi/6.3.1/../../../../arm-atollic-eabi/lib/armv7e-m/fpu\libc.a(lib_a-freer.o) (__malloc_lock)
c:/program files (x86)/atollic/truestudio for stm32 9.3.0/armtools/bin/../lib/gcc/arm-atollic-eabi/6.3.1/../../../../arm-atollic-eabi/lib/armv7e-m/fpu\libc.a(lib_a-printf.o)
                              Src\app_x-cube-ble1.o (printf)
c:/program files (x86)/atollic/truestudio for stm32 9.3.0/armtools/bin/../lib/gcc/arm-atollic-eabi/6.3.1/../../../../arm-atollic-eabi/lib/armv7e-m/fpu\libc.a(lib_a-putchar.o)
                              Src\sample_service.o (putchar)
c:/program files (x86)/atollic/truestudio for stm32 9.3.0/armtools/bin/../lib/gcc/arm-atollic-eabi/6.3.1/../../../../arm-atollic-eabi/lib/armv7e-m/fpu\libc.a(lib_a-puts.o)
                              Src\app_x-cube-ble1.o (puts)
c:/program files (x86)/atollic/truestudio for stm32 9.3.0/armtools/bin/../lib/gcc/arm-atollic-eabi/6.3.1/../../../../arm-atollic-eabi/lib/armv7e-m/fpu\libc.a(lib_a-sbrkr.o)
[...]
Memory Configuration

Name             Origin             Length             Attributes
RAM              0x20000000         0x00018000         xrw
RAM2             0x10000000         0x00008000         xrw
FLASH            0x08000000         0x00100000         xr
*default*        0x00000000         0xffffffff

Linker script and memory map

LOAD c:/program files (x86)/atollic/truestudio for stm32 9.3.0/armtools/bin/../lib/gcc/arm-atollic-eabi/6.3.1/armv7e-m/fpu/crti.o
LOAD c:/program files (x86)/atollic/truestudio for stm32 9.3.0/armtools/bin/../lib/gcc/arm-atollic-eabi/6.3.1/armv7e-m/fpu/crtbegin.o
LOAD Drivers\STM32L4xx_HAL_Driver\stm32l4xx_hal.o
LOAD Drivers\STM32L4xx_HAL_Driver\stm32l4xx_hal_cortex.o
LOAD Drivers\STM32L4xx_HAL_Driver\stm32l4xx_hal_dma.o
LOAD Drivers\STM32L4xx_HAL_Driver\stm32l4xx_hal_dma_ex.o
LOAD Drivers\STM32L4xx_HAL_Driver\stm32l4xx_hal_exti.o
LOAD Drivers\STM32L4xx_HAL_Driver\stm32l4xx_hal_flash.o
LOAD Drivers\STM32L4xx_HAL_Driver\stm32l4xx_hal_flash_ex.o
LOAD Drivers\STM32L4xx_HAL_Driver\stm32l4xx_hal_flash_ramfunc.o
LOAD Drivers\STM32L4xx_HAL_Driver\stm32l4xx_hal_gpio.o
LOAD Drivers\STM32L4xx_HAL_Driver\stm32l4xx_hal_i2c.o
LOAD Drivers\STM32L4xx_HAL_Driver\stm32l4xx_hal_i2c_ex.o
LOAD Drivers\STM32L4xx_HAL_Driver\stm32l4xx_hal_pwr.o
LOAD Drivers\STM32L4xx_HAL_Driver\stm32l4xx_hal_pwr_ex.o
LOAD Drivers\STM32L4xx_HAL_Driver\stm32l4xx_hal_rcc.o
LOAD Drivers\STM32L4xx_HAL_Driver\stm32l4xx_hal_rcc_ex.o
LOAD Drivers\STM32L4xx_HAL_Driver\stm32l4xx_hal_spi.o
LOAD Drivers\STM32L4xx_HAL_Driver\stm32l4xx_hal_spi_ex.o
LOAD Drivers\STM32L4xx_HAL_Driver\stm32l4xx_hal_tim.o
LOAD Drivers\STM32L4xx_HAL_Driver\stm32l4xx_hal_tim_ex.o
LOAD Drivers\STM32L4xx_HAL_Driver\stm32l4xx_hal_uart.o
LOAD Drivers\STM32L4xx_HAL_Driver\stm32l4xx_hal_uart_ex.o
LOAD Middlewares\BlueNRG-MS\Wireless\Controller\bluenrg_gap_aci.o
LOAD Middlewares\BlueNRG-MS\Wireless\Controller\bluenrg_gatt_aci.o
LOAD Middlewares\BlueNRG-MS\Wireless\Controller\bluenrg_hal_aci.o
LOAD Middlewares\BlueNRG-MS\Wireless\Controller\bluenrg_l2cap_aci.o
LOAD Middlewares\BlueNRG-MS\Wireless\Controller\bluenrg_updater_aci.o
LOAD Middlewares\BlueNRG-MS\Wireless\Controller\bluenrg_utils_small.o
LOAD Middlewares\BlueNRG-MS\Wireless\HCI_TL\Basic\hci_le.o
LOAD Middlewares\BlueNRG-MS\Wireless\HCI_TL\Basic\hci_tl.o
LOAD Middlewares\BlueNRG-MS\Wireless\Utils\ble_list.o
LOAD Middlewares\FreeRTOS\cmsis_os.o
LOAD Middlewares\FreeRTOS\croutine.o
LOAD Middlewares\FreeRTOS\event_groups.o
LOAD Middlewares\FreeRTOS\heap_4.o
LOAD Middlewares\FreeRTOS\list.o
LOAD Middlewares\FreeRTOS\port.o
LOAD Middlewares\FreeRTOS\queue.o
LOAD Middlewares\FreeRTOS\stream_buffer.o
LOAD Middlewares\FreeRTOS\tasks.o
LOAD Middlewares\FreeRTOS\timers.o
LOAD Src\app_x-cube-ble1.o
LOAD Src\freertos.o
LOAD Src\hci_tl_interface.o
LOAD Src\main.o
LOAD Src\sample_service.o
LOAD Src\stm32l4xx_hal_msp.o
LOAD Src\stm32l4xx_hal_timebase_tim.o
LOAD Src\stm32l4xx_it.o
LOAD Src\stm32l4xx_nucleo.o
LOAD Src\stm32l4xx_nucleo_bus.o
LOAD Src\syscalls.o
LOAD Src\system_stm32l4xx.o
LOAD startup\startup_stm32l476xx.o
                0x00001000                malloc_getpagesize_P = 0x1000
START GROUP
LOAD c:/program files (x86)/atollic/truestudio for stm32 9.3.0/armtools/bin/../lib/gcc/arm-atollic-eabi/6.3.1/../../../../arm-atollic-eabi/lib/armv7e-m/fpu\libstdc++.a
LOAD c:/program files (x86)/atollic/truestudio for stm32 9.3.0/armtools/bin/../lib/gcc/arm-atollic-eabi/6.3.1/../../../../arm-atollic-eabi/lib/armv7e-m/fpu\libsupc++.a
END GROUP
LOAD c:/program files (x86)/atollic/truestudio for stm32 9.3.0/armtools/bin/../lib/gcc/arm-atollic-eabi/6.3.1/../../../../arm-atollic-eabi/lib/armv7e-m/fpu\libstdc++.a
LOAD c:/program files (x86)/atollic/truestudio for stm32 9.3.0/armtools/bin/../lib/gcc/arm-atollic-eabi/6.3.1/../../../../arm-atollic-eabi/lib/armv7e-m/fpu\libm.a
LOAD c:/program files (x86)/atollic/truestudio for stm32 9.3.0/armtools/bin/../lib/gcc/arm-atollic-eabi/6.3.1/../../../../arm-atollic-eabi/lib/armv7e-m/fpu\libc.a
START GROUP
LOAD c:/program files (x86)/atollic/truestudio for stm32 9.3.0/armtools/bin/../lib/gcc/arm-atollic-eabi/6.3.1/armv7e-m/fpu\libgcc.a
LOAD c:/program files (x86)/atollic/truestudio for stm32 9.3.0/armtools/bin/../lib/gcc/arm-atollic-eabi/6.3.1/../../../../arm-atollic-eabi/lib/armv7e-m/fpu\libc.a
END GROUP
START GROUP
LOAD c:/program files (x86)/atollic/truestudio for stm32 9.3.0/armtools/bin/../lib/gcc/arm-atollic-eabi/6.3.1/armv7e-m/fpu\libgcc.a
LOAD c:/program files (x86)/atollic/truestudio for stm32 9.3.0/armtools/bin/../lib/gcc/arm-atollic-eabi/6.3.1/../../../../arm-atollic-eabi/lib/armv7e-m/fpu\libc.a
LOAD c:/program files (x86)/atollic/truestudio for stm32 9.3.0/armtools/bin/../lib/gcc/arm-atollic-eabi/6.3.1/../../../../arm-atollic-eabi/lib/armv7e-m/fpu\libnosys.a
END GROUP
LOAD c:/program files (x86)/atollic/truestudio for stm32 9.3.0/armtools/bin/../lib/gcc/arm-atollic-eabi/6.3.1/armv7e-m/fpu/crtend.o
LOAD c:/program files (x86)/atollic/truestudio for stm32 9.3.0/armtools/bin/../lib/gcc/arm-atollic-eabi/6.3.1/armv7e-m/fpu/crtn.o
                0x20018000                _estack = 0x20018000
                0x00001000                _Min_Heap_Size = 0x1000
                0x00000400                _Min_Stack_Size = 0x400

.isr_vector     0x08000000      0x188
                0x08000000                . = ALIGN (0x4)
 *(.isr_vector)
 .isr_vector    0x08000000      0x188 startup\startup_stm32l476xx.o
                0x08000000                g_pfnVectors
                0x08000188                . = ALIGN (0x4)

.text           0x08000190     0xc9c8
                0x08000190                . = ALIGN (0x4)
 *(.text)
 .text          0x08000190       0x40 c:/program files (x86)/atollic/truestudio for stm32 9.3.0/armtools/bin/../lib/gcc/arm-atollic-eabi/6.3.1/armv7e-m/fpu/crtbegin.o
 .text          0x080001d0       0x14 c:/program files (x86)/atollic/truestudio for stm32 9.3.0/armtools/bin/../lib/gcc/arm-atollic-eabi/6.3.1/../../../../arm-atollic-eabi/lib/armv7e-m/fpu\libc.a(lib_a-strcmp.o)
                0x080001d0                strcmp
 .text          0x080001e4       0x10 c:/program files (x86)/atollic/truestudio for stm32 9.3.0/armtools/bin/../lib/gcc/arm-atollic-eabi/6.3.1/../../../../arm-atollic-eabi/lib/armv7e-m/fpu\libc.a(lib_a-strlen.o)
                0x080001e4                strlen
 *fill*         0x080001f4        0xc 
 .text          0x08000200       0xa0 c:/program files (x86)/atollic/truestudio for stm32 9.3.0/armtools/bin/../lib/gcc/arm-atollic-eabi/6.3.1/../../../../arm-atollic-eabi/lib/armv7e-m/fpu\libc.a(lib_a-memchr.o)
                0x08000200                memchr
 .text          0x080002a0      0x370 c:/program files (x86)/atollic/truestudio for stm32 9.3.0/armtools/bin/../lib/gcc/arm-atollic-eabi/6.3.1/armv7e-m/fpu\libgcc.a(_arm_addsubdf3.o)
                0x080002a0                __aeabi_drsub
                0x080002a8                __aeabi_dsub
                0x080002a8                __subdf3
                0x080002ac                __aeabi_dadd
                0x080002ac                __adddf3
                0x08000524                __floatunsidf
                0x08000524                __aeabi_ui2d
                0x08000544                __floatsidf
                0x08000544                __aeabi_i2d
                0x08000568                __aeabi_f2d
                0x08000568                __extendsfdf2
                0x080005a4                __floatundidf
                0x080005a4                __aeabi_ul2d
                0x080005b4                __floatdidf
                0x080005b4                __aeabi_l2d
 .text          0x08000610      0x424 c:/program files (x86)/atollic/truestudio for stm32 9.3.0/armtools/bin/../lib/gcc/arm-atollic-eabi/6.3.1/armv7e-m/fpu\libgcc.a(_arm_muldivdf3.o)
                0x08000610                __aeabi_dmul
                0x08000610                __muldf3
                0x08000864                __divdf3
                0x08000864                __aeabi_ddiv
 .text          0x08000a34      0x110 c:/program files (x86)/atollic/truestudio for stm32 9.3.0/armtools/bin/../lib/gcc/arm-atollic-eabi/6.3.1/armv7e-m/fpu\libgcc.a(_arm_cmpdf2.o)
                0x08000a34                __gtdf2
                0x08000a34                __gedf2
                0x08000a3c                __ltdf2
                0x08000a3c                __ledf2
                0x08000a44                __nedf2
                0x08000a44                __eqdf2
                0x08000a44                __cmpdf2
                0x08000ac0                __aeabi_cdrcmple
                0x08000ad0                __aeabi_cdcmpeq
                0x08000ad0                __aeabi_cdcmple
                0x08000ae0                __aeabi_dcmpeq
                0x08000af4                __aeabi_dcmplt
                0x08000b08                __aeabi_dcmple
                0x08000b1c                __aeabi_dcmpge
                0x08000b30                __aeabi_dcmpgt
 .text          0x08000b44       0x2c c:/program files (x86)/atollic/truestudio for stm32 9.3.0/armtools/bin/../lib/gcc/arm-atollic-eabi/6.3.1/armv7e-m/fpu\libgcc.a(_arm_unorddf2.o)
                0x08000b44                __unorddf2
                0x08000b44                __aeabi_dcmpun
 .text          0x08000b70       0x50 c:/program files (x86)/atollic/truestudio for stm32 9.3.0/armtools/bin/../lib/gcc/arm-atollic-eabi/6.3.1/armv7e-m/fpu\libgcc.a(_arm_fixdfsi.o)
                0x08000b70                __aeabi_d2iz
                0x08000b70                __fixdfsi
 .text          0x08000bc0       0x30 c:/program files (x86)/atollic/truestudio for stm32 9.3.0/armtools/bin/../lib/gcc/arm-atollic-eabi/6.3.1/armv7e-m/fpu\libgcc.a(_aeabi_uldivmod.o)
                0x08000bc0                __aeabi_uldivmod
 .text          0x08000bf0      0x2dc c:/program files (x86)/atollic/truestudio for stm32 9.3.0/armtools/bin/../lib/gcc/arm-atollic-eabi/6.3.1/armv7e-m/fpu\libgcc.a(_udivmoddi4.o)
                0x08000bf0                __udivmoddi4
 .text          0x08000ecc      0x9cc c:/program files (x86)/atollic/truestudio for stm32 9.3.0/armtools/bin/../lib/gcc/arm-atollic-eabi/6.3.1/armv7e-m/fpu\libgcc.a(unwind-arm.o)
                0x0800118c                _Unwind_GetCFA
                0x08001190                __gnu_Unwind_RaiseException
                0x080011f0                __gnu_Unwind_ForcedUnwind
                0x08001204                __gnu_Unwind_Resume
                0x08001248                __gnu_Unwind_Resume_or_Rethrow
                0x08001258                _Unwind_Complete
                0x0800125c                _Unwind_DeleteException
                0x08001268                _Unwind_VRS_Get
                0x080012b4                _Unwind_VRS_Set
                0x08001304                __gnu_Unwind_Backtrace
                0x08001644                __aeabi_unwind_cpp_pr0
                0x08001648                __aeabi_unwind_cpp_pr1
                0x0800164c                __aeabi_unwind_cpp_pr2
                0x08001650                _Unwind_VRS_Pop
 .text          0x08001898      0x1ac c:/program files (x86)/atollic/truestudio for stm32 9.3.0/armtools/bin/../lib/gcc/arm-atollic-eabi/6.3.1/armv7e-m/fpu\libgcc.a(libunwind.o)
                0x08001898                __restore_core_regs
                0x08001898                restore_core_regs
                0x080018b0                __gnu_Unwind_Restore_VFP
                0x080018b8                __gnu_Unwind_Save_VFP
                0x080018c0                __gnu_Unwind_Restore_VFP_D
                0x080018c8                __gnu_Unwind_Save_VFP_D
                0x080018d0                __gnu_Unwind_Restore_VFP_D_16_to_31
                0x080018d8                __gnu_Unwind_Save_VFP_D_16_to_31
                0x080018e0                __gnu_Unwind_Restore_WMMXD
                0x08001924                __gnu_Unwind_Save_WMMXD
                0x08001968                __gnu_Unwind_Restore_WMMXC
                0x0800197c                __gnu_Unwind_Save_WMMXC
                0x08001990                ___Unwind_RaiseException
                0x08001990                _Unwind_RaiseException
                0x080019b4                _Unwind_Resume
                0x080019b4                ___Unwind_Resume
                0x080019d8                _Unwind_Resume_or_Rethrow
                0x080019d8                ___Unwind_Resume_or_Rethrow
                0x080019fc                _Unwind_ForcedUnwind
                0x080019fc                ___Unwind_ForcedUnwind
                0x08001a20                ___Unwind_Backtrace
                0x08001a20                _Unwind_Backtrace
 .text          0x08001a44      0x380 c:/program files (x86)/atollic/truestudio for stm32 9.3.0/armtools/bin/../lib/gcc/arm-atollic-eabi/6.3.1/armv7e-m/fpu\libgcc.a(pr-support.o)
                0x08001a9c                __gnu_unwind_execute
                0x08001d6c                __gnu_unwind_frame
                0x08001d94                _Unwind_GetRegionStart
                0x08001da0                _Unwind_GetLanguageSpecificData
                0x08001db4                _Unwind_GetTextRelBase
                0x08001dbc                _Unwind_GetDataRelBase
 .text          0x08001dc4        0x4 c:/program files (x86)/atollic/truestudio for stm32 9.3.0/armtools/bin/../lib/gcc/arm-atollic-eabi/6.3.1/armv7e-m/fpu\libgcc.a(_dvmd_tls.o)
                0x08001dc4                __aeabi_idiv0
                0x08001dc4                __aeabi_ldiv0
 *(.text*)
 .text.HAL_Init
                0x08001dc8       0x2c Drivers\STM32L4xx_HAL_Driver\stm32l4xx_hal.o
                0x08001dc8                HAL_Init
 .text.HAL_IncTick
                0x08001df4       0x18 Drivers\STM32L4xx_HAL_Driver\stm32l4xx_hal.o
                0x08001df4                HAL_IncTick
 .text.HAL_GetTick
                0x08001e0c        0xc Drivers\STM32L4xx_HAL_Driver\stm32l4xx_hal.o
                0x08001e0c                HAL_GetTick
 .text.HAL_Delay
                0x08001e18       0x28 Drivers\STM32L4xx_HAL_Driver\stm32l4xx_hal.o
                0x08001e18                HAL_Delay
 .text.HAL_NVIC_SetPriorityGrouping
                0x08001e40       0x24 Drivers\STM32L4xx_HAL_Driver\stm32l4xx_hal_cortex.o
                0x08001e40                HAL_NVIC_SetPriorityGrouping
 .text.HAL_NVIC_SetPriority
                0x08001e64       0x68 Drivers\STM32L4xx_HAL_Driver\stm32l4xx_hal_cortex.o
                0x08001e64                HAL_NVIC_SetPriority
 .text.HAL_NVIC_EnableIRQ
                0x08001ecc       0x1c Drivers\STM32L4xx_HAL_Driver\stm32l4xx_hal_cortex.o
                0x08001ecc                HAL_NVIC_EnableIRQ
 .text.HAL_EXTI_RegisterCallback
                0x08001ee8        0xc Drivers\STM32L4xx_HAL_Driver\stm32l4xx_hal_exti.o
                0x08001ee8                HAL_EXTI_RegisterCallback
 .text.HAL_EXTI_GetHandle
                0x08001ef4        0xc Drivers\STM32L4xx_HAL_Driver\stm32l4xx_hal_exti.o
                0x08001ef4                HAL_EXTI_GetHandle
 .text.HAL_EXTI_IRQHandler
                0x08001f00       0x30 Drivers\STM32L4xx_HAL_Driver\stm32l4xx_hal_exti.o
                0x08001f00                HAL_EXTI_IRQHandler
 .text.HAL_GPIO_Init
                0x08001f30      0x1b8 Drivers\STM32L4xx_HAL_Driver\stm32l4xx_hal_gpio.o
                0x08001f30                HAL_GPIO_Init
 .text.HAL_GPIO_DeInit
                0x080020e8      0x114 Drivers\STM32L4xx_HAL_Driver\stm32l4xx_hal_gpio.o
                0x080020e8                HAL_GPIO_DeInit
 .text.HAL_GPIO_ReadPin
                0x080021fc        0xc Drivers\STM32L4xx_HAL_Driver\stm32l4xx_hal_gpio.o
                0x080021fc                HAL_GPIO_ReadPin
 .text.HAL_GPIO_WritePin
                0x08002208        0xa Drivers\STM32L4xx_HAL_Driver\stm32l4xx_hal_gpio.o
                0x08002208                HAL_GPIO_WritePin
 *fill*         0x08002212        0x2 
 .text.HAL_PWREx_GetVoltageRange
                0x08002214       0x10 Drivers\STM32L4xx_HAL_Driver\stm32l4xx_hal_pwr_ex.o
                0x08002214                HAL_PWREx_GetVoltageRange
 .text.HAL_PWREx_ControlVoltageScaling
                0x08002224       0x6c Drivers\STM32L4xx_HAL_Driver\stm32l4xx_hal_pwr_ex.o
                0x08002224                HAL_PWREx_ControlVoltageScaling
 .text.RCC_SetFlashLatencyFromMSIRange
                0x08002290       0x84 Drivers\STM32L4xx_HAL_Driver\stm32l4xx_hal_rcc.o
 .text.HAL_RCC_GetSysClockFreq
                0x08002314       0x9c Drivers\STM32L4xx_HAL_Driver\stm32l4xx_hal_rcc.o
                0x08002314                HAL_RCC_GetSysClockFreq
 .text.HAL_RCC_OscConfig
                0x080023b0      0x50c Drivers\STM32L4xx_HAL_Driver\stm32l4xx_hal_rcc.o
                0x080023b0                HAL_RCC_OscConfig
 .text.HAL_RCC_ClockConfig
                0x080028bc      0x12c Drivers\STM32L4xx_HAL_Driver\stm32l4xx_hal_rcc.o
                0x080028bc                HAL_RCC_ClockConfig
 .text.HAL_RCC_GetPCLK1Freq
                0x080029e8       0x24 Drivers\STM32L4xx_HAL_Driver\stm32l4xx_hal_rcc.o
                0x080029e8                HAL_RCC_GetPCLK1Freq
 .text.HAL_RCC_GetPCLK2Freq
                0x08002a0c       0x24 Drivers\STM32L4xx_HAL_Driver\stm32l4xx_hal_rcc.o
                0x08002a0c                HAL_RCC_GetPCLK2Freq
 .text.HAL_RCC_GetClockConfig
                0x08002a30       0x3c Drivers\STM32L4xx_HAL_Driver\stm32l4xx_hal_rcc.o
                0x08002a30                HAL_RCC_GetClockConfig
 .text.RCCEx_PLLSAI1_Config
                0x08002a6c      0x11c Drivers\STM32L4xx_HAL_Driver\stm32l4xx_hal_rcc_ex.o
 .text.RCCEx_PLLSAI2_Config
                0x08002b88       0xfc Drivers\STM32L4xx_HAL_Driver\stm32l4xx_hal_rcc_ex.o
 .text.HAL_RCCEx_PeriphCLKConfig
                0x08002c84      0x3d0 Drivers\STM32L4xx_HAL_Driver\stm32l4xx_hal_rcc_ex.o
                0x08002c84                HAL_RCCEx_PeriphCLKConfig
 .text.SPI_WaitFifoStateUntilTimeout.part.1
                0x08003054       0x50 Drivers\STM32L4xx_HAL_Driver\stm32l4xx_hal_spi.o
 .text.SPI_WaitFlagStateUntilTimeout.constprop.10
                0x080030a4       0x2c Drivers\STM32L4xx_HAL_Driver\stm32l4xx_hal_spi.o
 .text.SPI_WaitFifoStateUntilTimeout.constprop.11
                0x080030d0       0x34 Drivers\STM32L4xx_HAL_Driver\stm32l4xx_hal_spi.o
 .text.SPI_EndRxTxTransaction
                0x08003104       0x44 Drivers\STM32L4xx_HAL_Driver\stm32l4xx_hal_spi.o
 .text.HAL_SPI_MspInit
                0x08003148        0x2 Drivers\STM32L4xx_HAL_Driver\stm32l4xx_hal_spi.o
                0x08003148                HAL_SPI_MspInit
 .text.HAL_SPI_Init
                0x0800314a       0xa2 Drivers\STM32L4xx_HAL_Driver\stm32l4xx_hal_spi.o
                0x0800314a                HAL_SPI_Init
 .text.HAL_SPI_TransmitReceive
                0x080031ec      0x248 Drivers\STM32L4xx_HAL_Driver\stm32l4xx_hal_spi.o
                0x080031ec                HAL_SPI_TransmitReceive
 .text.HAL_SPI_GetState
                0x08003434        0x6 Drivers\STM32L4xx_HAL_Driver\stm32l4xx_hal_spi.o
                0x08003434                HAL_SPI_GetState
 .text.HAL_TIM_Base_MspInit
                0x0800343a        0x2 Drivers\STM32L4xx_HAL_Driver\stm32l4xx_hal_tim.o
                0x0800343a                HAL_TIM_Base_MspInit
 .text.HAL_TIM_Base_Start_IT
                0x0800343c       0x2c Drivers\STM32L4xx_HAL_Driver\stm32l4xx_hal_tim.o
                0x0800343c                HAL_TIM_Base_Start_IT
 .text.HAL_TIM_OC_DelayElapsedCallback
                0x08003468        0x2 Drivers\STM32L4xx_HAL_Driver\stm32l4xx_hal_tim.o
                0x08003468                HAL_TIM_OC_DelayElapsedCallback
 .text.HAL_TIM_IC_CaptureCallback
                0x0800346a        0x2 Drivers\STM32L4xx_HAL_Driver\stm32l4xx_hal_tim.o
                0x0800346a                HAL_TIM_IC_CaptureCallback
 .text.HAL_TIM_PWM_PulseFinishedCallback
                0x0800346c        0x2 Drivers\STM32L4xx_HAL_Driver\stm32l4xx_hal_tim.o
                0x0800346c                HAL_TIM_PWM_PulseFinishedCallback
 .text.HAL_TIM_TriggerCallback
                0x0800346e        0x2 Drivers\STM32L4xx_HAL_Driver\stm32l4xx_hal_tim.o
                0x0800346e                HAL_TIM_TriggerCallback
 .text.HAL_TIM_IRQHandler
                0x08003470      0x160 Drivers\STM32L4xx_HAL_Driver\stm32l4xx_hal_tim.o
                0x08003470                HAL_TIM_IRQHandler
 .text.TIM_Base_SetConfig
                0x080035d0       0xcc Drivers\STM32L4xx_HAL_Driver\stm32l4xx_hal_tim.o
                0x080035d0                TIM_Base_SetConfig
 .text.HAL_TIM_Base_Init
                0x0800369c       0x34 Drivers\STM32L4xx_HAL_Driver\stm32l4xx_hal_tim.o
                0x0800369c                HAL_TIM_Base_Init
 .text.HAL_TIMEx_CommutCallback
                0x080036d0        0x2 Drivers\STM32L4xx_HAL_Driver\stm32l4xx_hal_tim_ex.o
                0x080036d0                HAL_TIMEx_CommutCallback
 .text.HAL_TIMEx_BreakCallback
                0x080036d2        0x2 Drivers\STM32L4xx_HAL_Driver\stm32l4xx_hal_tim_ex.o
                0x080036d2                HAL_TIMEx_BreakCallback
 .text.HAL_TIMEx_Break2Callback
                0x080036d4        0x2 Drivers\STM32L4xx_HAL_Driver\stm32l4xx_hal_tim_ex.o
                0x080036d4                HAL_TIMEx_Break2Callback
 *fill*         0x080036d6        0x2 
 .text.UART_SetConfig
                0x080036d8      0x330 Drivers\STM32L4xx_HAL_Driver\stm32l4xx_hal_uart.o
                0x080036d8                UART_SetConfig
 .text.UART_AdvFeatureConfig
                0x08003a08       0xa8 Drivers\STM32L4xx_HAL_Driver\stm32l4xx_hal_uart.o
                0x08003a08                UART_AdvFeatureConfig
 .text.UART_WaitOnFlagUntilTimeout
                0x08003ab0       0x86 Drivers\STM32L4xx_HAL_Driver\stm32l4xx_hal_uart.o
                0x08003ab0                UART_WaitOnFlagUntilTimeout
 .text.HAL_UART_Transmit
                0x08003b36       0xb0 Drivers\STM32L4xx_HAL_Driver\stm32l4xx_hal_uart.o
                0x08003b36                HAL_UART_Transmit
 .text.UART_CheckIdleState
                0x08003be6       0x60 Drivers\STM32L4xx_HAL_Driver\stm32l4xx_hal_uart.o
                0x08003be6                UART_CheckIdleState
 .text.HAL_UART_Init
                0x08003c46       0x5c Drivers\STM32L4xx_HAL_Driver\stm32l4xx_hal_uart.o
                0x08003c46                HAL_UART_Init
 .text.aci_gap_init_IDB05A1
                0x08003ca2       0x7c Middlewares\BlueNRG-MS\Wireless\Controller\bluenrg_gap_aci.o
                0x08003ca2                aci_gap_init_IDB05A1
 .text.aci_gap_set_auth_requirement
                0x08003d1e       0x80 Middlewares\BlueNRG-MS\Wireless\Controller\bluenrg_gap_aci.o
                0x08003d1e                aci_gap_set_auth_requirement
 .text.aci_gap_start_general_discovery_proc
                0x08003d9e       0x58 Middlewares\BlueNRG-MS\Wireless\Controller\bluenrg_gap_aci.o
                0x08003d9e                aci_gap_start_general_discovery_proc
 .text.aci_gap_create_connection
                0x08003df6       0x96 Middlewares\BlueNRG-MS\Wireless\Controller\bluenrg_gap_aci.o
                0x08003df6                aci_gap_create_connection
 .text.aci_gatt_init
                0x08003e8c       0x3e Middlewares\BlueNRG-MS\Wireless\Controller\bluenrg_gatt_aci.o
                0x08003e8c                aci_gatt_init
 .text.aci_gatt_disc_charac_by_uuid
                0x08003eca       0x6c Middlewares\BlueNRG-MS\Wireless\Controller\bluenrg_gatt_aci.o
                0x08003eca                aci_gatt_disc_charac_by_uuid
 .text.aci_gatt_write_charac_descriptor
                0x08003f36       0x6c Middlewares\BlueNRG-MS\Wireless\Controller\bluenrg_gatt_aci.o
                0x08003f36                aci_gatt_write_charac_descriptor
 .text.aci_gatt_write_without_response
                0x08003fa2       0x66 Middlewares\BlueNRG-MS\Wireless\Controller\bluenrg_gatt_aci.o
                0x08003fa2                aci_gatt_write_without_response
 .text.aci_hal_write_config_data
                0x08004008       0x64 Middlewares\BlueNRG-MS\Wireless\Controller\bluenrg_hal_aci.o
                0x08004008                aci_hal_write_config_data
 .text.aci_hal_set_tx_power_level
                0x0800406c       0x4c Middlewares\BlueNRG-MS\Wireless\Controller\bluenrg_hal_aci.o
                0x0800406c                aci_hal_set_tx_power_level
 .text.getBlueNRGVersion
                0x080040b8       0x42 Middlewares\BlueNRG-MS\Wireless\Controller\bluenrg_utils_small.o
                0x080040b8                getBlueNRGVersion
 .text.hci_reset
                0x080040fa       0x3a Middlewares\BlueNRG-MS\Wireless\HCI_TL\Basic\hci_le.o
                0x080040fa                hci_reset
 .text.hci_le_read_local_version
                0x08004134       0x80 Middlewares\BlueNRG-MS\Wireless\HCI_TL\Basic\hci_le.o
                0x08004134                hci_le_read_local_version
 .text.move_list.constprop.0
                0x080041b4       0x28 Middlewares\BlueNRG-MS\Wireless\HCI_TL\Basic\hci_tl.o
 .text.hci_init
                0x080041dc       0x54 Middlewares\BlueNRG-MS\Wireless\HCI_TL\Basic\hci_tl.o
                0x080041dc                hci_init
 .text.hci_register_io_bus
                0x08004230       0x1c Middlewares\BlueNRG-MS\Wireless\HCI_TL\Basic\hci_tl.o
                0x08004230                hci_register_io_bus
 .text.hci_send_req
                0x0800424c      0x180 Middlewares\BlueNRG-MS\Wireless\HCI_TL\Basic\hci_tl.o
                0x0800424c                hci_send_req
 .text.hci_user_evt_proc
                0x080043cc       0x40 Middlewares\BlueNRG-MS\Wireless\HCI_TL\Basic\hci_tl.o
                0x080043cc                hci_user_evt_proc
 .text.hci_notify_asynch_evt
                0x0800440c       0x60 Middlewares\BlueNRG-MS\Wireless\HCI_TL\Basic\hci_tl.o
                0x0800440c                hci_notify_asynch_evt
 .text.list_init_head
                0x0800446c        0x6 Middlewares\BlueNRG-MS\Wireless\Utils\ble_list.o
                0x0800446c                list_init_head
 .text.list_is_empty
                0x08004472       0x14 Middlewares\BlueNRG-MS\Wireless\Utils\ble_list.o
                0x08004472                list_is_empty
 .text.list_insert_head
                0x08004486       0x18 Middlewares\BlueNRG-MS\Wireless\Utils\ble_list.o
                0x08004486                list_insert_head
 .text.list_insert_tail
                0x0800449e       0x18 Middlewares\BlueNRG-MS\Wireless\Utils\ble_list.o
                0x0800449e                list_insert_tail
 .text.list_remove_node
                0x080044b6       0x16 Middlewares\BlueNRG-MS\Wireless\Utils\ble_list.o
                0x080044b6                list_remove_node
 .text.list_remove_head
                0x080044cc       0x24 Middlewares\BlueNRG-MS\Wireless\Utils\ble_list.o
                0x080044cc                list_remove_head
 .text.list_remove_tail
                0x080044f0       0x24 Middlewares\BlueNRG-MS\Wireless\Utils\ble_list.o
                0x080044f0                list_remove_tail
 .text.list_get_size
                0x08004514       0x1c Middlewares\BlueNRG-MS\Wireless\Utils\ble_list.o
                0x08004514                list_get_size
 .text.osKernelStart
                0x08004530        0xa Middlewares\FreeRTOS\cmsis_os.o
                0x08004530                osKernelStart
 .text.osThreadCreate
                0x0800453a       0x50 Middlewares\FreeRTOS\cmsis_os.o
                0x0800453a                osThreadCreate
 *fill*         0x0800458a        0x2 
 .text.unlikely.prvInsertBlockIntoFreeList
                0x0800458c       0x48 Middlewares\FreeRTOS\heap_4.o
 .text.pvPortMalloc
                0x080045d4      0x11c Middlewares\FreeRTOS\heap_4.o
                0x080045d4                pvPortMalloc
 .text.vPortFree
                0x080046f0       0x70 Middlewares\FreeRTOS\heap_4.o
                0x080046f0                vPortFree
 .text.vListInitialise
                0x08004760       0x16 Middlewares\FreeRTOS\list.o
                0x08004760                vListInitialise
 .text.vListInitialiseItem
                0x08004776        0x6 Middlewares\FreeRTOS\list.o
                0x08004776                vListInitialiseItem
 .text.vListInsertEnd
                0x0800477c       0x18 Middlewares\FreeRTOS\list.o
                0x0800477c                vListInsertEnd
 .text.vListInsert
                0x08004794       0x2e Middlewares\FreeRTOS\list.o
                0x08004794                vListInsert
 .text.uxListRemove
                0x080047c2       0x22 Middlewares\FreeRTOS\list.o
                0x080047c2                uxListRemove
 .text.prvTaskExitError
                0x080047e4       0x40 Middlewares\FreeRTOS\port.o
 .text.unlikely.prvPortStartFirstTask
                0x08004824       0x28 Middlewares\FreeRTOS\port.o
 .text.unlikely.vPortEnableVFP
                0x0800484c       0x14 Middlewares\FreeRTOS\port.o
 .text.pxPortInitialiseStack
                0x08004860       0x2c Middlewares\FreeRTOS\port.o
                0x08004860                pxPortInitialiseStack
 *fill*         0x0800488c        0x4 
 .text.SVC_Handler
                0x08004890       0x24 Middlewares\FreeRTOS\port.o
                0x08004890                SVC_Handler
 .text.vPortEnterCritical
                0x080048b4       0x44 Middlewares\FreeRTOS\port.o
                0x080048b4                vPortEnterCritical
 .text.vPortExitCritical
                0x080048f8       0x28 Middlewares\FreeRTOS\port.o
                0x080048f8                vPortExitCritical
 .text.PendSV_Handler
                0x08004920       0x64 Middlewares\FreeRTOS\port.o
                0x08004920                PendSV_Handler
 .text.SysTick_Handler
                0x08004984       0x2c Middlewares\FreeRTOS\port.o
                0x08004984                SysTick_Handler
 .text.vPortSetupTimerInterrupt
                0x080049b0       0x34 Middlewares\FreeRTOS\port.o
                0x080049b0                vPortSetupTimerInterrupt
 .text.xPortStartScheduler
                0x080049e4      0x10c Middlewares\FreeRTOS\port.o
                0x080049e4                xPortStartScheduler
 .text.prvIsQueueEmpty
                0x08004af0       0x16 Middlewares\FreeRTOS\queue.o
 .text.unlikely.prvCopyDataToQueue
                0x08004b06       0x66 Middlewares\FreeRTOS\queue.o
 .text.unlikely.prvCopyDataFromQueue
                0x08004b6c       0x2a Middlewares\FreeRTOS\queue.o
 .text.prvUnlockQueue
                0x08004b96       0x70 Middlewares\FreeRTOS\queue.o
 *fill*         0x08004c06        0x2 
 .text.xQueueGenericReset
                0x08004c08       0x80 Middlewares\FreeRTOS\queue.o
                0x08004c08                xQueueGenericReset
 .text.xQueueGenericCreate
                0x08004c88       0x48 Middlewares\FreeRTOS\queue.o
                0x08004c88                xQueueGenericCreate
 .text.xQueueGenericSend
                0x08004cd0      0x16c Middlewares\FreeRTOS\queue.o
                0x08004cd0                xQueueGenericSend
 .text.prvInitialiseMutex
                0x08004e3c       0x14 Middlewares\FreeRTOS\queue.o
 .text.xQueueCreateMutex
                0x08004e50       0x16 Middlewares\FreeRTOS\queue.o
                0x08004e50                xQueueCreateMutex
 *fill*         0x08004e66        0x2 
 .text.xQueueReceive
                0x08004e68      0x148 Middlewares\FreeRTOS\queue.o
                0x08004e68                xQueueReceive
 .text.xQueueSemaphoreTake
                0x08004fb0      0x180 Middlewares\FreeRTOS\queue.o
                0x08004fb0                xQueueSemaphoreTake
 .text.prvAddNewTaskToReadyList
                0x08005130       0xf8 Middlewares\FreeRTOS\tasks.o
 .text.prvResetNextTaskUnblockTime
                0x08005228       0x24 Middlewares\FreeRTOS\tasks.o
 .text.prvInitialiseNewTask.isra.2
                0x0800524c       0x96 Middlewares\FreeRTOS\tasks.o
 .text.prvDeleteTCB
                0x080052e2       0x36 Middlewares\FreeRTOS\tasks.o
 .text.prvIdleTask
                0x08005318       0x64 Middlewares\FreeRTOS\tasks.o
 .text.prvAddCurrentTaskToDelayedList
                0x0800537c       0x8c Middlewares\FreeRTOS\tasks.o
 .text.unlikely.xTaskCreateStatic.part.5
                0x08005408       0x12 Middlewares\FreeRTOS\tasks.o
 .text.xTaskCreateStatic
                0x0800541a       0x62 Middlewares\FreeRTOS\tasks.o
                0x0800541a                xTaskCreateStatic
 .text.xTaskCreate
                0x0800547c       0x5a Middlewares\FreeRTOS\tasks.o
                0x0800547c                xTaskCreate
 *fill*         0x080054d6        0x2 
 .text.vTaskStartScheduler
                0x080054d8       0x6c Middlewares\FreeRTOS\tasks.o
                0x080054d8                vTaskStartScheduler
 .text.vTaskSuspendAll
                0x08005544       0x10 Middlewares\FreeRTOS\tasks.o
                0x08005544                vTaskSuspendAll
 .text.xTaskIncrementTick
                0x08005554      0x124 Middlewares\FreeRTOS\tasks.o
                0x08005554                xTaskIncrementTick
 .text.xTaskResumeAll
                0x08005678       0xf0 Middlewares\FreeRTOS\tasks.o
                0x08005678                xTaskResumeAll
 .text.vTaskSwitchContext
                0x08005768       0x74 Middlewares\FreeRTOS\tasks.o
                0x08005768                vTaskSwitchContext
 .text.vTaskPlaceOnEventList
                0x080057dc       0x34 Middlewares\FreeRTOS\tasks.o
                0x080057dc                vTaskPlaceOnEventList
 .text.xTaskRemoveFromEventList
                0x08005810       0x84 Middlewares\FreeRTOS\tasks.o
                0x08005810                xTaskRemoveFromEventList
 .text.vTaskInternalSetTimeOutState
                0x08005894       0x18 Middlewares\FreeRTOS\tasks.o
                0x08005894                vTaskInternalSetTimeOutState
 .text.xTaskCheckForTimeOut
                0x080058ac       0x78 Middlewares\FreeRTOS\tasks.o
                0x080058ac                xTaskCheckForTimeOut
 .text.vTaskMissedYield
                0x08005924        0xc Middlewares\FreeRTOS\tasks.o
                0x08005924                vTaskMissedYield
 .text.xTaskGetSchedulerState
                0x08005930       0x20 Middlewares\FreeRTOS\tasks.o
                0x08005930                xTaskGetSchedulerState
 .text.xTaskPriorityInherit
                0x08005950       0xa8 Middlewares\FreeRTOS\tasks.o
                0x08005950                xTaskPriorityInherit
 .text.xTaskPriorityDisinherit
                0x080059f8       0xa0 Middlewares\FreeRTOS\tasks.o
                0x080059f8                xTaskPriorityDisinherit
 .text.vTaskPriorityDisinheritAfterTimeout
                0x08005a98       0xb4 Middlewares\FreeRTOS\tasks.o
                0x08005a98                vTaskPriorityDisinheritAfterTimeout
 .text.pvTaskIncrementMutexHeldCount
                0x08005b4c       0x18 Middlewares\FreeRTOS\tasks.o
                0x08005b4c                pvTaskIncrementMutexHeldCount
 .text.xTaskNotifyWait
                0x08005b64       0x8c Middlewares\FreeRTOS\tasks.o
                0x08005b64                xTaskNotifyWait
 .text.xTaskGenericNotify
                0x08005bf0       0xe8 Middlewares\FreeRTOS\tasks.o
                0x08005bf0                xTaskGenericNotify
 .text.MX_BlueNRG_MS_Init
                0x08005cd8      0x138 Src\app_x-cube-ble1.o
                0x08005cd8                MX_BlueNRG_MS_Init
 .text.MX_BlueNRG_MS_Process
                0x08005e10      0x128 Src\app_x-cube-ble1.o
                0x08005e10                MX_BlueNRG_MS_Process
 .text.BSP_PB_Callback
                0x08005f38        0xc Src\app_x-cube-ble1.o
                0x08005f38                BSP_PB_Callback
 .text.vApplicationGetIdleTaskMemory
                0x08005f44       0x18 Src\freertos.o
                0x08005f44                vApplicationGetIdleTaskMemory
 .text.HCI_TL_SPI_Init
                0x08005f5c       0x68 Src\hci_tl_interface.o
                0x08005f5c                HCI_TL_SPI_Init
 .text.HCI_TL_SPI_DeInit
                0x08005fc4       0x26 Src\hci_tl_interface.o
                0x08005fc4                HCI_TL_SPI_DeInit
 .text.HCI_TL_SPI_Reset
                0x08005fea       0x2e Src\hci_tl_interface.o
                0x08005fea                HCI_TL_SPI_Reset
 .text.HCI_TL_SPI_Receive
                0x08006018       0x8e Src\hci_tl_interface.o
                0x08006018                HCI_TL_SPI_Receive
 *fill*         0x080060a6        0x2 
 .text.HCI_TL_SPI_Send
                0x080060a8       0x94 Src\hci_tl_interface.o
                0x080060a8                HCI_TL_SPI_Send
 .text.hci_tl_lowlevel_isr
                0x0800613c       0x1c Src\hci_tl_interface.o
                0x0800613c                hci_tl_lowlevel_isr
 .text.hci_tl_lowlevel_init
                0x08006158       0x6c Src\hci_tl_interface.o
                0x08006158                hci_tl_lowlevel_init
 .text.main     0x080061c4      0x108 Src\main.o
                0x080061c4                main
 .text._Z18SystemClock_Configv
                0x080062cc      0x116 Src\main.o
                0x080062cc                SystemClock_Config()
 *fill*         0x080063e2        0x2 
 .text._ZL19MX_USART3_UART_Initv
                0x080063e4       0x68 Src\main.o
 .text._ZL12MX_GPIO_Initv
                0x0800644c      0x110 Src\main.o
 .text._Z16StartDefaultTaskPKv
                0x0800655c       0x30 Src\main.o
                0x0800655c                StartDefaultTask(void const*)
 .text._Z20AskForDataTaskThreadPKv
                0x0800658c       0xb4 Src\main.o
                0x0800658c                AskForDataTaskThread(void const*)
 .text._Z22PresentationTaskThreadPKv
                0x08006640       0x2c Src\main.o
                0x08006640                PresentationTaskThread(void const*)
 .text._Z23CommunicationTaskThreadPKv
                0x0800666c       0x4c Src\main.o
                0x0800666c                CommunicationTaskThread(void const*)
 .text._Z16prepareNewConfightPh
                0x080066b8      0x148 Src\main.o
                0x080066b8                prepareNewConfig(unsigned char, unsigned short, unsigned char*)
 .text._Z31checkIfTempSensorReadoutCorrectmh
                0x08006800       0x48 Src\main.o
                0x08006800                checkIfTempSensorReadoutCorrect(unsigned long, unsigned char)
 .text._Z19updateReadoutValuesv
                0x08006848      0x34c Src\main.o
                0x08006848                updateReadoutValues()
 .text._Z25printConnectedDevicesTreev
                0x08006b94      0x560 Src\main.o
                0x08006b94                printConnectedDevicesTree()
 .text.HAL_TIM_PeriodElapsedCallback
                0x080070f4       0x24 Src\main.o
                0x080070f4                HAL_TIM_PeriodElapsedCallback
 .text.Error_Handler
                0x08007118        0xe Src\main.o
                0x08007118                Error_Handler
 *fill*         0x08007126        0x2 
 .text.Make_Connection
                0x08007128       0x70 Src\sample_service.o
                0x08007128                Make_Connection
 .text.startReadTXCharHandle
                0x08007198       0x60 Src\sample_service.o
                0x08007198                startReadTXCharHandle
 .text.startReadRXCharHandle
                0x080071f8       0x60 Src\sample_service.o
                0x080071f8                startReadRXCharHandle
 .text.receiveData
                0x08007258       0x30 Src\sample_service.o
                0x08007258                receiveData
 .text.sendData
                0x08007288       0x38 Src\sample_service.o
                0x08007288                sendData
 .text.enableNotification
                0x080072c0       0xa0 Src\sample_service.o
                0x080072c0                enableNotification
 .text.Attribute_Modified_CB
                0x08007360       0x34 Src\sample_service.o
                0x08007360                Attribute_Modified_CB
 .text.GAP_ConnectionComplete_CB
                0x08007394       0xa8 Src\sample_service.o
                0x08007394                GAP_ConnectionComplete_CB
 .text.GAP_DisconnectionComplete_CB
                0x0800743c       0x14 Src\sample_service.o
                0x0800743c                GAP_DisconnectionComplete_CB
 .text.GATT_Notification_CB
                0x08007450       0xac Src\sample_service.o
                0x08007450                GATT_Notification_CB
 .text.GAP_AdvertisingReport_CB
                0x080074fc       0xc0 Src\sample_service.o
                0x080074fc                GAP_AdvertisingReport_CB
 .text.user_notify
                0x080075bc      0x1c0 Src\sample_service.o
                0x080075bc                user_notify
 .text.HAL_MspInit
                0x0800777c       0x40 Src\stm32l4xx_hal_msp.o
                0x0800777c                HAL_MspInit
 .text.HAL_UART_MspInit
                0x080077bc       0x64 Src\stm32l4xx_hal_msp.o
                0x080077bc                HAL_UART_MspInit
 .text.HAL_InitTick
                0x08007820       0x78 Src\stm32l4xx_hal_timebase_tim.o
                0x08007820                HAL_InitTick
 .text.NMI_Handler
                0x08007898        0x2 Src\stm32l4xx_it.o
                0x08007898                NMI_Handler
 .text.HardFault_Handler
                0x0800789a        0x2 Src\stm32l4xx_it.o
                0x0800789a                HardFault_Handler
 .text.MemManage_Handler
                0x0800789c        0x2 Src\stm32l4xx_it.o
                0x0800789c                MemManage_Handler
 .text.BusFault_Handler
                0x0800789e        0x2 Src\stm32l4xx_it.o
                0x0800789e                BusFault_Handler
 .text.UsageFault_Handler
                0x080078a0        0x2 Src\stm32l4xx_it.o
                0x080078a0                UsageFault_Handler
 .text.DebugMon_Handler
                0x080078a2        0x2 Src\stm32l4xx_it.o
                0x080078a2                DebugMon_Handler
 .text.EXTI0_IRQHandler
                0x080078a4        0xc Src\stm32l4xx_it.o
                0x080078a4                EXTI0_IRQHandler
 .text.TIM3_IRQHandler
                0x080078b0        0xc Src\stm32l4xx_it.o
                0x080078b0                TIM3_IRQHandler
 .text.EXTI15_10_IRQHandler
                0x080078bc        0xc Src\stm32l4xx_it.o
                0x080078bc                EXTI15_10_IRQHandler
 .text.BSP_LED_Init
                0x080078c8       0x48 Src\stm32l4xx_nucleo.o
                0x080078c8                BSP_LED_Init
 .text.BSP_LED_On
                0x08007910       0x12 Src\stm32l4xx_nucleo.o
                0x08007910                BSP_LED_On
 .text.BSP_LED_Off
                0x08007922       0x12 Src\stm32l4xx_nucleo.o
                0x08007922                BSP_LED_Off
 .text.BSP_PB_Init
                0x08007934       0x98 Src\stm32l4xx_nucleo.o
                0x08007934                BSP_PB_Init
 .text.BSP_PB_GetState
                0x080079cc       0x18 Src\stm32l4xx_nucleo.o
                0x080079cc                BSP_PB_GetState
 .text.BUTTON_USER_EXTI_Callback
                0x080079e4        0xa Src\stm32l4xx_nucleo.o
 *fill*         0x080079ee        0x2 
 .text.MX_USART2_UART_Init
                0x080079f0       0x30 Src\stm32l4xx_nucleo.o
                0x080079f0                MX_USART2_UART_Init
 .text.BSP_COM_Init
                0x08007a20       0x80 Src\stm32l4xx_nucleo.o
                0x08007a20                BSP_COM_Init
 .text.__io_putchar
                0x08007aa0       0x2c Src\stm32l4xx_nucleo.o
                0x08007aa0                __io_putchar
 .text.BSP_SPI1_SendRecv
                0x08007acc       0x28 Src\stm32l4xx_nucleo_bus.o
                0x08007acc                BSP_SPI1_SendRecv
 .text.BSP_GetTick
                0x08007af4        0x4 Src\stm32l4xx_nucleo_bus.o
                0x08007af4                BSP_GetTick
 .text.MX_SPI1_Init
                0x08007af8       0x44 Src\stm32l4xx_nucleo_bus.o
                0x08007af8                MX_SPI1_Init
 .text.BSP_SPI1_Init
                0x08007b3c       0xbc Src\stm32l4xx_nucleo_bus.o
                0x08007b3c                BSP_SPI1_Init
 .text._getpid  0x08007bf8        0x4 Src\syscalls.o
                0x08007bf8                _getpid
 .text._kill    0x08007bfc       0x10 Src\syscalls.o
                0x08007bfc                _kill
 .text._exit    0x08007c0c        0xc Src\syscalls.o
                0x08007c0c                _exit
 .text._read    0x08007c18       0x1c Src\syscalls.o
                0x08007c18                _read
 .text._write   0x08007c34       0x1c Src\syscalls.o
                0x08007c34                _write
 .text._sbrk    0x08007c50       0x34 Src\syscalls.o
                0x08007c50                _sbrk
 .text._close   0x08007c84        0x6 Src\syscalls.o
                0x08007c84                _close
 .text._fstat   0x08007c8a        0xa Src\syscalls.o
                0x08007c8a                _fstat
 .text._isatty  0x08007c94        0x4 Src\syscalls.o
                0x08007c94                _isatty
 .text._lseek   0x08007c98        0x4 Src\syscalls.o
                0x08007c98                _lseek
 .text.SystemInit
                0x08007c9c       0x48 Src\system_stm32l4xx.o
                0x08007c9c                SystemInit
 .text.Reset_Handler
                0x08007ce4       0x50 startup\startup_stm32l476xx.o
                0x08007ce4                Reset_Handler
 .text.Default_Handler
                0x08007d34        0x2 startup\startup_stm32l476xx.o
                0x08007d34                RTC_Alarm_IRQHandler
                0x08007d34                EXTI2_IRQHandler
                0x08007d34                TIM8_TRG_COM_IRQHandler
                0x08007d34                TIM8_CC_IRQHandler
                0x08007d34                TIM1_CC_IRQHandler
                0x08007d34                TSC_IRQHandler
                0x08007d34                TAMP_STAMP_IRQHandler
                0x08007d34                EXTI3_IRQHandler
                0x08007d34                LPTIM2_IRQHandler
                0x08007d34                DFSDM1_FLT1_IRQHandler
                0x08007d34                I2C3_ER_IRQHandler
                0x08007d34                DFSDM1_FLT2_IRQHandler
                0x08007d34                I2C2_EV_IRQHandler
                0x08007d34                CAN1_RX0_IRQHandler
                0x08007d34                FPU_IRQHandler
                0x08007d34                TIM1_UP_TIM16_IRQHandler
                0x08007d34                ADC1_2_IRQHandler
                0x08007d34                SPI1_IRQHandler
                0x08007d34                TIM6_DAC_IRQHandler
                0x08007d34                TIM8_UP_IRQHandler
                0x08007d34                DMA2_Channel2_IRQHandler
                0x08007d34                DMA1_Channel4_IRQHandler
                0x08007d34                SAI2_IRQHandler
                0x08007d34                DFSDM1_FLT3_IRQHandler
                0x08007d34                USART3_IRQHandler
                0x08007d34                DMA1_Channel7_IRQHandler
                0x08007d34                CAN1_RX1_IRQHandler
                0x08007d34                LCD_IRQHandler
                0x08007d34                UART5_IRQHandler
                0x08007d34                ADC3_IRQHandler
                0x08007d34                TIM4_IRQHandler
                0x08007d34                DMA2_Channel1_IRQHandler
                0x08007d34                QUADSPI_IRQHandler
                0x08007d34                I2C1_EV_IRQHandler
                0x08007d34                DMA1_Channel6_IRQHandler
                0x08007d34                UART4_IRQHandler
                0x08007d34                DMA2_Channel4_IRQHandler
                0x08007d34                RCC_IRQHandler
                0x08007d34                DMA1_Channel1_IRQHandler
                0x08007d34                Default_Handler
                0x08007d34                DMA2_Channel7_IRQHandler
                0x08007d34                TIM7_IRQHandler
                0x08007d34                SDMMC1_IRQHandler
                0x08007d34                TIM5_IRQHandler
                0x08007d34                I2C3_EV_IRQHandler
                0x08007d34                EXTI9_5_IRQHandler
                0x08007d34                RTC_WKUP_IRQHandler
                0x08007d34                PVD_PVM_IRQHandler
                0x08007d34                SPI2_IRQHandler
                0x08007d34                CAN1_TX_IRQHandler
                0x08007d34                DMA2_Channel5_IRQHandler
                0x08007d34                DMA1_Channel5_IRQHandler
                0x08007d34                EXTI4_IRQHandler
                0x08007d34                RNG_IRQHandler
                0x08007d34                TIM1_TRG_COM_TIM17_IRQHandler
                0x08007d34                DMA1_Channel3_IRQHandler
                0x08007d34                COMP_IRQHandler
                0x08007d34                WWDG_IRQHandler
                0x08007d34                LPUART1_IRQHandler
                0x08007d34                DMA2_Channel6_IRQHandler
                0x08007d34                TIM2_IRQHandler
                0x08007d34                EXTI1_IRQHandler
                0x08007d34                USART2_IRQHandler
                0x08007d34                DFSDM1_FLT0_IRQHandler
                0x08007d34                I2C2_ER_IRQHandler
                0x08007d34                DMA1_Channel2_IRQHandler
                0x08007d34                TIM8_BRK_IRQHandler
                0x08007d34                CAN1_SCE_IRQHandler
                0x08007d34                FLASH_IRQHandler
                0x08007d34                USART1_IRQHandler
                0x08007d34                OTG_FS_IRQHandler
                0x08007d34                SPI3_IRQHandler
                0x08007d34                I2C1_ER_IRQHandler
                0x08007d34                FMC_IRQHandler
                0x08007d34                SWPMI1_IRQHandler
                0x08007d34                LPTIM1_IRQHandler
                0x08007d34                SAI1_IRQHandler
                0x08007d34                DMA2_Channel3_IRQHandler
                0x08007d34                TIM1_BRK_TIM15_IRQHandler
 *fill*         0x08007d36        0x2 
 .text.__errno  0x08007d38        0xc c:/program files (x86)/atollic/truestudio for stm32 9.3.0/armtools/bin/../lib/gcc/arm-atollic-eabi/6.3.1/../../../../arm-atollic-eabi/lib/armv7e-m/fpu\libc.a(lib_a-errno.o)
                0x08007d38                __errno
 .text.__sflush_r
                0x08007d44      0x124 c:/program files (x86)/atollic/truestudio for stm32 9.3.0/armtools/bin/../lib/gcc/arm-atollic-eabi/6.3.1/../../../../arm-atollic-eabi/lib/armv7e-m/fpu\libc.a(lib_a-fflush.o)
                0x08007d44                __sflush_r
 .text._fflush_r
                0x08007e68       0x78 c:/program files (x86)/atollic/truestudio for stm32 9.3.0/armtools/bin/../lib/gcc/arm-atollic-eabi/6.3.1/../../../../arm-atollic-eabi/lib/armv7e-m/fpu\libc.a(lib_a-fflush.o)
                0x08007e68                _fflush_r
 .text.fflush   0x08007ee0       0x24 c:/program files (x86)/atollic/truestudio for stm32 9.3.0/armtools/bin/../lib/gcc/arm-atollic-eabi/6.3.1/../../../../arm-atollic-eabi/lib/armv7e-m/fpu\libc.a(lib_a-fflush.o)
                0x08007ee0                fflush
 .text._cleanup_r
                0x08007f04        0xc c:/program files (x86)/atollic/truestudio for stm32 9.3.0/armtools/bin/../lib/gcc/arm-atollic-eabi/6.3.1/../../../../arm-atollic-eabi/lib/armv7e-m/fpu\libc.a(lib_a-findfp.o)
                0x08007f04                _cleanup_r
 .text.std.isra.0
                0x08007f10       0x48 c:/program files (x86)/atollic/truestudio for stm32 9.3.0/armtools/bin/../lib/gcc/arm-atollic-eabi/6.3.1/../../../../arm-atollic-eabi/lib/armv7e-m/fpu\libc.a(lib_a-findfp.o)
 .text.__sfmoreglue
                0x08007f58       0x2c c:/program files (x86)/atollic/truestudio for stm32 9.3.0/armtools/bin/../lib/gcc/arm-atollic-eabi/6.3.1/../../../../arm-atollic-eabi/lib/armv7e-m/fpu\libc.a(lib_a-findfp.o)
                0x08007f58                __sfmoreglue
 .text.__sfp_lock_acquire
                0x08007f84        0xc c:/program files (x86)/atollic/truestudio for stm32 9.3.0/armtools/bin/../lib/gcc/arm-atollic-eabi/6.3.1/../../../../arm-atollic-eabi/lib/armv7e-m/fpu\libc.a(lib_a-findfp.o)
                0x08007f84                __sfp_lock_acquire
 .text.__sfp_lock_release
                0x08007f90        0xc c:/program files (x86)/atollic/truestudio for stm32 9.3.0/armtools/bin/../lib/gcc/arm-atollic-eabi/6.3.1/../../../../arm-atollic-eabi/lib/armv7e-m/fpu\libc.a(lib_a-findfp.o)
                0x08007f90                __sfp_lock_release
 .text.__sinit_lock_acquire
                0x08007f9c        0xc c:/program files (x86)/atollic/truestudio for stm32 9.3.0/armtools/bin/../lib/gcc/arm-atollic-eabi/6.3.1/../../../../arm-atollic-eabi/lib/armv7e-m/fpu\libc.a(lib_a-findfp.o)
                0x08007f9c                __sinit_lock_acquire
 .text.__sinit_lock_release
                0x08007fa8        0xc c:/program files (x86)/atollic/truestudio for stm32 9.3.0/armtools/bin/../lib/gcc/arm-atollic-eabi/6.3.1/../../../../arm-atollic-eabi/lib/armv7e-m/fpu\libc.a(lib_a-findfp.o)
                0x08007fa8                __sinit_lock_release
 .text.__sinit  0x08007fb4       0x74 c:/program files (x86)/atollic/truestudio for stm32 9.3.0/armtools/bin/../lib/gcc/arm-atollic-eabi/6.3.1/../../../../arm-atollic-eabi/lib/armv7e-m/fpu\libc.a(lib_a-findfp.o)
                0x08007fb4                __sinit
 .text.__sfp    0x08008028       0x8c c:/program files (x86)/atollic/truestudio for stm32 9.3.0/armtools/bin/../lib/gcc/arm-atollic-eabi/6.3.1/../../../../arm-atollic-eabi/lib/armv7e-m/fpu\libc.a(lib_a-findfp.o)
                0x08008028                __sfp
 .text._malloc_trim_r
                0x080080b4       0xac c:/program files (x86)/atollic/truestudio for stm32 9.3.0/armtools/bin/../lib/gcc/arm-atollic-eabi/6.3.1/../../../../arm-atollic-eabi/lib/armv7e-m/fpu\libc.a(lib_a-freer.o)
                0x080080b4                _malloc_trim_r
 .text._free_r  0x08008160      0x178 c:/program files (x86)/atollic/truestudio for stm32 9.3.0/armtools/bin/../lib/gcc/arm-atollic-eabi/6.3.1/../../../../arm-atollic-eabi/lib/armv7e-m/fpu\libc.a(lib_a-freer.o)
                0x08008160                _free_r
 .text._fwalk_reent
                0x080082d8       0x3c c:/program files (x86)/atollic/truestudio for stm32 9.3.0/armtools/bin/../lib/gcc/arm-atollic-eabi/6.3.1/../../../../arm-atollic-eabi/lib/armv7e-m/fpu\libc.a(lib_a-fwalk.o)
                0x080082d8                _fwalk_reent
 .text.__libc_init_array
                0x08008314       0x48 c:/program files (x86)/atollic/truestudio for stm32 9.3.0/armtools/bin/../lib/gcc/arm-atollic-eabi/6.3.1/../../../../arm-atollic-eabi/lib/armv7e-m/fpu\libc.a(lib_a-init.o)
                0x08008314                __libc_init_array
 .text.__retarget_lock_init_recursive
                0x0800835c        0x2 c:/program files (x86)/atollic/truestudio for stm32 9.3.0/armtools/bin/../lib/gcc/arm-atollic-eabi/6.3.1/../../../../arm-atollic-eabi/lib/armv7e-m/fpu\libc.a(lib_a-lock.o)
                0x0800835c                __retarget_lock_init_recursive
 .text.__retarget_lock_close_recursive
                0x0800835e        0x2 c:/program files (x86)/atollic/truestudio for stm32 9.3.0/armtools/bin/../lib/gcc/arm-atollic-eabi/6.3.1/../../../../arm-atollic-eabi/lib/armv7e-m/fpu\libc.a(lib_a-lock.o)
                0x0800835e                __retarget_lock_close_recursive
 .text.__retarget_lock_acquire_recursive
                0x08008360        0x2 c:/program files (x86)/atollic/truestudio for stm32 9.3.0/armtools/bin/../lib/gcc/arm-atollic-eabi/6.3.1/../../../../arm-atollic-eabi/lib/armv7e-m/fpu\libc.a(lib_a-lock.o)
                0x08008360                __retarget_lock_acquire_recursive
 .text.__retarget_lock_release_recursive
                0x08008362        0x2 c:/program files (x86)/atollic/truestudio for stm32 9.3.0/armtools/bin/../lib/gcc/arm-atollic-eabi/6.3.1/../../../../arm-atollic-eabi/lib/armv7e-m/fpu\libc.a(lib_a-lock.o)
                0x08008362                __retarget_lock_release_recursive
 .text._malloc_r
                0x08008364      0x41c c:/program files (x86)/atollic/truestudio for stm32 9.3.0/armtools/bin/../lib/gcc/arm-atollic-eabi/6.3.1/../../../../arm-atollic-eabi/lib/armv7e-m/fpu\libc.a(lib_a-mallocr.o)
                0x08008364                _malloc_r
 .text.memcpy   0x08008780       0x16 c:/program files (x86)/atollic/truestudio for stm32 9.3.0/armtools/bin/../lib/gcc/arm-atollic-eabi/6.3.1/../../../../arm-atollic-eabi/lib/armv7e-m/fpu\libc.a(lib_a-memcpy-stub.o)
                0x08008780                memcpy
 .text.memset   0x08008796       0x10 c:/program files (x86)/atollic/truestudio for stm32 9.3.0/armtools/bin/../lib/gcc/arm-atollic-eabi/6.3.1/../../../../arm-atollic-eabi/lib/armv7e-m/fpu\libc.a(lib_a-memset.o)
                0x08008796                memset
 *fill*         0x080087a6        0x2 
 .text.__malloc_lock
                0x080087a8        0xc c:/program files (x86)/atollic/truestudio for stm32 9.3.0/armtools/bin/../lib/gcc/arm-atollic-eabi/6.3.1/../../../../arm-atollic-eabi/lib/armv7e-m/fpu\libc.a(lib_a-mlock.o)
                0x080087a8                __malloc_lock
 .text.__malloc_unlock
                0x080087b4        0xc c:/program files (x86)/atollic/truestudio for stm32 9.3.0/armtools/bin/../lib/gcc/arm-atollic-eabi/6.3.1/../../../../arm-atollic-eabi/lib/armv7e-m/fpu\libc.a(lib_a-mlock.o)
                0x080087b4                __malloc_unlock
 .text.printf   0x080087c0       0x30 c:/program files (x86)/atollic/truestudio for stm32 9.3.0/armtools/bin/../lib/gcc/arm-atollic-eabi/6.3.1/../../../../arm-atollic-eabi/lib/armv7e-m/fpu\libc.a(lib_a-printf.o)
                0x080087c0                printf
 .text.putchar  0x080087f0       0x28 c:/program files (x86)/atollic/truestudio for stm32 9.3.0/armtools/bin/../lib/gcc/arm-atollic-eabi/6.3.1/../../../../arm-atollic-eabi/lib/armv7e-m/fpu\libc.a(lib_a-putchar.o)
                0x080087f0                putchar
 .text._puts_r  0x08008818       0xc0 c:/program files (x86)/atollic/truestudio for stm32 9.3.0/armtools/bin/../lib/gcc/arm-atollic-eabi/6.3.1/../../../../arm-atollic-eabi/lib/armv7e-m/fpu\libc.a(lib_a-puts.o)
                0x08008818                _puts_r
 .text.puts     0x080088d8       0x10 c:/program files (x86)/atollic/truestudio for stm32 9.3.0/armtools/bin/../lib/gcc/arm-atollic-eabi/6.3.1/../../../../arm-atollic-eabi/lib/armv7e-m/fpu\libc.a(lib_a-puts.o)
                0x080088d8                puts
 .text._sbrk_r  0x080088e8       0x20 c:/program files (x86)/atollic/truestudio for stm32 9.3.0/armtools/bin/../lib/gcc/arm-atollic-eabi/6.3.1/../../../../arm-atollic-eabi/lib/armv7e-m/fpu\libc.a(lib_a-sbrkr.o)
                0x080088e8                _sbrk_r
 .text.sprintf  0x08008908       0x48 c:/program files (x86)/atollic/truestudio for stm32 9.3.0/armtools/bin/../lib/gcc/arm-atollic-eabi/6.3.1/../../../../arm-atollic-eabi/lib/armv7e-m/fpu\libc.a(lib_a-sprintf.o)
                0x08008908                sprintf
 .text.__sread  0x08008950       0x22 c:/program files (x86)/atollic/truestudio for stm32 9.3.0/armtools/bin/../lib/gcc/arm-atollic-eabi/6.3.1/../../../../arm-atollic-eabi/lib/armv7e-m/fpu\libc.a(lib_a-stdio.o)
                0x08008950                __sread
 .text.__swrite
                0x08008972       0x38 c:/program files (x86)/atollic/truestudio for stm32 9.3.0/armtools/bin/../lib/gcc/arm-atollic-eabi/6.3.1/../../../../arm-atollic-eabi/lib/armv7e-m/fpu\libc.a(lib_a-stdio.o)
                0x08008972                __swrite
 .text.__sseek  0x080089aa       0x24 c:/program files (x86)/atollic/truestudio for stm32 9.3.0/armtools/bin/../lib/gcc/arm-atollic-eabi/6.3.1/../../../../arm-atollic-eabi/lib/armv7e-m/fpu\libc.a(lib_a-stdio.o)
                0x080089aa                __sseek
 .text.__sclose
                0x080089ce        0x8 c:/program files (x86)/atollic/truestudio for stm32 9.3.0/armtools/bin/../lib/gcc/arm-atollic-eabi/6.3.1/../../../../arm-atollic-eabi/lib/armv7e-m/fpu\libc.a(lib_a-stdio.o)
                0x080089ce                __sclose
 *fill*         0x080089d6        0x2 
 .text._svfprintf_r
                0x080089d8      0xfa8 c:/program files (x86)/atollic/truestudio for stm32 9.3.0/armtools/bin/../lib/gcc/arm-atollic-eabi/6.3.1/../../../../arm-atollic-eabi/lib/armv7e-m/fpu\libc.a(lib_a-svfprintf.o)
                0x080089d8                _svfprintf_r
 .text._vfprintf_r
                0x08009980     0x1078 c:/program files (x86)/atollic/truestudio for stm32 9.3.0/armtools/bin/../lib/gcc/arm-atollic-eabi/6.3.1/../../../../arm-atollic-eabi/lib/armv7e-m/fpu\libc.a(lib_a-vfprintf.o)
                0x08009980                _vfprintf_r
 .text.__sbprintf
                0x0800a9f8       0x80 c:/program files (x86)/atollic/truestudio for stm32 9.3.0/armtools/bin/../lib/gcc/arm-atollic-eabi/6.3.1/../../../../arm-atollic-eabi/lib/armv7e-m/fpu\libc.a(lib_a-vfprintf.o)
 .text._write_r
                0x0800aa78       0x24 c:/program files (x86)/atollic/truestudio for stm32 9.3.0/armtools/bin/../lib/gcc/arm-atollic-eabi/6.3.1/../../../../arm-atollic-eabi/lib/armv7e-m/fpu\libc.a(lib_a-writer.o)
                0x0800aa78                _write_r
 .text.__swsetup_r
                0x0800aa9c       0xdc c:/program files (x86)/atollic/truestudio for stm32 9.3.0/armtools/bin/../lib/gcc/arm-atollic-eabi/6.3.1/../../../../arm-atollic-eabi/lib/armv7e-m/fpu\libc.a(lib_a-wsetup.o)
                0x0800aa9c                __swsetup_r
 .text._close_r
                0x0800ab78       0x20 c:/program files (x86)/atollic/truestudio for stm32 9.3.0/armtools/bin/../lib/gcc/arm-atollic-eabi/6.3.1/../../../../arm-atollic-eabi/lib/armv7e-m/fpu\libc.a(lib_a-closer.o)
                0x0800ab78                _close_r
 .text.quorem   0x0800ab98      0x118 c:/program files (x86)/atollic/truestudio for stm32 9.3.0/armtools/bin/../lib/gcc/arm-atollic-eabi/6.3.1/../../../../arm-atollic-eabi/lib/armv7e-m/fpu\libc.a(lib_a-dtoa.o)
 .text._dtoa_r  0x0800acb0      0xb9c c:/program files (x86)/atollic/truestudio for stm32 9.3.0/armtools/bin/../lib/gcc/arm-atollic-eabi/6.3.1/../../../../arm-atollic-eabi/lib/armv7e-m/fpu\libc.a(lib_a-dtoa.o)
                0x0800acb0                _dtoa_r
 .text._fclose_r
                0x0800b84c       0xd8 c:/program files (x86)/atollic/truestudio for stm32 9.3.0/armtools/bin/../lib/gcc/arm-atollic-eabi/6.3.1/../../../../arm-atollic-eabi/lib/armv7e-m/fpu\libc.a(lib_a-fclose.o)
                0x0800b84c                _fclose_r
 .text.__sfvwrite_r
                0x0800b924      0x29c c:/program files (x86)/atollic/truestudio for stm32 9.3.0/armtools/bin/../lib/gcc/arm-atollic-eabi/6.3.1/../../../../arm-atollic-eabi/lib/armv7e-m/fpu\libc.a(lib_a-fvwrite.o)
                0x0800b924                __sfvwrite_r
 .text._localeconv_r
                0x0800bbc0       0x1c c:/program files (x86)/atollic/truestudio for stm32 9.3.0/armtools/bin/../lib/gcc/arm-atollic-eabi/6.3.1/../../../../arm-atollic-eabi/lib/armv7e-m/fpu\libc.a(lib_a-localeconv.o)
                0x0800bbc0                _localeconv_r
 .text._lseek_r
                0x0800bbdc       0x24 c:/program files (x86)/atollic/truestudio for stm32 9.3.0/armtools/bin/../lib/gcc/arm-atollic-eabi/6.3.1/../../../../arm-atollic-eabi/lib/armv7e-m/fpu\libc.a(lib_a-lseekr.o)
                0x0800bbdc                _lseek_r
 .text.__swhatbuf_r
                0x0800bc00       0x56 c:/program files (x86)/atollic/truestudio for stm32 9.3.0/armtools/bin/../lib/gcc/arm-atollic-eabi/6.3.1/../../../../arm-atollic-eabi/lib/armv7e-m/fpu\libc.a(lib_a-makebuf.o)
                0x0800bc00                __swhatbuf_r
 *fill*         0x0800bc56        0x2 
 .text.__smakebuf_r
                0x0800bc58       0x80 c:/program files (x86)/atollic/truestudio for stm32 9.3.0/armtools/bin/../lib/gcc/arm-atollic-eabi/6.3.1/../../../../arm-atollic-eabi/lib/armv7e-m/fpu\libc.a(lib_a-makebuf.o)
                0x0800bc58                __smakebuf_r
 .text.malloc   0x0800bcd8       0x10 c:/program files (x86)/atollic/truestudio for stm32 9.3.0/armtools/bin/../lib/gcc/arm-atollic-eabi/6.3.1/../../../../arm-atollic-eabi/lib/armv7e-m/fpu\libc.a(lib_a-malloc.o)
                0x0800bcd8                malloc
 .text.memmove  0x0800bce8       0x34 c:/program files (x86)/atollic/truestudio for stm32 9.3.0/armtools/bin/../lib/gcc/arm-atollic-eabi/6.3.1/../../../../arm-atollic-eabi/lib/armv7e-m/fpu\libc.a(lib_a-memmove.o)
                0x0800bce8                memmove
 .text._Balloc  0x0800bd1c       0x68 c:/program files (x86)/atollic/truestudio for stm32 9.3.0/armtools/bin/../lib/gcc/arm-atollic-eabi/6.3.1/../../../../arm-atollic-eabi/lib/armv7e-m/fpu\libc.a(lib_a-mprec.o)
                0x0800bd1c                _Balloc
 .text._Bfree   0x0800bd84       0x2e c:/program files (x86)/atollic/truestudio for stm32 9.3.0/armtools/bin/../lib/gcc/arm-atollic-eabi/6.3.1/../../../../arm-atollic-eabi/lib/armv7e-m/fpu\libc.a(lib_a-mprec.o)
                0x0800bd84                _Bfree
 .text.__multadd
                0x0800bdb2       0x76 c:/program files (x86)/atollic/truestudio for stm32 9.3.0/armtools/bin/../lib/gcc/arm-atollic-eabi/6.3.1/../../../../arm-atollic-eabi/lib/armv7e-m/fpu\libc.a(lib_a-mprec.o)
                0x0800bdb2                __multadd
 .text.__hi0bits
                0x0800be28       0x3e c:/program files (x86)/atollic/truestudio for stm32 9.3.0/armtools/bin/../lib/gcc/arm-atollic-eabi/6.3.1/../../../../arm-atollic-eabi/lib/armv7e-m/fpu\libc.a(lib_a-mprec.o)
                0x0800be28                __hi0bits
 .text.__lo0bits
                0x0800be66       0x5e c:/program files (x86)/atollic/truestudio for stm32 9.3.0/armtools/bin/../lib/gcc/arm-atollic-eabi/6.3.1/../../../../arm-atollic-eabi/lib/armv7e-m/fpu\libc.a(lib_a-mprec.o)
                0x0800be66                __lo0bits
 .text.__i2b    0x0800bec4       0x12 c:/program files (x86)/atollic/truestudio for stm32 9.3.0/armtools/bin/../lib/gcc/arm-atollic-eabi/6.3.1/../../../../arm-atollic-eabi/lib/armv7e-m/fpu\libc.a(lib_a-mprec.o)
                0x0800bec4                __i2b
 .text.__multiply
                0x0800bed6      0x11a c:/program files (x86)/atollic/truestudio for stm32 9.3.0/armtools/bin/../lib/gcc/arm-atollic-eabi/6.3.1/../../../../arm-atollic-eabi/lib/armv7e-m/fpu\libc.a(lib_a-mprec.o)
                0x0800bed6                __multiply
 .text.__pow5mult
                0x0800bff0       0x9c c:/program files (x86)/atollic/truestudio for stm32 9.3.0/armtools/bin/../lib/gcc/arm-atollic-eabi/6.3.1/../../../../arm-atollic-eabi/lib/armv7e-m/fpu\libc.a(lib_a-mprec.o)
                0x0800bff0                __pow5mult
 .text.__lshift
                0x0800c08c       0xa2 c:/program files (x86)/atollic/truestudio for stm32 9.3.0/armtools/bin/../lib/gcc/arm-atollic-eabi/6.3.1/../../../../arm-atollic-eabi/lib/armv7e-m/fpu\libc.a(lib_a-mprec.o)
                0x0800c08c                __lshift
 .text.__mcmp   0x0800c12e       0x34 c:/program files (x86)/atollic/truestudio for stm32 9.3.0/armtools/bin/../lib/gcc/arm-atollic-eabi/6.3.1/../../../../arm-atollic-eabi/lib/armv7e-m/fpu\libc.a(lib_a-mprec.o)
                0x0800c12e                __mcmp
 .text.__mdiff  0x0800c162       0xbc c:/program files (x86)/atollic/truestudio for stm32 9.3.0/armtools/bin/../lib/gcc/arm-atollic-eabi/6.3.1/../../../../arm-atollic-eabi/lib/armv7e-m/fpu\libc.a(lib_a-mprec.o)
                0x0800c162                __mdiff
 .text.__d2b    0x0800c21e       0x9e c:/program files (x86)/atollic/truestudio for stm32 9.3.0/armtools/bin/../lib/gcc/arm-atollic-eabi/6.3.1/../../../../arm-atollic-eabi/lib/armv7e-m/fpu\libc.a(lib_a-mprec.o)
                0x0800c21e                __d2b
 .text._putc_r  0x0800c2bc       0x90 c:/program files (x86)/atollic/truestudio for stm32 9.3.0/armtools/bin/../lib/gcc/arm-atollic-eabi/6.3.1/../../../../arm-atollic-eabi/lib/armv7e-m/fpu\libc.a(lib_a-putc.o)
                0x0800c2bc                _putc_r
 .text._read_r  0x0800c34c       0x24 c:/program files (x86)/atollic/truestudio for stm32 9.3.0/armtools/bin/../lib/gcc/arm-atollic-eabi/6.3.1/../../../../arm-atollic-eabi/lib/armv7e-m/fpu\libc.a(lib_a-readr.o)
                0x0800c34c                _read_r
 .text._realloc_r
                0x0800c370      0x300 c:/program files (x86)/atollic/truestudio for stm32 9.3.0/armtools/bin/../lib/gcc/arm-atollic-eabi/6.3.1/../../../../arm-atollic-eabi/lib/armv7e-m/fpu\libc.a(lib_a-reallocr.o)
                0x0800c370                _realloc_r
 .text.__ssprint_r
                0x0800c670       0xf4 c:/program files (x86)/atollic/truestudio for stm32 9.3.0/armtools/bin/../lib/gcc/arm-atollic-eabi/6.3.1/../../../../arm-atollic-eabi/lib/armv7e-m/fpu\libc.a(lib_a-svfiprintf.o)
                0x0800c670                __ssprint_r
 .text.__sprint_r
                0x0800c764       0x6a c:/program files (x86)/atollic/truestudio for stm32 9.3.0/armtools/bin/../lib/gcc/arm-atollic-eabi/6.3.1/../../../../arm-atollic-eabi/lib/armv7e-m/fpu\libc.a(lib_a-vfiprintf.o)
                0x0800c764                __sprint_r
 *fill*         0x0800c7ce        0x2 
 .text.__swbuf_r
                0x0800c7d0       0xbc c:/program files (x86)/atollic/truestudio for stm32 9.3.0/armtools/bin/../lib/gcc/arm-atollic-eabi/6.3.1/../../../../arm-atollic-eabi/lib/armv7e-m/fpu\libc.a(lib_a-wbuf.o)
                0x0800c7d0                __swbuf_r
 .text._calloc_r
                0x0800c88c       0x5a c:/program files (x86)/atollic/truestudio for stm32 9.3.0/armtools/bin/../lib/gcc/arm-atollic-eabi/6.3.1/../../../../arm-atollic-eabi/lib/armv7e-m/fpu\libc.a(lib_a-callocr.o)
                0x0800c88c                _calloc_r
 .text.__fputwc
                0x0800c8e6       0x82 c:/program files (x86)/atollic/truestudio for stm32 9.3.0/armtools/bin/../lib/gcc/arm-atollic-eabi/6.3.1/../../../../arm-atollic-eabi/lib/armv7e-m/fpu\libc.a(lib_a-fputwc.o)
                0x0800c8e6                __fputwc
 .text._fputwc_r
                0x0800c968       0x52 c:/program files (x86)/atollic/truestudio for stm32 9.3.0/armtools/bin/../lib/gcc/arm-atollic-eabi/6.3.1/../../../../arm-atollic-eabi/lib/armv7e-m/fpu\libc.a(lib_a-fputwc.o)
                0x0800c968                _fputwc_r
 *fill*         0x0800c9ba        0x2 
 .text._fstat_r
                0x0800c9bc       0x24 c:/program files (x86)/atollic/truestudio for stm32 9.3.0/armtools/bin/../lib/gcc/arm-atollic-eabi/6.3.1/../../../../arm-atollic-eabi/lib/armv7e-m/fpu\libc.a(lib_a-fstatr.o)
                0x0800c9bc                _fstat_r
 .text._isatty_r
                0x0800c9e0       0x20 c:/program files (x86)/atollic/truestudio for stm32 9.3.0/armtools/bin/../lib/gcc/arm-atollic-eabi/6.3.1/../../../../arm-atollic-eabi/lib/armv7e-m/fpu\libc.a(lib_a-isattyr.o)
                0x0800c9e0                _isatty_r
 .text.__locale_mb_cur_max
                0x0800ca00       0x1c c:/program files (x86)/atollic/truestudio for stm32 9.3.0/armtools/bin/../lib/gcc/arm-atollic-eabi/6.3.1/../../../../arm-atollic-eabi/lib/armv7e-m/fpu\libc.a(lib_a-locale.o)
                0x0800ca00                __locale_mb_cur_max
 .text.__ascii_mbtowc
                0x0800ca1c       0x24 c:/program files (x86)/atollic/truestudio for stm32 9.3.0/armtools/bin/../lib/gcc/arm-atollic-eabi/6.3.1/../../../../arm-atollic-eabi/lib/armv7e-m/fpu\libc.a(lib_a-mbtowc_r.o)
                0x0800ca1c                __ascii_mbtowc
 .text._wcrtomb_r
                0x0800ca40       0x50 c:/program files (x86)/atollic/truestudio for stm32 9.3.0/armtools/bin/../lib/gcc/arm-atollic-eabi/6.3.1/../../../../arm-atollic-eabi/lib/armv7e-m/fpu\libc.a(lib_a-wcrtomb.o)
                0x0800ca40                _wcrtomb_r
 .text.__ascii_wctomb
                0x0800ca90       0x1a c:/program files (x86)/atollic/truestudio for stm32 9.3.0/armtools/bin/../lib/gcc/arm-atollic-eabi/6.3.1/../../../../arm-atollic-eabi/lib/armv7e-m/fpu\libc.a(lib_a-wctomb_r.o)
                0x0800ca90                __ascii_wctomb
 .text.abort    0x0800caaa        0xe c:/program files (x86)/atollic/truestudio for stm32 9.3.0/armtools/bin/../lib/gcc/arm-atollic-eabi/6.3.1/../../../../arm-atollic-eabi/lib/armv7e-m/fpu\libc.a(lib_a-abort.o)
                0x0800caaa                abort
 .text._raise_r
                0x0800cab8       0x50 c:/program files (x86)/atollic/truestudio for stm32 9.3.0/armtools/bin/../lib/gcc/arm-atollic-eabi/6.3.1/../../../../arm-atollic-eabi/lib/armv7e-m/fpu\libc.a(lib_a-signal.o)
                0x0800cab8                _raise_r
 .text.raise    0x0800cb08       0x10 c:/program files (x86)/atollic/truestudio for stm32 9.3.0/armtools/bin/../lib/gcc/arm-atollic-eabi/6.3.1/../../../../arm-atollic-eabi/lib/armv7e-m/fpu\libc.a(lib_a-signal.o)
                0x0800cb08                raise
 .text._kill_r  0x0800cb18       0x24 c:/program files (x86)/atollic/truestudio for stm32 9.3.0/armtools/bin/../lib/gcc/arm-atollic-eabi/6.3.1/../../../../arm-atollic-eabi/lib/armv7e-m/fpu\libc.a(lib_a-signalr.o)
                0x0800cb18                _kill_r
 .text._getpid_r
                0x0800cb3c        0x4 c:/program files (x86)/atollic/truestudio for stm32 9.3.0/armtools/bin/../lib/gcc/arm-atollic-eabi/6.3.1/../../../../arm-atollic-eabi/lib/armv7e-m/fpu\libc.a(lib_a-signalr.o)
                0x0800cb3c                _getpid_r
 *(.glue_7)
 .glue_7        0x0800cb40        0x0 linker stubs
 *(.glue_7t)
 .glue_7t       0x0800cb40        0x0 linker stubs
 *(.eh_frame)
 .eh_frame      0x0800cb40        0x0 c:/program files (x86)/atollic/truestudio for stm32 9.3.0/armtools/bin/../lib/gcc/arm-atollic-eabi/6.3.1/armv7e-m/fpu/crtbegin.o
 *(.init)
 .init          0x0800cb40        0x4 c:/program files (x86)/atollic/truestudio for stm32 9.3.0/armtools/bin/../lib/gcc/arm-atollic-eabi/6.3.1/armv7e-m/fpu/crti.o
                0x0800cb40                _init
 .init          0x0800cb44        0x8 c:/program files (x86)/atollic/truestudio for stm32 9.3.0/armtools/bin/../lib/gcc/arm-atollic-eabi/6.3.1/armv7e-m/fpu/crtn.o
 *(.fini)
 .fini          0x0800cb4c        0x4 c:/program files (x86)/atollic/truestudio for stm32 9.3.0/armtools/bin/../lib/gcc/arm-atollic-eabi/6.3.1/armv7e-m/fpu/crti.o
                0x0800cb4c                _fini
 .fini          0x0800cb50        0x8 c:/program files (x86)/atollic/truestudio for stm32 9.3.0/armtools/bin/../lib/gcc/arm-atollic-eabi/6.3.1/armv7e-m/fpu/crtn.o
                0x0800cb58                . = ALIGN (0x4)
                0x0800cb58                _etext = .

.vfp11_veneer   0x0800cb58        0x0
 .vfp11_veneer  0x0800cb58        0x0 linker stubs

.v4_bx          0x0800cb58        0x0
 .v4_bx         0x0800cb58        0x0 linker stubs

.iplt           0x0800cb58        0x0
 .iplt          0x0800cb58        0x0 c:/program files (x86)/atollic/truestudio for stm32 9.3.0/armtools/bin/../lib/gcc/arm-atollic-eabi/6.3.1/armv7e-m/fpu/crtbegin.o

.rodata         0x0800cb58      0x888
                0x0800cb58                . = ALIGN (0x4)
 *(.rodata)
 .rodata        0x0800cb58      0x23a Src\main.o
 .rodata        0x0800cd92       0x30 Src\sample_service.o
 *(.rodata*)
 .rodata.CSWTCH.52
                0x0800cdc2        0x4 Drivers\STM32L4xx_HAL_Driver\stm32l4xx_hal_uart.o
 .rodata.CSWTCH.53
                0x0800cdc6        0xd Drivers\STM32L4xx_HAL_Driver\stm32l4xx_hal_uart.o
 .rodata.vTaskStartScheduler.str1.1
                0x0800cdd3        0x5 Middlewares\FreeRTOS\tasks.o
 .rodata.MX_BlueNRG_MS_Init.str1.1
                0x0800cdd8       0xe9 Src\app_x-cube-ble1.o
 .rodata.MX_BlueNRG_MS_Process.str1.1
                0x0800cec1       0x71 Src\app_x-cube-ble1.o
 .rodata.GAP_AdvertisingReport_CB.str1.1
                0x0800cf32       0x1f Src\sample_service.o
 .rodata.GAP_ConnectionComplete_CB.str1.1
                0x0800cf51       0x61 Src\sample_service.o
 .rodata.GAP_DisconnectionComplete_CB.str1.1
                0x0800cfb2        0xd Src\sample_service.o
 .rodata.Make_Connection.str1.1
                0x0800cfbf       0x5f Src\sample_service.o
 .rodata.enableNotification.str1.1
                0x0800d01e       0x37 Src\sample_service.o
 .rodata.user_notify.str1.1
                0x0800d055       0x51 Src\sample_service.o
 .rodata.AHBPrescTable
                0x0800d0a6       0x10 Src\system_stm32l4xx.o
                0x0800d0a6                AHBPrescTable
 .rodata.APBPrescTable
                0x0800d0b6        0x8 Src\system_stm32l4xx.o
                0x0800d0b6                APBPrescTable
 *fill*         0x0800d0be        0x2 
 .rodata.MSIRangeTable
                0x0800d0c0       0x30 Src\system_stm32l4xx.o
                0x0800d0c0                MSIRangeTable
 .rodata.__sf_fake_stderr
                0x0800d0f0       0x20 c:/program files (x86)/atollic/truestudio for stm32 9.3.0/armtools/bin/../lib/gcc/arm-atollic-eabi/6.3.1/../../../../arm-atollic-eabi/lib/armv7e-m/fpu\libc.a(lib_a-findfp.o)
                0x0800d0f0                __sf_fake_stderr
 .rodata.__sf_fake_stdin
                0x0800d110       0x20 c:/program files (x86)/atollic/truestudio for stm32 9.3.0/armtools/bin/../lib/gcc/arm-atollic-eabi/6.3.1/../../../../arm-atollic-eabi/lib/armv7e-m/fpu\libc.a(lib_a-findfp.o)
                0x0800d110                __sf_fake_stdin
 .rodata.__sf_fake_stdout
                0x0800d130       0x20 c:/program files (x86)/atollic/truestudio for stm32 9.3.0/armtools/bin/../lib/gcc/arm-atollic-eabi/6.3.1/../../../../arm-atollic-eabi/lib/armv7e-m/fpu\libc.a(lib_a-findfp.o)
                0x0800d130                __sf_fake_stdout
 .rodata._global_impure_ptr
                0x0800d150        0x4 c:/program files (x86)/atollic/truestudio for stm32 9.3.0/armtools/bin/../lib/gcc/arm-atollic-eabi/6.3.1/../../../../arm-atollic-eabi/lib/armv7e-m/fpu\libc.a(lib_a-impure.o)
                0x0800d150                _global_impure_ptr
 .rodata._puts_r.str1.1
                0x0800d154       0x51 c:/program files (x86)/atollic/truestudio for stm32 9.3.0/armtools/bin/../lib/gcc/arm-atollic-eabi/6.3.1/../../../../arm-atollic-eabi/lib/armv7e-m/fpu\libc.a(lib_a-puts.o)
                                  0x2 (size before relaxing)
 .rodata._svfprintf_r.str1.1
                0x0800d154       0x34 c:/program files (x86)/atollic/truestudio for stm32 9.3.0/armtools/bin/../lib/gcc/arm-atollic-eabi/6.3.1/../../../../arm-atollic-eabi/lib/armv7e-m/fpu\libc.a(lib_a-svfprintf.o)
 .rodata.blanks.8359
                0x0800d188       0x10 c:/program files (x86)/atollic/truestudio for stm32 9.3.0/armtools/bin/../lib/gcc/arm-atollic-eabi/6.3.1/../../../../arm-atollic-eabi/lib/armv7e-m/fpu\libc.a(lib_a-svfprintf.o)
 .rodata.zeroes.8360
                0x0800d198       0x10 c:/program files (x86)/atollic/truestudio for stm32 9.3.0/armtools/bin/../lib/gcc/arm-atollic-eabi/6.3.1/../../../../arm-atollic-eabi/lib/armv7e-m/fpu\libc.a(lib_a-svfprintf.o)
 .rodata._vfprintf_r.str1.1
                0x0800d1a8       0x34 c:/program files (x86)/atollic/truestudio for stm32 9.3.0/armtools/bin/../lib/gcc/arm-atollic-eabi/6.3.1/../../../../arm-atollic-eabi/lib/armv7e-m/fpu\libc.a(lib_a-vfprintf.o)
 .rodata.blanks.8374
                0x0800d1a8       0x10 c:/program files (x86)/atollic/truestudio for stm32 9.3.0/armtools/bin/../lib/gcc/arm-atollic-eabi/6.3.1/../../../../arm-atollic-eabi/lib/armv7e-m/fpu\libc.a(lib_a-vfprintf.o)
 .rodata.zeroes.8375
                0x0800d1b8       0x10 c:/program files (x86)/atollic/truestudio for stm32 9.3.0/armtools/bin/../lib/gcc/arm-atollic-eabi/6.3.1/../../../../arm-atollic-eabi/lib/armv7e-m/fpu\libc.a(lib_a-vfprintf.o)
 .rodata._dtoa_r.str1.1
                0x0800d1c8        0xd c:/program files (x86)/atollic/truestudio for stm32 9.3.0/armtools/bin/../lib/gcc/arm-atollic-eabi/6.3.1/../../../../arm-atollic-eabi/lib/armv7e-m/fpu\libc.a(lib_a-dtoa.o)
                                  0xf (size before relaxing)
 *fill*         0x0800d1d5        0x3 
 .rodata.__mprec_bigtens
                0x0800d1d8       0x28 c:/program files (x86)/atollic/truestudio for stm32 9.3.0/armtools/bin/../lib/gcc/arm-atollic-eabi/6.3.1/../../../../arm-atollic-eabi/lib/armv7e-m/fpu\libc.a(lib_a-mprec.o)
                0x0800d1d8                __mprec_bigtens
 .rodata.__mprec_tens
                0x0800d200       0xc8 c:/program files (x86)/atollic/truestudio for stm32 9.3.0/armtools/bin/../lib/gcc/arm-atollic-eabi/6.3.1/../../../../arm-atollic-eabi/lib/armv7e-m/fpu\libc.a(lib_a-mprec.o)
                0x0800d200                __mprec_tens
 .rodata.p05.7196
                0x0800d2c8        0xc c:/program files (x86)/atollic/truestudio for stm32 9.3.0/armtools/bin/../lib/gcc/arm-atollic-eabi/6.3.1/../../../../arm-atollic-eabi/lib/armv7e-m/fpu\libc.a(lib_a-mprec.o)
 .rodata._setlocale_r.str1.1
                0x0800d2d4        0x8 c:/program files (x86)/atollic/truestudio for stm32 9.3.0/armtools/bin/../lib/gcc/arm-atollic-eabi/6.3.1/../../../../arm-atollic-eabi/lib/armv7e-m/fpu\libc.a(lib_a-locale.o)
                                  0x9 (size before relaxing)
 .rodata.str1.1
                0x0800d2dc        0x8 c:/program files (x86)/atollic/truestudio for stm32 9.3.0/armtools/bin/../lib/gcc/arm-atollic-eabi/6.3.1/../../../../arm-atollic-eabi/lib/armv7e-m/fpu\libc.a(lib_a-locale.o)
                                  0x2 (size before relaxing)
 .rodata._ctype_
                0x0800d2dc      0x101 c:/program files (x86)/atollic/truestudio for stm32 9.3.0/armtools/bin/../lib/gcc/arm-atollic-eabi/6.3.1/../../../../arm-atollic-eabi/lib/armv7e-m/fpu\libc.a(lib_a-ctype_.o)
                0x0800d2dc                _ctype_
                0x0800d3e0                . = ALIGN (0x4)
 *fill*         0x0800d3dd        0x3 

.ARM.extab      0x0800d3e0       0x90
 *(.ARM.extab* .gnu.linkonce.armextab.*)
 .ARM.extab.text.main
                0x0800d3e0        0xc Src\main.o
 .ARM.extab.text._Z18SystemClock_Configv
                0x0800d3ec        0xc Src\main.o
 .ARM.extab.text._ZL12MX_GPIO_Initv
                0x0800d3f8        0xc Src\main.o
 .ARM.extab.text._Z16StartDefaultTaskPKv
                0x0800d404        0xc Src\main.o
 .ARM.extab.text._Z20AskForDataTaskThreadPKv
                0x0800d410        0xc Src\main.o
 .ARM.extab.text._Z22PresentationTaskThreadPKv
                0x0800d41c        0xc Src\main.o
 .ARM.extab.text._Z23CommunicationTaskThreadPKv
                0x0800d428        0xc Src\main.o
 .ARM.extab.text._Z19updateReadoutValuesv
                0x0800d434        0xc Src\main.o
 .ARM.extab.text._Z25printConnectedDevicesTreev
                0x0800d440        0xc Src\main.o
 .ARM.extab.text.HAL_TIM_PeriodElapsedCallback
                0x0800d44c        0xc Src\main.o
 .ARM.extab     0x0800d458       0x18 c:/program files (x86)/atollic/truestudio for stm32 9.3.0/armtools/bin/../lib/gcc/arm-atollic-eabi/6.3.1/armv7e-m/fpu\libgcc.a(pr-support.o)

.ARM            0x0800d470      0x120
                0x0800d470                __exidx_start = .
 *(.ARM.exidx*)
 .ARM.exidx.text.main
                0x0800d528        0x8 Src\main.o
 .ARM.exidx.text._Z18SystemClock_Configv
                0x0800d530        0x8 Src\main.o
 .ARM.exidx.text._ZL19MX_USART3_UART_Initv
                0x0800d538        0x8 Src\main.o
 .ARM.exidx.text._ZL12MX_GPIO_Initv
                0x0800d540        0x8 Src\main.o
 .ARM.exidx.text._Z16StartDefaultTaskPKv
                0x0800d548        0x8 Src\main.o
 .ARM.exidx.text._Z20AskForDataTaskThreadPKv
                0x0800d550        0x8 Src\main.o
 .ARM.exidx.text._Z22PresentationTaskThreadPKv
                0x0800d558        0x8 Src\main.o
 .ARM.exidx.text._Z23CommunicationTaskThreadPKv
                0x0800d560        0x8 Src\main.o
 .ARM.exidx.text._Z16prepareNewConfightPh
                0x0800d568        0x8 Src\main.o
 .ARM.exidx.text._Z31checkIfTempSensorReadoutCorrectmh
                0x0800d570        0x0 Src\main.o
                                  0x8 (size before relaxing)
 .ARM.exidx.text._Z19updateReadoutValuesv
                0x0800d570        0x8 Src\main.o
 .ARM.exidx.text._Z25printConnectedDevicesTreev
                0x0800d578        0x8 Src\main.o
 .ARM.exidx.text.HAL_TIM_PeriodElapsedCallback
                0x0800d580        0x8 Src\main.o
 .ARM.exidx.text.Error_Handler
                0x0800d588        0x8 Src\main.o
 .ARM.exidx     0x0800d470        0x8 c:/program files (x86)/atollic/truestudio for stm32 9.3.0/armtools/bin/../lib/gcc/arm-atollic-eabi/6.3.1/armv7e-m/fpu\libgcc.a(_udivmoddi4.o)
 .ARM.exidx     0x0800d478       0x78 c:/program files (x86)/atollic/truestudio for stm32 9.3.0/armtools/bin/../lib/gcc/arm-atollic-eabi/6.3.1/armv7e-m/fpu\libgcc.a(unwind-arm.o)
                                 0xd8 (size before relaxing)
 .ARM.exidx     0x0800d4f0       0x38 c:/program files (x86)/atollic/truestudio for stm32 9.3.0/armtools/bin/../lib/gcc/arm-atollic-eabi/6.3.1/armv7e-m/fpu\libgcc.a(pr-support.o)
                                 0x48 (size before relaxing)
                0x0800d590                __exidx_end = .

.rel.dyn        0x0800d590        0x0
 .rel.iplt      0x0800d590        0x0 c:/program files (x86)/atollic/truestudio for stm32 9.3.0/armtools/bin/../lib/gcc/arm-atollic-eabi/6.3.1/armv7e-m/fpu/crtbegin.o

.preinit_array  0x0800d590        0x0
                0x0800d590                PROVIDE (__preinit_array_start, .)
 *(.preinit_array*)
                0x0800d590                PROVIDE (__preinit_array_end, .)

.init_array     0x0800d590        0x4
                0x0800d590                PROVIDE (__init_array_start, .)
 *(SORT(.init_array.*))
 *(.init_array*)
 .init_array    0x0800d590        0x4 c:/program files (x86)/atollic/truestudio for stm32 9.3.0/armtools/bin/../lib/gcc/arm-atollic-eabi/6.3.1/armv7e-m/fpu/crtbegin.o
                0x0800d594                PROVIDE (__init_array_end, .)

.fini_array     0x0800d594        0x4
                [!provide]                PROVIDE (__fini_array_start, .)
 *(SORT(.fini_array.*))
 *(.fini_array*)
 .fini_array    0x0800d594        0x4 c:/program files (x86)/atollic/truestudio for stm32 9.3.0/armtools/bin/../lib/gcc/arm-atollic-eabi/6.3.1/armv7e-m/fpu/crtbegin.o
                [!provide]                PROVIDE (__fini_array_end, .)
                0x0800d598                _sidata = LOADADDR (.data)

.data           0x20000000      0x690 load address 0x0800d598
                0x20000000                . = ALIGN (0x4)
                0x20000000                _sdata = .
 *(.data)
 *(.data*)
 .data.uwTickFreq
                0x20000000        0x4 Drivers\STM32L4xx_HAL_Driver\stm32l4xx_hal.o
                0x20000000                uwTickFreq
 .data.uwTickPrio
                0x20000004        0x4 Drivers\STM32L4xx_HAL_Driver\stm32l4xx_hal.o
                0x20000004                uwTickPrio
 .data.uxCriticalNesting
                0x20000008        0x4 Middlewares\FreeRTOS\port.o
 .data.user_button_init_state
                0x2000000c        0x1 Src\app_x-cube-ble1.o
 .data.set_connectable
                0x2000000d        0x1 Src\sample_service.o
                0x2000000d                set_connectable
 *fill*         0x2000000e        0x2 
 .data.COM_USART
                0x20000010        0x4 Src\stm32l4xx_nucleo.o
                0x20000010                COM_USART
 .data.hpb_exti
                0x20000014        0x8 Src\stm32l4xx_nucleo.o
                0x20000014                hpb_exti
 .data.SystemCoreClock
                0x2000001c        0x4 Src\system_stm32l4xx.o
                0x2000001c                SystemCoreClock
 .data._impure_ptr
                0x20000020        0x4 c:/program files (x86)/atollic/truestudio for stm32 9.3.0/armtools/bin/../lib/gcc/arm-atollic-eabi/6.3.1/../../../../arm-atollic-eabi/lib/armv7e-m/fpu\libc.a(lib_a-impure.o)
                0x20000020                _impure_ptr
 .data.impure_data
                0x20000024       0xf0 c:/program files (x86)/atollic/truestudio for stm32 9.3.0/armtools/bin/../lib/gcc/arm-atollic-eabi/6.3.1/../../../../arm-atollic-eabi/lib/armv7e-m/fpu\libc.a(lib_a-impure.o)
 .data.__malloc_av_
                0x20000114      0x408 c:/program files (x86)/atollic/truestudio for stm32 9.3.0/armtools/bin/../lib/gcc/arm-atollic-eabi/6.3.1/../../../../arm-atollic-eabi/lib/armv7e-m/fpu\libc.a(lib_a-mallocr.o)
                0x20000114                __malloc_av_
 .data.__malloc_sbrk_base
                0x2000051c        0x4 c:/program files (x86)/atollic/truestudio for stm32 9.3.0/armtools/bin/../lib/gcc/arm-atollic-eabi/6.3.1/../../../../arm-atollic-eabi/lib/armv7e-m/fpu\libc.a(lib_a-mallocr.o)
                0x2000051c                __malloc_sbrk_base
 .data.__malloc_trim_threshold
                0x20000520        0x4 c:/program files (x86)/atollic/truestudio for stm32 9.3.0/armtools/bin/../lib/gcc/arm-atollic-eabi/6.3.1/../../../../arm-atollic-eabi/lib/armv7e-m/fpu\libc.a(lib_a-mallocr.o)
                0x20000520                __malloc_trim_threshold
 .data.__global_locale
                0x20000524      0x16c c:/program files (x86)/atollic/truestudio for stm32 9.3.0/armtools/bin/../lib/gcc/arm-atollic-eabi/6.3.1/../../../../arm-atollic-eabi/lib/armv7e-m/fpu\libc.a(lib_a-locale.o)
                0x20000524                __global_locale
                0x20000690                . = ALIGN (0x4)
                0x20000690                _edata = .

.igot.plt       0x20000690        0x0 load address 0x0800dc28
 .igot.plt      0x20000690        0x0 c:/program files (x86)/atollic/truestudio for stm32 9.3.0/armtools/bin/../lib/gcc/arm-atollic-eabi/6.3.1/armv7e-m/fpu/crtbegin.o
                0x20000690                . = ALIGN (0x4)

.bss            0x20000690     0x3e60 load address 0x0800dc28
                0x20000690                _sbss = .
                0x20000690                __bss_start__ = _sbss
 *(.bss)
 .bss           0x20000690       0x1c c:/program files (x86)/atollic/truestudio for stm32 9.3.0/armtools/bin/../lib/gcc/arm-atollic-eabi/6.3.1/armv7e-m/fpu/crtbegin.o
 .bss           0x200006ac      0x7a5 Src\main.o
                0x200006ac                huart3
                0x2000072c                defaultTaskHandle
                0x20000730                askForDataTaskHandle
                0x20000734                presentationTaskHandle
                0x20000738                communicationTaskHandle
                0x2000073c                uartMutexHandle
                0x20000740                newDataMutexHandle
                0x20000744                msgQueueHandle
                0x20000748                counter
                0x2000074a                newData
                0x2000074b                sensorObjectCount
                0x2000074c                whichSensorWrites
                0x2000074d                whichLoopIteration
                0x2000074e                whichServerReceivesConfiguration
                0x20000750                dataBLE
                0x200007b4                sentConfigurationMsg
                0x200007c8                foundDevices
                0x20000d88                uartData
                0x20000e50                newConfig
 *(.bss*)
 *fill*         0x20000e51        0x3 
 .bss.hciContext
                0x20000e54       0x20 Middlewares\BlueNRG-MS\Wireless\HCI_TL\Basic\hci_tl.o
 .bss.hciReadPacketBuffer
                0x20000e74      0xaf0 Middlewares\BlueNRG-MS\Wireless\HCI_TL\Basic\hci_tl.o
 .bss.pxEnd     0x20001964        0x4 Middlewares\FreeRTOS\heap_4.o
 .bss.ucHeap    0x20001968     0x1770 Middlewares\FreeRTOS\heap_4.o
 .bss.xBlockAllocatedBit
                0x200030d8        0x4 Middlewares\FreeRTOS\heap_4.o
 .bss.xFreeBytesRemaining
                0x200030dc        0x4 Middlewares\FreeRTOS\heap_4.o
 .bss.xMinimumEverFreeBytesRemaining
                0x200030e0        0x4 Middlewares\FreeRTOS\heap_4.o
 .bss.xStart    0x200030e4        0x8 Middlewares\FreeRTOS\heap_4.o
 .bss.ucMaxSysCallPriority
                0x200030ec        0x1 Middlewares\FreeRTOS\port.o
 *fill*         0x200030ed        0x3 
 .bss.ulMaxPRIGROUPValue
                0x200030f0        0x4 Middlewares\FreeRTOS\port.o
 .bss.pxCurrentTCB
                0x200030f4        0x4 Middlewares\FreeRTOS\tasks.o
                0x200030f4                pxCurrentTCB
 .bss.pxDelayedTaskList
                0x200030f8        0x4 Middlewares\FreeRTOS\tasks.o
 .bss.pxOverflowDelayedTaskList
                0x200030fc        0x4 Middlewares\FreeRTOS\tasks.o
 .bss.pxReadyTasksLists
                0x20003100       0x8c Middlewares\FreeRTOS\tasks.o
 .bss.uxCurrentNumberOfTasks
                0x2000318c        0x4 Middlewares\FreeRTOS\tasks.o
 .bss.uxDeletedTasksWaitingCleanUp
                0x20003190        0x4 Middlewares\FreeRTOS\tasks.o
 .bss.uxPendedTicks
                0x20003194        0x4 Middlewares\FreeRTOS\tasks.o
 .bss.uxSchedulerSuspended
                0x20003198        0x4 Middlewares\FreeRTOS\tasks.o
 .bss.uxTaskNumber
                0x2000319c        0x4 Middlewares\FreeRTOS\tasks.o
 .bss.uxTopReadyPriority
                0x200031a0        0x4 Middlewares\FreeRTOS\tasks.o
 .bss.xDelayedTaskList1
                0x200031a4       0x14 Middlewares\FreeRTOS\tasks.o
 .bss.xDelayedTaskList2
                0x200031b8       0x14 Middlewares\FreeRTOS\tasks.o
 .bss.xNextTaskUnblockTime
                0x200031cc        0x4 Middlewares\FreeRTOS\tasks.o
 .bss.xNumOfOverflows
                0x200031d0        0x4 Middlewares\FreeRTOS\tasks.o
 .bss.xPendingReadyList
                0x200031d4       0x14 Middlewares\FreeRTOS\tasks.o
 .bss.xSchedulerRunning
                0x200031e8        0x4 Middlewares\FreeRTOS\tasks.o
 .bss.xSuspendedTaskList
                0x200031ec       0x14 Middlewares\FreeRTOS\tasks.o
 .bss.xTasksWaitingTermination