main.cpp:101:5:int main()	128	static
main.cpp:192:6:void SystemClock_Config()	232	static
main.cpp:247:13:void MX_USART3_UART_Init()	8	static
main.cpp:285:13:void MX_GPIO_Init()	48	static
main.cpp:337:6:void StartDefaultTask(const void*)	16	static
main.cpp:359:6:void AskForDataTaskThread(const void*)	24	static
main.cpp:393:6:void PresentationTaskThread(const void*)	24	static
main.cpp:411:6:void CommunicationTaskThread(const void*)	72	static
main.cpp:426:6:void delayMicroseconds(uint32_t)	40	static
main.cpp:440:6:void prepareNewConfig(uint8_t, uint8_t, uint16_t, uint8_t*)	24	static
main.cpp:464:6:bool checkIfTempSensorReadoutCorrect(uint32_t, uint8_t)	24	static
main.cpp:471:6:void updateReadoutValues()	64	static
main.cpp:508:6:void printConnectedDevicesTree()	144	static
cmath:438:5:constexpr typename __gnu_cxx::__promote_2<_Tp, _Up>::__type std::pow(_Tp, _Up) [with _Tp = int; _Up = int]	24	static
main.cpp:593:6:void HAL_UART_RxCpltCallback(UART_HandleTypeDef*)	72	static
main.cpp:648:6:void HAL_TIM_PeriodElapsedCallback(TIM_HandleTypeDef*)	16	static
main.cpp:665:6:void Error_Handler()	4	static
