main.cpp:102:5:int main()	128	static
main.cpp:193:6:void SystemClock_Config()	232	static
main.cpp:248:13:void MX_USART3_UART_Init()	8	static
main.cpp:286:13:void MX_GPIO_Init()	48	static
main.cpp:338:6:void StartDefaultTask(const void*)	16	static
main.cpp:360:6:void AskForDataTaskThread(const void*)	24	static
main.cpp:394:6:void PresentationTaskThread(const void*)	24	static
main.cpp:412:6:void CommunicationTaskThread(const void*)	72	static
main.cpp:427:6:void delayMicroseconds(uint32_t)	40	static
main.cpp:441:6:void prepareNewConfig(MessageType, uint8_t, uint8_t, uint16_t, uint8_t*)	32	static
main.cpp:466:6:bool checkIfTempSensorReadoutCorrect(uint32_t, uint8_t)	24	static
main.cpp:473:6:void updateReadoutValues()	64	static
main.cpp:510:6:void printConnectedDevicesTree()	144	static
cmath:438:5:constexpr typename __gnu_cxx::__promote_2<_Tp, _Up>::__type std::pow(_Tp, _Up) [with _Tp = int; _Up = int]	24	static
main.cpp:595:6:void HAL_UART_RxCpltCallback(UART_HandleTypeDef*)	80	static
main.cpp:657:6:void prepareForScanning()	4	static
main.cpp:684:6:void HAL_TIM_PeriodElapsedCallback(TIM_HandleTypeDef*)	16	static
main.cpp:701:6:void Error_Handler()	4	static
