sample_service.c:121:12:Add_Sample_Service	96	static
sample_service.c:162:6:Make_Connection	48	static
sample_service.c:188:6:Pair_Devices	8	static
sample_service.c:205:6:startReadTXCharHandle	40	static
sample_service.c:221:6:startReadRXCharHandle	40	static
sample_service.c:239:6:receiveData	16	static
sample_service.c:257:6:sendData	8	static
sample_service.c:272:6:enableNotification	40	static
sample_service.c:297:6:Attribute_Modified_CB	0	static
sample_service.c:313:6:GAP_ConnectionComplete_CB	32	static
sample_service.c:338:6:GAP_DisconnectionComplete_CB	0	static
sample_service.c:362:6:GATT_Notification_CB	40	static
sample_service.c:387:6:GAP_AdvertisingReport_CB	72	dynamic
sample_service.c:479:6:user_notify	8	static
