sample_service.c:123:12:Add_Sample_Service	96	static
sample_service.c:164:6:Make_Connection	48	static
sample_service.c:190:6:Pair_Devices	8	static
sample_service.c:207:6:startReadTXCharHandle	40	static
sample_service.c:223:6:startReadRXCharHandle	40	static
sample_service.c:241:6:receiveData	16	static
sample_service.c:259:6:sendData	8	static
sample_service.c:274:6:enableNotification	40	static
sample_service.c:299:6:Attribute_Modified_CB	0	static
sample_service.c:315:6:GAP_ConnectionComplete_CB	32	static
sample_service.c:340:6:GAP_DisconnectionComplete_CB	32	static
sample_service.c:368:6:GATT_Notification_CB	40	static
sample_service.c:393:6:GAP_AdvertisingReport_CB	72	dynamic
sample_service.c:485:6:user_notify	8	static
